Archive member included to satisfy reference by file (symbol)

c:/program files (x86)/cypress/psoc creator/4.4/psoc creator/import/gnu/arm/5.4.1/bin/../lib/gcc/arm-none-eabi/5.4.1/armv7e-m/softfp\libgcc.a(_arm_addsubdf3.o)
                              .\CortexM4\ARM_GCC_541\Debug\cy_sysclk.o (__aeabi_f2d)
c:/program files (x86)/cypress/psoc creator/4.4/psoc creator/import/gnu/arm/5.4.1/bin/../lib/gcc/arm-none-eabi/5.4.1/armv7e-m/softfp\libgcc.a(_arm_muldivdf3.o)
                              .\CortexM4\ARM_GCC_541\Debug\cy_sysclk.o (__aeabi_ddiv)
c:/program files (x86)/cypress/psoc creator/4.4/psoc creator/import/gnu/arm/5.4.1/bin/../lib/gcc/arm-none-eabi/5.4.1/armv7e-m/softfp\libgcc.a(_arm_fixunsdfsi.o)
                              .\CortexM4\ARM_GCC_541\Debug\cy_sysclk.o (__aeabi_d2uiz)
c:/program files (x86)/cypress/psoc creator/4.4/psoc creator/import/gnu/arm/5.4.1/bin/../lib/gcc/arm-none-eabi/5.4.1/armv7e-m/softfp\libgcc.a(_aeabi_uldivmod.o)
                              .\CortexM4\ARM_GCC_541\Debug\cy_sysclk.o (__aeabi_uldivmod)
c:/program files (x86)/cypress/psoc creator/4.4/psoc creator/import/gnu/arm/5.4.1/bin/../lib/gcc/arm-none-eabi/5.4.1/armv7e-m/softfp\libgcc.a(_udivmoddi4.o)
                              c:/program files (x86)/cypress/psoc creator/4.4/psoc creator/import/gnu/arm/5.4.1/bin/../lib/gcc/arm-none-eabi/5.4.1/armv7e-m/softfp\libgcc.a(_aeabi_uldivmod.o) (__udivmoddi4)
c:/program files (x86)/cypress/psoc creator/4.4/psoc creator/import/gnu/arm/5.4.1/bin/../lib/gcc/arm-none-eabi/5.4.1/armv7e-m/softfp\libgcc.a(_dvmd_tls.o)
                              c:/program files (x86)/cypress/psoc creator/4.4/psoc creator/import/gnu/arm/5.4.1/bin/../lib/gcc/arm-none-eabi/5.4.1/armv7e-m/softfp\libgcc.a(_aeabi_uldivmod.o) (__aeabi_ldiv0)
c:/program files (x86)/cypress/psoc creator/4.4/psoc creator/import/gnu/arm/5.4.1/bin/../lib/gcc/arm-none-eabi/5.4.1/../../../../arm-none-eabi/lib/armv7e-m/softfp\libg_nano.a(lib_a-exit.o)
                              c:/program files (x86)/cypress/psoc creator/4.4/psoc creator/import/gnu/arm/5.4.1/bin/../lib/gcc/arm-none-eabi/5.4.1/../../../../arm-none-eabi/lib/armv7e-m/softfp/crt0.o (exit)
c:/program files (x86)/cypress/psoc creator/4.4/psoc creator/import/gnu/arm/5.4.1/bin/../lib/gcc/arm-none-eabi/5.4.1/../../../../arm-none-eabi/lib/armv7e-m/softfp\libg_nano.a(lib_a-impure.o)
                              c:/program files (x86)/cypress/psoc creator/4.4/psoc creator/import/gnu/arm/5.4.1/bin/../lib/gcc/arm-none-eabi/5.4.1/../../../../arm-none-eabi/lib/armv7e-m/softfp\libg_nano.a(lib_a-exit.o) (_global_impure_ptr)
c:/program files (x86)/cypress/psoc creator/4.4/psoc creator/import/gnu/arm/5.4.1/bin/../lib/gcc/arm-none-eabi/5.4.1/../../../../arm-none-eabi/lib/armv7e-m/softfp\libg_nano.a(lib_a-init.o)
                              c:/program files (x86)/cypress/psoc creator/4.4/psoc creator/import/gnu/arm/5.4.1/bin/../lib/gcc/arm-none-eabi/5.4.1/../../../../arm-none-eabi/lib/armv7e-m/softfp/crt0.o (__libc_init_array)
c:/program files (x86)/cypress/psoc creator/4.4/psoc creator/import/gnu/arm/5.4.1/bin/../lib/gcc/arm-none-eabi/5.4.1/../../../../arm-none-eabi/lib/armv7e-m/softfp\libg_nano.a(lib_a-memcpy-stub.o)
                              .\CortexM4\ARM_GCC_541\Debug\i2cm_support.o (memcpy)
c:/program files (x86)/cypress/psoc creator/4.4/psoc creator/import/gnu/arm/5.4.1/bin/../lib/gcc/arm-none-eabi/5.4.1/../../../../arm-none-eabi/lib/armv7e-m/softfp\libg_nano.a(lib_a-memset.o)
                              c:/program files (x86)/cypress/psoc creator/4.4/psoc creator/import/gnu/arm/5.4.1/bin/../lib/gcc/arm-none-eabi/5.4.1/../../../../arm-none-eabi/lib/armv7e-m/softfp/crt0.o (memset)
c:/program files (x86)/cypress/psoc creator/4.4/psoc creator/import/gnu/arm/5.4.1/bin/../lib/gcc/arm-none-eabi/5.4.1/../../../../arm-none-eabi/lib/armv7e-m/softfp\libg_nano.a(lib_a-nano-vfprintf_float.o)
                              .\CortexM4\ARM_GCC_541\Debug\retarget.o (_printf_float)
c:/program files (x86)/cypress/psoc creator/4.4/psoc creator/import/gnu/arm/5.4.1/bin/../lib/gcc/arm-none-eabi/5.4.1/../../../../arm-none-eabi/lib/armv7e-m/softfp\libg_nano.a(lib_a-nano-vfprintf_i.o)
                              c:/program files (x86)/cypress/psoc creator/4.4/psoc creator/import/gnu/arm/5.4.1/bin/../lib/gcc/arm-none-eabi/5.4.1/../../../../arm-none-eabi/lib/armv7e-m/softfp\libg_nano.a(lib_a-nano-vfprintf_float.o) (_printf_common)
c:/program files (x86)/cypress/psoc creator/4.4/psoc creator/import/gnu/arm/5.4.1/bin/../lib/gcc/arm-none-eabi/5.4.1/../../../../arm-none-eabi/lib/armv7e-m/softfp\libg_nano.a(lib_a-nano-vfscanf_float.o)
                              .\CortexM4\ARM_GCC_541\Debug\retarget.o (_scanf_float)
c:/program files (x86)/cypress/psoc creator/4.4/psoc creator/import/gnu/arm/5.4.1/bin/../lib/gcc/arm-none-eabi/5.4.1/../../../../arm-none-eabi/lib/armv7e-m/softfp\libg_nano.a(lib_a-printf.o)
                              .\CortexM4\ARM_GCC_541\Debug\uart_debug.o (printf)
[...]
Memory Configuration

Name             Origin             Length             Attributes
ram              0x08024000         0x00023800         xrw
flash            0x10080000         0x00080000         xr
em_eeprom        0x14000000         0x00008000         xr
sflash_user_data 0x16000800         0x00000800         xr
sflash_nar       0x16001a00         0x00000200         xr
sflash_public_key 0x16005a00         0x00000c00         xr
sflash_toc_2     0x16007c00         0x00000200         xr
sflash_rtoc_2    0x16007e00         0x00000200         xr
xip              0x18000000         0x08000000         xr
efuse            0x90700000         0x00100000         r
*default*        0x00000000         0xffffffff

Linker script and memory map

LOAD c:/program files (x86)/cypress/psoc creator/4.4/psoc creator/import/gnu/arm/5.4.1/bin/../lib/gcc/arm-none-eabi/5.4.1/armv7e-m/softfp/crti.o
LOAD c:/program files (x86)/cypress/psoc creator/4.4/psoc creator/import/gnu/arm/5.4.1/bin/../lib/gcc/arm-none-eabi/5.4.1/armv7e-m/softfp/crtbegin.o
LOAD c:/program files (x86)/cypress/psoc creator/4.4/psoc creator/import/gnu/arm/5.4.1/bin/../lib/gcc/arm-none-eabi/5.4.1/../../../../arm-none-eabi/lib/armv7e-m/softfp/crt0.o
START GROUP
LOAD .\CortexM4\ARM_GCC_541\Debug\motion_task.o
LOAD .\CortexM4\ARM_GCC_541\Debug\uart_debug.o
LOAD .\CortexM4\ARM_GCC_541\Debug\startup_psoc6_01_cm4.o
LOAD .\CortexM4\ARM_GCC_541\Debug\main_cm4.o
LOAD .\CortexM4\ARM_GCC_541\Debug\system_psoc6_cm4.o
LOAD .\CortexM4\ARM_GCC_541\Debug\bmi160.o
LOAD .\CortexM4\ARM_GCC_541\Debug\i2cm_support.o
LOAD .\CortexM4\ARM_GCC_541\Debug\stdio_user.o
LOAD .\CortexM4\ARM_GCC_541\Debug\cyfitter_sysint_cfg.o
LOAD .\CortexM4\ARM_GCC_541\Debug\cymetadata.o
LOAD .\CortexM4\ARM_GCC_541\Debug\DEBUG_UART.o
LOAD .\CortexM4\ARM_GCC_541\Debug\I2Cm.o
LOAD .\CortexM4\ARM_GCC_541\Debug\cy_efuse.o
LOAD .\CortexM4\ARM_GCC_541\Debug\cy_flash.o
LOAD .\CortexM4\ARM_GCC_541\Debug\cy_gpio.o
LOAD .\CortexM4\ARM_GCC_541\Debug\cy_ipc_drv.o
LOAD .\CortexM4\ARM_GCC_541\Debug\cy_ipc_sema.o
LOAD .\CortexM4\ARM_GCC_541\Debug\cy_ipc_pipe.o
LOAD .\CortexM4\ARM_GCC_541\Debug\cy_lvd.o
LOAD .\CortexM4\ARM_GCC_541\Debug\cy_profile.o
LOAD .\CortexM4\ARM_GCC_541\Debug\cy_prot.o
LOAD .\CortexM4\ARM_GCC_541\Debug\cy_scb_common.o
LOAD .\CortexM4\ARM_GCC_541\Debug\cy_scb_i2c.o
LOAD .\CortexM4\ARM_GCC_541\Debug\cy_scb_ezi2c.o
LOAD .\CortexM4\ARM_GCC_541\Debug\cy_scb_spi.o
LOAD .\CortexM4\ARM_GCC_541\Debug\cy_scb_uart.o
LOAD .\CortexM4\ARM_GCC_541\Debug\cy_sysanalog.o
LOAD .\CortexM4\ARM_GCC_541\Debug\cy_sysclk.o
LOAD .\CortexM4\ARM_GCC_541\Debug\cy_sysint.o
LOAD .\CortexM4\ARM_GCC_541\Debug\cy_syslib.o
LOAD .\CortexM4\ARM_GCC_541\Debug\cy_syslib_gcc.o
LOAD .\CortexM4\ARM_GCC_541\Debug\cy_syspm.o
LOAD .\CortexM4\ARM_GCC_541\Debug\cy_systick.o
LOAD .\CortexM4\ARM_GCC_541\Debug\cy_trigmux.o
LOAD .\CortexM4\ARM_GCC_541\Debug\cy_wdt.o
LOAD .\CortexM4\ARM_GCC_541\Debug\cy_device.o
LOAD .\CortexM4\ARM_GCC_541\Debug\cy_ble_clk.o
LOAD .\CortexM4\ARM_GCC_541\Debug\croutine.o
LOAD .\CortexM4\ARM_GCC_541\Debug\event_groups.o
LOAD .\CortexM4\ARM_GCC_541\Debug\list.o
LOAD .\CortexM4\ARM_GCC_541\Debug\queue.o
LOAD .\CortexM4\ARM_GCC_541\Debug\tasks.o
LOAD .\CortexM4\ARM_GCC_541\Debug\timers.o
LOAD .\CortexM4\ARM_GCC_541\Debug\stream_buffer.o
LOAD .\CortexM4\ARM_GCC_541\Debug\port.o
LOAD .\CortexM4\ARM_GCC_541\Debug\heap_1.o
LOAD .\CortexM4\ARM_GCC_541\Debug\retarget.o
END GROUP
START GROUP
LOAD c:/program files (x86)/cypress/psoc creator/4.4/psoc creator/import/gnu/arm/5.4.1/bin/../lib/gcc/arm-none-eabi/5.4.1/armv7e-m/softfp\libgcc.a
LOAD c:/program files (x86)/cypress/psoc creator/4.4/psoc creator/import/gnu/arm/5.4.1/bin/../lib/gcc/arm-none-eabi/5.4.1/../../../../arm-none-eabi/lib/armv7e-m/softfp\libg_nano.a
LOAD c:/program files (x86)/cypress/psoc creator/4.4/psoc creator/import/gnu/arm/5.4.1/bin/../lib/gcc/arm-none-eabi/5.4.1/../../../../arm-none-eabi/lib/armv7e-m/softfp\libc_nano.a
END GROUP
START GROUP
LOAD c:/program files (x86)/cypress/psoc creator/4.4/psoc creator/import/gnu/arm/5.4.1/bin/../lib/gcc/arm-none-eabi/5.4.1/armv7e-m/softfp\libgcc.a
LOAD c:/program files (x86)/cypress/psoc creator/4.4/psoc creator/import/gnu/arm/5.4.1/bin/../lib/gcc/arm-none-eabi/5.4.1/../../../../arm-none-eabi/lib/armv7e-m/softfp\libc_nano.a
END GROUP
LOAD c:/program files (x86)/cypress/psoc creator/4.4/psoc creator/import/gnu/arm/5.4.1/bin/../lib/gcc/arm-none-eabi/5.4.1/armv7e-m/softfp/crtend.o
LOAD c:/program files (x86)/cypress/psoc creator/4.4/psoc creator/import/gnu/arm/5.4.1/bin/../lib/gcc/arm-none-eabi/5.4.1/armv7e-m/softfp/crtn.o
START GROUP
LOAD c:/program files (x86)/cypress/psoc creator/4.4/psoc creator/import/gnu/arm/5.4.1/bin/../lib/gcc/arm-none-eabi/5.4.1/armv7e-m/softfp\libgcc.a
LOAD c:/program files (x86)/cypress/psoc creator/4.4/psoc creator/import/gnu/arm/5.4.1/bin/../lib/gcc/arm-none-eabi/5.4.1/../../../../arm-none-eabi/lib/armv7e-m/softfp\libc.a
LOAD c:/program files (x86)/cypress/psoc creator/4.4/psoc creator/import/gnu/arm/5.4.1/bin/../lib/gcc/arm-none-eabi/5.4.1/../../../../arm-none-eabi/lib/armv7e-m/softfp\libnosys.a
END GROUP
START GROUP
LOAD c:/program files (x86)/cypress/psoc creator/4.4/psoc creator/import/gnu/arm/5.4.1/bin/../lib/gcc/arm-none-eabi/5.4.1/armv7e-m/softfp\libgcc.a
LOAD c:/program files (x86)/cypress/psoc creator/4.4/psoc creator/import/gnu/arm/5.4.1/bin/../lib/gcc/arm-none-eabi/5.4.1/../../../../arm-none-eabi/lib/armv7e-m/softfp\libc.a
LOAD c:/program files (x86)/cypress/psoc creator/4.4/psoc creator/import/gnu/arm/5.4.1/bin/../lib/gcc/arm-none-eabi/5.4.1/../../../../arm-none-eabi/lib/armv7e-m/softfp\libm.a
LOAD c:/program files (x86)/cypress/psoc creator/4.4/psoc creator/import/gnu/arm/5.4.1/bin/../lib/gcc/arm-none-eabi/5.4.1/../../../../arm-none-eabi/lib/armv7e-m/softfp\libnosys.a
END GROUP

.text           0x10080000     0x98d8
                0x10080000                . = ALIGN (0x4)
                0x10080000                __Vectors = .
 *(.vectors)
 .vectors       0x10080000      0x28c .\CortexM4\ARM_GCC_541\Debug\startup_psoc6_01_cm4.o
                0x1008028c                . = ALIGN (0x4)
                0x1008028c                __Vectors_End = .
                0x0000028c                __Vectors_Size = (__Vectors_End - __Vectors)
                0x1008028c                __end__ = .
                0x1008028c                . = ALIGN (0x4)
 *(.text*)
 .text          0x1008028c       0x5c c:/program files (x86)/cypress/psoc creator/4.4/psoc creator/import/gnu/arm/5.4.1/bin/../lib/gcc/arm-none-eabi/5.4.1/armv7e-m/softfp/crtbegin.o
 .text.MotionSensor_Init
                0x100802e8       0x6c .\CortexM4\ARM_GCC_541\Debug\motion_task.o
 .text.MotionSensor_ConfigAnyMotionIntr
                0x10080354       0x90 .\CortexM4\ARM_GCC_541\Debug\motion_task.o
 .text.AnyMotion_Interrupt
                0x100803e4       0x6c .\CortexM4\ARM_GCC_541\Debug\motion_task.o
 .text.Task_Motion
                0x10080450       0x84 .\CortexM4\ARM_GCC_541\Debug\motion_task.o
                0x10080450                Task_Motion
 .text.Task_Debug
                0x100804d4       0x3c .\CortexM4\ARM_GCC_541\Debug\uart_debug.o
                0x100804d4                Task_Debug
 .text          0x10080510       0x84 .\CortexM4\ARM_GCC_541\Debug\startup_psoc6_01_cm4.o
                0x10080510                Cy_OnResetUser
                0x10080512                Reset_Handler
                0x10080574                cpuss_interrupts_ipc_6_IRQHandler
                0x10080574                DebugMon_Handler
                0x10080574                tcpwm_1_interrupts_11_IRQHandler
                0x10080574                cpuss_interrupts_ipc_0_IRQHandler
                0x10080574                tcpwm_1_interrupts_15_IRQHandler
                0x10080574                ioss_interrupts_gpio_13_IRQHandler
                0x10080574                tcpwm_1_interrupts_13_IRQHandler
                0x10080574                cpuss_interrupts_dw1_8_IRQHandler
                0x10080574                tcpwm_0_interrupts_0_IRQHandler
                0x10080574                cpuss_interrupt_fm_IRQHandler
                0x10080574                cpuss_interrupts_ipc_7_IRQHandler
                0x10080574                tcpwm_1_interrupts_14_IRQHandler
                0x10080574                cpuss_interrupts_dw0_5_IRQHandler
                0x10080574                tcpwm_1_interrupts_9_IRQHandler
                0x10080574                cpuss_interrupts_cm0_cti_1_IRQHandler
                0x10080574                tcpwm_1_interrupts_22_IRQHandler
                0x10080574                cpuss_interrupts_dw0_4_IRQHandler
                0x10080574                NMI_Handler
                0x10080574                cpuss_interrupts_dw1_12_IRQHandler
                0x10080574                tcpwm_1_interrupts_12_IRQHandler
                0x10080574                smif_interrupt_IRQHandler
                0x10080574                tcpwm_1_interrupts_2_IRQHandler
                0x10080574                cpuss_interrupts_ipc_13_IRQHandler
                0x10080574                udb_interrupts_11_IRQHandler
                0x10080574                tcpwm_1_interrupts_18_IRQHandler
                0x10080574                cpuss_interrupts_dw0_11_IRQHandler
                0x10080574                tcpwm_0_interrupts_2_IRQHandler
                0x10080574                cpuss_interrupts_dw0_13_IRQHandler
                0x10080574                udb_interrupts_2_IRQHandler
                0x10080574                cpuss_interrupts_dw1_7_IRQHandler
                0x10080574                ioss_interrupts_gpio_1_IRQHandler
                0x10080574                ioss_interrupts_gpio_7_IRQHandler
                0x10080574                scb_5_interrupt_IRQHandler
                0x10080574                udb_interrupts_6_IRQHandler
                0x10080574                cpuss_interrupts_fault_1_IRQHandler
                0x10080574                cpuss_interrupts_ipc_4_IRQHandler
                0x10080574                cpuss_interrupts_ipc_5_IRQHandler
                0x10080574                cpuss_interrupts_dw1_10_IRQHandler
                0x10080574                udb_interrupts_0_IRQHandler
                0x10080574                tcpwm_1_interrupts_6_IRQHandler
                0x10080574                scb_4_interrupt_IRQHandler
                0x10080574                pass_interrupt_dacs_IRQHandler
                0x10080574                ioss_interrupts_gpio_2_IRQHandler
                0x10080574                cpuss_interrupts_dw1_9_IRQHandler
                0x10080574                cpuss_interrupts_dw1_13_IRQHandler
                0x10080574                scb_2_interrupt_IRQHandler
                0x10080574                cpuss_interrupts_cm0_cti_0_IRQHandler
                0x10080574                udb_interrupts_5_IRQHandler
                0x10080574                srss_interrupt_IRQHandler
                0x10080574                udb_interrupts_12_IRQHandler
                0x10080574                scb_0_interrupt_IRQHandler
                0x10080574                csd_interrupt_IRQHandler
                0x10080574                udb_interrupts_1_IRQHandler
                0x10080574                profile_interrupt_IRQHandler
                0x10080574                tcpwm_1_interrupts_1_IRQHandler
                0x10080574                cpuss_interrupts_ipc_12_IRQHandler
                0x10080574                tcpwm_1_interrupts_3_IRQHandler
                0x10080574                tcpwm_0_interrupts_7_IRQHandler
                0x10080574                cpuss_interrupts_dw1_1_IRQHandler
                0x10080574                cpuss_interrupts_dw1_0_IRQHandler
                0x10080574                cpuss_interrupts_dw0_9_IRQHandler
                0x10080574                lpcomp_interrupt_IRQHandler
                0x10080574                tcpwm_1_interrupts_23_IRQHandler
                0x10080574                udb_interrupts_4_IRQHandler
                0x10080574                tcpwm_1_interrupts_20_IRQHandler
                0x10080574                ioss_interrupt_gpio_IRQHandler
                0x10080574                tcpwm_0_interrupts_1_IRQHandler
                0x10080574                ioss_interrupts_gpio_8_IRQHandler
                0x10080574                tcpwm_0_interrupts_6_IRQHandler
                0x10080574                scb_7_interrupt_IRQHandler
                0x10080574                tcpwm_1_interrupts_7_IRQHandler
                0x10080574                cpuss_interrupts_ipc_11_IRQHandler
                0x10080574                udb_interrupts_13_IRQHandler
                0x10080574                cpuss_interrupts_dw0_15_IRQHandler
                0x10080574                udb_interrupts_7_IRQHandler
                0x10080574                cpuss_interrupts_dw1_6_IRQHandler
                0x10080574                cpuss_interrupt_crypto_IRQHandler
                0x10080574                scb_1_interrupt_IRQHandler
                0x10080574                Default_Handler
                0x10080574                usb_interrupt_hi_IRQHandler
                0x10080574                tcpwm_1_interrupts_0_IRQHandler
                0x10080574                udb_interrupts_9_IRQHandler
                0x10080574                audioss_interrupt_pdm_IRQHandler
                0x10080574                srss_interrupt_mcwdt_0_IRQHandler
                0x10080574                scb_3_interrupt_IRQHandler
                0x10080574                pass_interrupt_ctbs_IRQHandler
                0x10080574                udb_interrupts_8_IRQHandler
                0x10080574                ioss_interrupts_gpio_3_IRQHandler
                0x10080574                scb_6_interrupt_IRQHandler
                0x10080574                cpuss_interrupts_cm4_cti_0_IRQHandler
                0x10080574                cpuss_interrupts_dw1_3_IRQHandler
                0x10080574                pass_interrupt_sar_IRQHandler
                0x10080574                ioss_interrupts_gpio_0_IRQHandler
                0x10080574                ioss_interrupts_gpio_14_IRQHandler
                0x10080574                tcpwm_0_interrupts_4_IRQHandler
                0x10080574                udb_interrupts_3_IRQHandler
                0x10080574                tcpwm_0_interrupts_5_IRQHandler
                0x10080574                cpuss_interrupts_ipc_15_IRQHandler
                0x10080574                cpuss_interrupts_cm4_cti_1_IRQHandler
                0x10080574                scb_8_interrupt_IRQHandler
                0x10080574                srss_interrupt_mcwdt_1_IRQHandler
                0x10080574                cpuss_interrupts_dw1_2_IRQHandler
                0x10080574                cpuss_interrupts_dw1_5_IRQHandler
                0x10080574                cpuss_interrupts_ipc_1_IRQHandler
                0x10080574                cpuss_interrupts_dw0_0_IRQHandler
                0x10080574                ioss_interrupts_gpio_12_IRQHandler
                0x10080574                cpuss_interrupts_ipc_3_IRQHandler
                0x10080574                tcpwm_1_interrupts_17_IRQHandler
                0x10080574                srss_interrupt_backup_IRQHandler
                0x10080574                bless_interrupt_IRQHandler
                0x10080574                cpuss_interrupts_ipc_10_IRQHandler
                0x10080574                cpuss_interrupts_ipc_9_IRQHandler
                0x10080574                cpuss_interrupts_dw0_14_IRQHandler
                0x10080574                tcpwm_1_interrupts_4_IRQHandler
                0x10080574                tcpwm_0_interrupts_3_IRQHandler
                0x10080574                cpuss_interrupts_dw1_15_IRQHandler
                0x10080574                ioss_interrupts_gpio_10_IRQHandler
                0x10080574                udb_interrupts_10_IRQHandler
                0x10080574                cpuss_interrupts_dw0_8_IRQHandler
                0x10080574                ioss_interrupts_gpio_11_IRQHandler
                0x10080574                cpuss_interrupts_ipc_14_IRQHandler
                0x10080574                ioss_interrupts_gpio_5_IRQHandler
                0x10080574                ioss_interrupts_gpio_4_IRQHandler
                0x10080574                tcpwm_1_interrupts_8_IRQHandler
                0x10080574                cpuss_interrupts_dw1_14_IRQHandler
                0x10080574                usb_interrupt_med_IRQHandler
                0x10080574                cpuss_interrupts_dw0_2_IRQHandler
                0x10080574                tcpwm_1_interrupts_10_IRQHandler
                0x10080574                cpuss_interrupts_fault_0_IRQHandler
                0x10080574                cpuss_interrupts_dw0_12_IRQHandler
                0x10080574                ioss_interrupts_gpio_6_IRQHandler
                0x10080574                tcpwm_1_interrupts_21_IRQHandler
                0x10080574                tcpwm_1_interrupts_16_IRQHandler
                0x10080574                cpuss_interrupts_dw1_4_IRQHandler
                0x10080574                udb_interrupts_15_IRQHandler
                0x10080574                cpuss_interrupts_dw1_11_IRQHandler
                0x10080574                cpuss_interrupts_dw0_6_IRQHandler
                0x10080574                ioss_interrupt_vdd_IRQHandler
                0x10080574                cpuss_interrupts_dw0_7_IRQHandler
                0x10080574                audioss_interrupt_i2s_IRQHandler
                0x10080574                tcpwm_1_interrupts_5_IRQHandler
                0x10080574                cpuss_interrupts_ipc_2_IRQHandler
                0x10080574                cpuss_interrupts_dw0_10_IRQHandler
                0x10080574                tcpwm_1_interrupts_19_IRQHandler
                0x10080574                cpuss_interrupts_dw0_1_IRQHandler
                0x10080574                ioss_interrupts_gpio_9_IRQHandler
                0x10080574                usb_interrupt_lo_IRQHandler
                0x10080574                cpuss_interrupts_ipc_8_IRQHandler
                0x10080574                udb_interrupts_14_IRQHandler
                0x10080574                cpuss_interrupts_dw0_3_IRQHandler
                0x10080578                UsageFault_Handler
                0x10080578                HardFault_Handler
                0x10080578                MemManage_Handler
                0x10080578                BusFault_Handler
 .text.main     0x10080594       0x84 .\CortexM4\ARM_GCC_541\Debug\main_cm4.o
                0x10080594                main
 .text.vApplicationIdleHook
                0x10080618        0xc .\CortexM4\ARM_GCC_541\Debug\main_cm4.o
                0x10080618                vApplicationIdleHook
 .text.vApplicationStackOverflowHook
                0x10080624       0x1c .\CortexM4\ARM_GCC_541\Debug\main_cm4.o
                0x10080624                vApplicationStackOverflowHook
 .text.vApplicationMallocFailedHook
                0x10080640       0x1c .\CortexM4\ARM_GCC_541\Debug\main_cm4.o
                0x10080640                vApplicationMallocFailedHook
 .text.Cy_SysIpcPipeIsrCm4
                0x1008065c        0xc .\CortexM4\ARM_GCC_541\Debug\system_psoc6_cm4.o
                0x1008065c                Cy_SysIpcPipeIsrCm4
 .text.Cy_SystemInit
                0x10080668        0x4 .\CortexM4\ARM_GCC_541\Debug\system_psoc6_cm4.o
                0x10080668                Cy_SystemInit
 .text.SystemCoreClockUpdate
                0x1008066c      0x190 .\CortexM4\ARM_GCC_541\Debug\system_psoc6_cm4.o
                0x1008066c                SystemCoreClockUpdate
 .text.SystemInit
                0x100807fc       0x48 .\CortexM4\ARM_GCC_541\Debug\system_psoc6_cm4.o
                0x100807fc                SystemInit
 .text.Cy_SystemInitFpuEnable
                0x10080844       0x28 .\CortexM4\ARM_GCC_541\Debug\system_psoc6_cm4.o
                0x10080844                Cy_SystemInitFpuEnable
 .text.null_ptr_check
                0x1008086c       0x2c .\CortexM4\ARM_GCC_541\Debug\bmi160.o
 .text.default_param_settg
                0x10080898       0x28 .\CortexM4\ARM_GCC_541\Debug\bmi160.o
 .text.process_accel_odr
                0x100808c0       0x28 .\CortexM4\ARM_GCC_541\Debug\bmi160.o
 .text.process_accel_bw
                0x100808e8       0x24 .\CortexM4\ARM_GCC_541\Debug\bmi160.o
 .text.process_accel_range
                0x1008090c       0x28 .\CortexM4\ARM_GCC_541\Debug\bmi160.o
 .text.process_gyro_odr
                0x10080934       0x28 .\CortexM4\ARM_GCC_541\Debug\bmi160.o
 .text.process_gyro_bw
                0x1008095c       0x20 .\CortexM4\ARM_GCC_541\Debug\bmi160.o
 .text.process_gyro_range
                0x1008097c       0x28 .\CortexM4\ARM_GCC_541\Debug\bmi160.o
 .text.bmi160_get_regs
                0x100809a4       0x40 .\CortexM4\ARM_GCC_541\Debug\bmi160.o
                0x100809a4                bmi160_get_regs
 .text.check_accel_config
                0x100809e4       0x3c .\CortexM4\ARM_GCC_541\Debug\bmi160.o
 .text.check_gyro_config
                0x10080a20       0x3c .\CortexM4\ARM_GCC_541\Debug\bmi160.o
 .text.check_invalid_settg
                0x10080a5c       0x4c .\CortexM4\ARM_GCC_541\Debug\bmi160.o
 .text.bmi160_set_regs
                0x10080aa8       0x84 .\CortexM4\ARM_GCC_541\Debug\bmi160.o
                0x10080aa8                bmi160_set_regs
 .text.set_accel_conf
                0x10080b2c       0x54 .\CortexM4\ARM_GCC_541\Debug\bmi160.o
 .text.set_gyro_conf
                0x10080b80       0x54 .\CortexM4\ARM_GCC_541\Debug\bmi160.o
 .text.process_under_sampling
                0x10080bd4       0x70 .\CortexM4\ARM_GCC_541\Debug\bmi160.o
 .text.set_accel_pwr
                0x10080c44       0x5c .\CortexM4\ARM_GCC_541\Debug\bmi160.o
 .text.set_gyro_pwr
                0x10080ca0       0x5c .\CortexM4\ARM_GCC_541\Debug\bmi160.o
 .text.enable_accel_any_motion_int
                0x10080cfc       0x80 .\CortexM4\ARM_GCC_541\Debug\bmi160.o
 .text.config_int_out_ctrl
                0x10080d7c       0xb0 .\CortexM4\ARM_GCC_541\Debug\bmi160.o
 .text.config_int_latch
                0x10080e2c       0x7c .\CortexM4\ARM_GCC_541\Debug\bmi160.o
 .text.set_intr_pin_config
                0x10080ea8       0x1c .\CortexM4\ARM_GCC_541\Debug\bmi160.o
 .text.disable_sig_motion_int
                0x10080ec4       0x44 .\CortexM4\ARM_GCC_541\Debug\bmi160.o
 .text.map_feature_interrupt
                0x10080f08       0x98 .\CortexM4\ARM_GCC_541\Debug\bmi160.o
 .text.config_any_motion_src
                0x10080fa0       0x48 .\CortexM4\ARM_GCC_541\Debug\bmi160.o
 .text.config_any_dur_threshold
                0x10080fe8       0x50 .\CortexM4\ARM_GCC_541\Debug\bmi160.o
 .text.config_any_motion_int_settg
                0x10081038       0x44 .\CortexM4\ARM_GCC_541\Debug\bmi160.o
 .text.set_accel_any_motion_int
                0x1008107c       0x3c .\CortexM4\ARM_GCC_541\Debug\bmi160.o
 .text.enable_sig_motion_int
                0x100810b8       0x64 .\CortexM4\ARM_GCC_541\Debug\bmi160.o
 .text.config_sig_motion_data_src
                0x1008111c       0x48 .\CortexM4\ARM_GCC_541\Debug\bmi160.o
 .text.config_sig_dur_threshold
                0x10081164       0x74 .\CortexM4\ARM_GCC_541\Debug\bmi160.o
 .text.config_sig_motion_int_settg
                0x100811d8       0x38 .\CortexM4\ARM_GCC_541\Debug\bmi160.o
 .text.set_accel_sig_motion_int
                0x10081210       0x3c .\CortexM4\ARM_GCC_541\Debug\bmi160.o
 .text.enable_no_motion_int
                0x1008124c       0x7c .\CortexM4\ARM_GCC_541\Debug\bmi160.o
 .text.config_no_motion_data_src
                0x100812c8       0x48 .\CortexM4\ARM_GCC_541\Debug\bmi160.o
 .text.config_no_motion_dur_thr
                0x10081310       0x90 .\CortexM4\ARM_GCC_541\Debug\bmi160.o
 .text.config_no_motion_int_settg
                0x100813a0       0x38 .\CortexM4\ARM_GCC_541\Debug\bmi160.o
 .text.set_accel_no_motion_int
                0x100813d8       0x3c .\CortexM4\ARM_GCC_541\Debug\bmi160.o
 .text.enable_tap_int
                0x10081414       0x6c .\CortexM4\ARM_GCC_541\Debug\bmi160.o
 .text.config_tap_data_src
                0x10081480       0x48 .\CortexM4\ARM_GCC_541\Debug\bmi160.o
 .text.config_tap_param
                0x100814c8       0x7c .\CortexM4\ARM_GCC_541\Debug\bmi160.o
 .text.config_tap_int_settg
                0x10081544       0x3c .\CortexM4\ARM_GCC_541\Debug\bmi160.o
 .text.set_accel_tap_int
                0x10081580       0x48 .\CortexM4\ARM_GCC_541\Debug\bmi160.o
 .text.enable_step_detect_int
                0x100815c8       0x48 .\CortexM4\ARM_GCC_541\Debug\bmi160.o
 .text.config_step_detect
                0x10081610       0x98 .\CortexM4\ARM_GCC_541\Debug\bmi160.o
 .text.set_accel_step_detect_int
                0x100816a8       0x50 .\CortexM4\ARM_GCC_541\Debug\bmi160.o
 .text.enable_orient_int
                0x100816f8       0x48 .\CortexM4\ARM_GCC_541\Debug\bmi160.o
 .text.config_orient_int_settg
                0x10081740       0x88 .\CortexM4\ARM_GCC_541\Debug\bmi160.o
 .text.set_accel_orientation_int
                0x100817c8       0x50 .\CortexM4\ARM_GCC_541\Debug\bmi160.o
 .text.enable_flat_int
                0x10081818       0x48 .\CortexM4\ARM_GCC_541\Debug\bmi160.o
 .text.config_flat_int_settg
                0x10081860       0x6c .\CortexM4\ARM_GCC_541\Debug\bmi160.o
 .text.set_accel_flat_detect_int
                0x100818cc       0x50 .\CortexM4\ARM_GCC_541\Debug\bmi160.o
 .text.enable_low_g_int
                0x1008191c       0x48 .\CortexM4\ARM_GCC_541\Debug\bmi160.o
 .text.config_low_g_data_src
                0x10081964       0x48 .\CortexM4\ARM_GCC_541\Debug\bmi160.o
 .text.config_low_g_int_settg
                0x100819ac       0x68 .\CortexM4\ARM_GCC_541\Debug\bmi160.o
 .text.set_accel_low_g_int
                0x10081a14       0x5c .\CortexM4\ARM_GCC_541\Debug\bmi160.o
 .text.enable_high_g_int
                0x10081a70       0x60 .\CortexM4\ARM_GCC_541\Debug\bmi160.o
 .text.config_high_g_data_src
                0x10081ad0       0x48 .\CortexM4\ARM_GCC_541\Debug\bmi160.o
 .text.config_high_g_int_settg
                0x10081b18       0x5c .\CortexM4\ARM_GCC_541\Debug\bmi160.o
 .text.set_accel_high_g_int
                0x10081b74       0x5c .\CortexM4\ARM_GCC_541\Debug\bmi160.o
 .text.enable_data_ready_int
                0x10081bd0       0x40 .\CortexM4\ARM_GCC_541\Debug\bmi160.o
 .text.map_hardware_interrupt
                0x10081c10       0x88 .\CortexM4\ARM_GCC_541\Debug\bmi160.o
 .text.set_accel_gyro_data_ready_int
                0x10081c98       0x40 .\CortexM4\ARM_GCC_541\Debug\bmi160.o
 .text.enable_fifo_full_int
                0x10081cd8       0x48 .\CortexM4\ARM_GCC_541\Debug\bmi160.o
 .text.set_fifo_full_int
                0x10081d20       0x3c .\CortexM4\ARM_GCC_541\Debug\bmi160.o
 .text.enable_fifo_wtm_int
                0x10081d5c       0x48 .\CortexM4\ARM_GCC_541\Debug\bmi160.o
 .text.set_fifo_watermark_int
                0x10081da4       0x3c .\CortexM4\ARM_GCC_541\Debug\bmi160.o
 .text.bmi160_soft_reset
                0x10081de0       0x5c .\CortexM4\ARM_GCC_541\Debug\bmi160.o
                0x10081de0                bmi160_soft_reset
 .text.bmi160_init
                0x10081e3c       0x5c .\CortexM4\ARM_GCC_541\Debug\bmi160.o
                0x10081e3c                bmi160_init
 .text.bmi160_set_power_mode
                0x10081e98       0x30 .\CortexM4\ARM_GCC_541\Debug\bmi160.o
                0x10081e98                bmi160_set_power_mode
 .text.bmi160_set_sens_conf
                0x10081ec8       0x44 .\CortexM4\ARM_GCC_541\Debug\bmi160.o
                0x10081ec8                bmi160_set_sens_conf
 .text.bmi160_set_int_config
                0x10081f0c       0x68 .\CortexM4\ARM_GCC_541\Debug\bmi160.o
                0x10081f0c                bmi160_set_int_config
 .text.I2C_WriteBytes
                0x10081f74       0x58 .\CortexM4\ARM_GCC_541\Debug\i2cm_support.o
                0x10081f74                I2C_WriteBytes
 .text.I2C_ReadBytes
                0x10081fcc       0x7c .\CortexM4\ARM_GCC_541\Debug\i2cm_support.o
                0x10081fcc                I2C_ReadBytes
 .text.I2C_Callback
                0x10082048       0x54 .\CortexM4\ARM_GCC_541\Debug\i2cm_support.o
                0x10082048                I2C_Callback
 .text.STDIO_PutChar
                0x1008209c       0x18 .\CortexM4\ARM_GCC_541\Debug\stdio_user.o
                0x1008209c                STDIO_PutChar
 .text.STDIO_GetChar
                0x100820b4       0x1c .\CortexM4\ARM_GCC_541\Debug\stdio_user.o
                0x100820b4                STDIO_GetChar
 .text.DEBUG_UART_Interrupt
                0x100820d0       0x14 .\CortexM4\ARM_GCC_541\Debug\DEBUG_UART.o
 .text.DEBUG_UART_Start
                0x100820e4       0x64 .\CortexM4\ARM_GCC_541\Debug\DEBUG_UART.o
                0x100820e4                DEBUG_UART_Start
 .text.I2Cm_Interrupt
                0x10082148       0x14 .\CortexM4\ARM_GCC_541\Debug\I2Cm.o
 .text.I2Cm_Start
                0x1008215c       0x78 .\CortexM4\ARM_GCC_541\Debug\I2Cm.o
                0x1008215c                I2Cm_Start
 .text.Cy_Flash_ProcessOpcode
                0x100821d4       0xac .\CortexM4\ARM_GCC_541\Debug\cy_flash.o
 .text.Cy_Flash_OperationStatus
                0x10082280       0x5c .\CortexM4\ARM_GCC_541\Debug\cy_flash.o
 .text.Cy_Flash_InitExt
                0x100822dc       0x80 .\CortexM4\ARM_GCC_541\Debug\cy_flash.o
                0x100822dc                Cy_Flash_InitExt
 .text.Cy_Flash_Init
                0x1008235c       0x10 .\CortexM4\ARM_GCC_541\Debug\cy_flash.o
                0x1008235c                Cy_Flash_Init
 .text.Cy_IPC_Drv_LockRelease
                0x1008236c       0x3c .\CortexM4\ARM_GCC_541\Debug\cy_ipc_drv.o
                0x1008236c                Cy_IPC_Drv_LockRelease
 .text.Cy_IPC_Drv_SendMsgWord
                0x100823a8       0x3c .\CortexM4\ARM_GCC_541\Debug\cy_ipc_drv.o
                0x100823a8                Cy_IPC_Drv_SendMsgWord
 .text.Cy_IPC_Drv_ReadMsgWord
                0x100823e4       0x38 .\CortexM4\ARM_GCC_541\Debug\cy_ipc_drv.o
                0x100823e4                Cy_IPC_Drv_ReadMsgWord
 .text.Cy_IPC_Sema_InitExt
                0x1008241c       0xac .\CortexM4\ARM_GCC_541\Debug\cy_ipc_sema.o
                0x1008241c                Cy_IPC_Sema_InitExt
 .text.Cy_IPC_Sema_Init
                0x100824c8       0x64 .\CortexM4\ARM_GCC_541\Debug\cy_ipc_sema.o
                0x100824c8                Cy_IPC_Sema_Init
 .text.Cy_IPC_Sema_Clear
                0x1008252c       0x88 .\CortexM4\ARM_GCC_541\Debug\cy_ipc_sema.o
                0x1008252c                Cy_IPC_Sema_Clear
 .text.Cy_IPC_Sema_Status
                0x100825b4       0x40 .\CortexM4\ARM_GCC_541\Debug\cy_ipc_sema.o
                0x100825b4                Cy_IPC_Sema_Status
 .text.Cy_IPC_Pipe_Config
                0x100825f4       0x10 .\CortexM4\ARM_GCC_541\Debug\cy_ipc_pipe.o
                0x100825f4                Cy_IPC_Pipe_Config
 .text.Cy_IPC_Pipe_EndpointInit
                0x10082604       0xd0 .\CortexM4\ARM_GCC_541\Debug\cy_ipc_pipe.o
                0x10082604                Cy_IPC_Pipe_EndpointInit
 .text.Cy_IPC_Pipe_Init
                0x100826d4       0xb4 .\CortexM4\ARM_GCC_541\Debug\cy_ipc_pipe.o
                0x100826d4                Cy_IPC_Pipe_Init
 .text.Cy_IPC_Pipe_SendMessage
                0x10082788       0xa4 .\CortexM4\ARM_GCC_541\Debug\cy_ipc_pipe.o
                0x10082788                Cy_IPC_Pipe_SendMessage
 .text.Cy_IPC_Pipe_RegisterCallback
                0x1008282c       0x50 .\CortexM4\ARM_GCC_541\Debug\cy_ipc_pipe.o
                0x1008282c                Cy_IPC_Pipe_RegisterCallback
 .text.Cy_IPC_Pipe_ExecCallback
                0x1008287c       0xbc .\CortexM4\ARM_GCC_541\Debug\cy_ipc_pipe.o
                0x1008287c                Cy_IPC_Pipe_ExecCallback
 .text.Cy_IPC_Pipe_ExecuteCallback
                0x10082938       0x2c .\CortexM4\ARM_GCC_541\Debug\cy_ipc_pipe.o
                0x10082938                Cy_IPC_Pipe_ExecuteCallback
 .text.Cy_SCB_ReadArrayNoCheck
                0x10082964       0x38 .\CortexM4\ARM_GCC_541\Debug\cy_scb_common.o
                0x10082964                Cy_SCB_ReadArrayNoCheck
 .text.Cy_SCB_ReadArray
                0x1008299c       0x1c .\CortexM4\ARM_GCC_541\Debug\cy_scb_common.o
                0x1008299c                Cy_SCB_ReadArray
 .text.Cy_SCB_Write
                0x100829b8       0x28 .\CortexM4\ARM_GCC_541\Debug\cy_scb_common.o
                0x100829b8                Cy_SCB_Write
 .text.Cy_SCB_WriteArrayNoCheck
                0x100829e0       0x38 .\CortexM4\ARM_GCC_541\Debug\cy_scb_common.o
                0x100829e0                Cy_SCB_WriteArrayNoCheck
 .text.Cy_SCB_WriteArray
                0x10082a18       0x2c .\CortexM4\ARM_GCC_541\Debug\cy_scb_common.o
                0x10082a18                Cy_SCB_WriteArray
 .text.Cy_SCB_WriteDefaultArrayNoCheck
                0x10082a44       0x10 .\CortexM4\ARM_GCC_541\Debug\cy_scb_common.o
                0x10082a44                Cy_SCB_WriteDefaultArrayNoCheck
 .text.Cy_SCB_WriteDefaultArray
                0x10082a54       0x2c .\CortexM4\ARM_GCC_541\Debug\cy_scb_common.o
                0x10082a54                Cy_SCB_WriteDefaultArray
 .text.SlaveHandleStop
                0x10082a80       0xec .\CortexM4\ARM_GCC_541\Debug\cy_scb_i2c.o
 .text.MasterHandleEvents
                0x10082b6c       0x74 .\CortexM4\ARM_GCC_541\Debug\cy_scb_i2c.o
 .text.MasterHandleStop
                0x10082be0       0x2c .\CortexM4\ARM_GCC_541\Debug\cy_scb_i2c.o
 .text.MasterHandleComplete
                0x10082c0c       0xf4 .\CortexM4\ARM_GCC_541\Debug\cy_scb_i2c.o
 .text.SlaveHandleDataTransmit
                0x10082d00       0xe8 .\CortexM4\ARM_GCC_541\Debug\cy_scb_i2c.o
 .text.MasterHandleDataTransmit
                0x10082de8       0xb8 .\CortexM4\ARM_GCC_541\Debug\cy_scb_i2c.o
 .text.SlaveHandleAddress
                0x10082ea0      0x158 .\CortexM4\ARM_GCC_541\Debug\cy_scb_i2c.o
 .text.MasterHandleDataReceive
                0x10082ff8       0xf0 .\CortexM4\ARM_GCC_541\Debug\cy_scb_i2c.o
 .text.SlaveHandleDataReceive
                0x100830e8       0xbc .\CortexM4\ARM_GCC_541\Debug\cy_scb_i2c.o
 .text.Cy_SCB_I2C_Init
                0x100831a4      0x18c .\CortexM4\ARM_GCC_541\Debug\cy_scb_i2c.o
                0x100831a4                Cy_SCB_I2C_Init
 .text.Cy_SCB_I2C_GetDataRate
                0x10083330       0x90 .\CortexM4\ARM_GCC_541\Debug\cy_scb_i2c.o
                0x10083330                Cy_SCB_I2C_GetDataRate
 .text.Cy_SCB_I2C_SetDataRate
                0x100833c0      0x1d0 .\CortexM4\ARM_GCC_541\Debug\cy_scb_i2c.o
                0x100833c0                Cy_SCB_I2C_SetDataRate
 .text.Cy_SCB_I2C_MasterRead
                0x10083590      0x170 .\CortexM4\ARM_GCC_541\Debug\cy_scb_i2c.o
                0x10083590                Cy_SCB_I2C_MasterRead
 .text.Cy_SCB_I2C_MasterWrite
                0x10083700      0x148 .\CortexM4\ARM_GCC_541\Debug\cy_scb_i2c.o
                0x10083700                Cy_SCB_I2C_MasterWrite
 .text.Cy_SCB_I2C_SlaveInterrupt
                0x10083848       0xe4 .\CortexM4\ARM_GCC_541\Debug\cy_scb_i2c.o
                0x10083848                Cy_SCB_I2C_SlaveInterrupt
 .text.Cy_SCB_I2C_MasterInterrupt
                0x1008392c       0x8c .\CortexM4\ARM_GCC_541\Debug\cy_scb_i2c.o
                0x1008392c                Cy_SCB_I2C_MasterInterrupt
 .text.Cy_SCB_I2C_Interrupt
                0x100839b8       0x18 .\CortexM4\ARM_GCC_541\Debug\cy_scb_i2c.o
                0x100839b8                Cy_SCB_I2C_Interrupt
 .text.HandleDataTransmit
                0x100839d0       0xdc .\CortexM4\ARM_GCC_541\Debug\cy_scb_uart.o
 .text.HandleDataReceive
                0x10083aac       0xf8 .\CortexM4\ARM_GCC_541\Debug\cy_scb_uart.o
 .text.Cy_SCB_UART_Init
                0x10083ba4      0x364 .\CortexM4\ARM_GCC_541\Debug\cy_scb_uart.o
                0x10083ba4                Cy_SCB_UART_Init
 .text.Cy_SCB_UART_GetNumInRingBuffer
                0x10083f08       0x18 .\CortexM4\ARM_GCC_541\Debug\cy_scb_uart.o
                0x10083f08                Cy_SCB_UART_GetNumInRingBuffer
 .text.HandleRingBuffer
                0x10083f20       0xcc .\CortexM4\ARM_GCC_541\Debug\cy_scb_uart.o
 .text.Cy_SCB_UART_Interrupt
                0x10083fec       0xe8 .\CortexM4\ARM_GCC_541\Debug\cy_scb_uart.o
                0x10083fec                Cy_SCB_UART_Interrupt
 .text.Cy_SysInt_SetVector
                0x100840d4       0x48 .\CortexM4\ARM_GCC_541\Debug\cy_sysint.o
                0x100840d4                Cy_SysInt_SetVector
 .text.Cy_SysInt_Init
                0x1008411c       0x74 .\CortexM4\ARM_GCC_541\Debug\cy_sysint.o
                0x1008411c                Cy_SysInt_Init
 .text.Cy_SysLib_Delay
                0x10084190       0x30 .\CortexM4\ARM_GCC_541\Debug\cy_syslib.o
                0x10084190                Cy_SysLib_Delay
 .text.Cy_SysLib_Halt
                0x100841c0        0x4 .\CortexM4\ARM_GCC_541\Debug\cy_syslib.o
                0x100841c0                Cy_SysLib_Halt
 .text.Cy_SysLib_AssertFailed
                0x100841c4       0x1c .\CortexM4\ARM_GCC_541\Debug\cy_syslib.o
                0x100841c4                Cy_SysLib_AssertFailed
 .text.Cy_SysLib_ProcessingFault
                0x100841e0        0x4 .\CortexM4\ARM_GCC_541\Debug\cy_syslib.o
                0x100841e0                Cy_SysLib_ProcessingFault
 .text.Cy_SysLib_FaultHandler
                0x100841e4       0xa4 .\CortexM4\ARM_GCC_541\Debug\cy_syslib.o
                0x100841e4                Cy_SysLib_FaultHandler
 .text          0x10084288       0x20 .\CortexM4\ARM_GCC_541\Debug\cy_syslib_gcc.o
                0x10084288                Cy_SysLib_DelayCycles
                0x1008429a                Cy_SysLib_EnterCriticalSection
                0x100842a2                Cy_SysLib_ExitCriticalSection
 .text.Cy_SysPm_ExecuteCallback
                0x100842a8       0xc8 .\CortexM4\ARM_GCC_541\Debug\cy_syspm.o
                0x100842a8                Cy_SysPm_ExecuteCallback
 .text.Cy_SysPm_CpuEnterSleep
                0x10084370       0x94 .\CortexM4\ARM_GCC_541\Debug\cy_syspm.o
                0x10084370                Cy_SysPm_CpuEnterSleep
 .text.Cy_PDL_Init
                0x10084404        0xc .\CortexM4\ARM_GCC_541\Debug\cy_device.o
                0x10084404                Cy_PDL_Init
 .text.vListInitialise
                0x10084410       0x18 .\CortexM4\ARM_GCC_541\Debug\list.o
                0x10084410                vListInitialise
 .text.vListInitialiseItem
                0x10084428        0x8 .\CortexM4\ARM_GCC_541\Debug\list.o
                0x10084428                vListInitialiseItem
 .text.vListInsertEnd
                0x10084430       0x18 .\CortexM4\ARM_GCC_541\Debug\list.o
                0x10084430                vListInsertEnd
 .text.vListInsert
                0x10084448       0x34 .\CortexM4\ARM_GCC_541\Debug\list.o
                0x10084448                vListInsert
 .text.uxListRemove
                0x1008447c       0x28 .\CortexM4\ARM_GCC_541\Debug\list.o
                0x1008447c                uxListRemove
 .text.prvIsQueueFull
                0x100844a4       0x20 .\CortexM4\ARM_GCC_541\Debug\queue.o
 .text.prvIsQueueEmpty
                0x100844c4       0x1c .\CortexM4\ARM_GCC_541\Debug\queue.o
 .text.prvCopyDataToQueue
                0x100844e0       0x54 .\CortexM4\ARM_GCC_541\Debug\queue.o
 .text.prvCopyDataFromQueue
                0x10084534       0x24 .\CortexM4\ARM_GCC_541\Debug\queue.o
 .text.prvUnlockQueue
                0x10084558       0x68 .\CortexM4\ARM_GCC_541\Debug\queue.o
 .text.xQueueGenericReset
                0x100845c0       0x80 .\CortexM4\ARM_GCC_541\Debug\queue.o
                0x100845c0                xQueueGenericReset
 .text.prvInitialiseNewQueue
                0x10084640       0x1c .\CortexM4\ARM_GCC_541\Debug\queue.o
 .text.xQueueGenericCreate
                0x1008465c       0x4c .\CortexM4\ARM_GCC_541\Debug\queue.o
                0x1008465c                xQueueGenericCreate
 .text.xQueueGenericSend
                0x100846a8      0x190 .\CortexM4\ARM_GCC_541\Debug\queue.o
                0x100846a8                xQueueGenericSend
 .text.xQueueGenericSendFromISR
                0x10084838       0xe4 .\CortexM4\ARM_GCC_541\Debug\queue.o
                0x10084838                xQueueGenericSendFromISR
 .text.xQueueGiveFromISR
                0x1008491c       0xbc .\CortexM4\ARM_GCC_541\Debug\queue.o
                0x1008491c                xQueueGiveFromISR
 .text.xQueueReceive
                0x100849d8      0x158 .\CortexM4\ARM_GCC_541\Debug\queue.o
                0x100849d8                xQueueReceive
 .text.xQueueSemaphoreTake
                0x10084b30      0x140 .\CortexM4\ARM_GCC_541\Debug\queue.o
                0x10084b30                xQueueSemaphoreTake
 .text.vQueueAddToRegistry
                0x10084c70       0x28 .\CortexM4\ARM_GCC_541\Debug\queue.o
                0x10084c70                vQueueAddToRegistry
 .text.vQueueWaitForMessageRestricted
                0x10084c98       0x4c .\CortexM4\ARM_GCC_541\Debug\queue.o
                0x10084c98                vQueueWaitForMessageRestricted
 .text.prvTaskIsTaskSuspended
                0x10084ce4       0x4c .\CortexM4\ARM_GCC_541\Debug\tasks.o
 .text.prvResetNextTaskUnblockTime
                0x10084d30       0x2c .\CortexM4\ARM_GCC_541\Debug\tasks.o
 .text.prvDeleteTCB
                0x10084d5c       0x14 .\CortexM4\ARM_GCC_541\Debug\tasks.o
 .text.prvInitialiseNewTask
                0x10084d70       0xa0 .\CortexM4\ARM_GCC_541\Debug\tasks.o
 .text.prvInitialiseTaskLists
                0x10084e10       0x58 .\CortexM4\ARM_GCC_541\Debug\tasks.o
 .text.prvAddNewTaskToReadyList
                0x10084e68       0xac .\CortexM4\ARM_GCC_541\Debug\tasks.o
 .text.prvCheckTasksWaitingTermination
                0x10084f14       0x44 .\CortexM4\ARM_GCC_541\Debug\tasks.o
 .text.prvAddCurrentTaskToDelayedList
                0x10084f58       0x68 .\CortexM4\ARM_GCC_541\Debug\tasks.o
 .text.prvIdleTask
                0x10084fc0       0x2c .\CortexM4\ARM_GCC_541\Debug\tasks.o
 .text.xTaskCreate
                0x10084fec       0x64 .\CortexM4\ARM_GCC_541\Debug\tasks.o
                0x10084fec                xTaskCreate
 .text.xTaskResumeFromISR
                0x10085050       0xa4 .\CortexM4\ARM_GCC_541\Debug\tasks.o
                0x10085050                xTaskResumeFromISR
 .text.vTaskStartScheduler
                0x100850f4       0x7c .\CortexM4\ARM_GCC_541\Debug\tasks.o
                0x100850f4                vTaskStartScheduler
 .text.vTaskSuspendAll
                0x10085170       0x14 .\CortexM4\ARM_GCC_541\Debug\tasks.o
                0x10085170                vTaskSuspendAll
 .text.xTaskGetTickCount
                0x10085184        0xc .\CortexM4\ARM_GCC_541\Debug\tasks.o
                0x10085184                xTaskGetTickCount
 .text.xTaskIncrementTick
                0x10085190       0xfc .\CortexM4\ARM_GCC_541\Debug\tasks.o
                0x10085190                xTaskIncrementTick
 .text.xTaskResumeAll
                0x1008528c       0xf0 .\CortexM4\ARM_GCC_541\Debug\tasks.o
                0x1008528c                xTaskResumeAll
 .text.vTaskDelay
                0x1008537c       0x50 .\CortexM4\ARM_GCC_541\Debug\tasks.o
                0x1008537c                vTaskDelay
 .text.vTaskSwitchContext
                0x100853cc       0xc8 .\CortexM4\ARM_GCC_541\Debug\tasks.o
                0x100853cc                vTaskSwitchContext
 .text.vTaskSuspend
                0x10085494       0xb8 .\CortexM4\ARM_GCC_541\Debug\tasks.o
                0x10085494                vTaskSuspend
 .text.vTaskPlaceOnEventList
                0x1008554c       0x34 .\CortexM4\ARM_GCC_541\Debug\tasks.o
                0x1008554c                vTaskPlaceOnEventList
 .text.vTaskPlaceOnEventListRestricted
                0x10085580       0x3c .\CortexM4\ARM_GCC_541\Debug\tasks.o
                0x10085580                vTaskPlaceOnEventListRestricted
 .text.xTaskRemoveFromEventList
                0x100855bc       0x88 .\CortexM4\ARM_GCC_541\Debug\tasks.o
                0x100855bc                xTaskRemoveFromEventList
 .text.vTaskInternalSetTimeOutState
                0x10085644       0x14 .\CortexM4\ARM_GCC_541\Debug\tasks.o
                0x10085644                vTaskInternalSetTimeOutState
 .text.xTaskCheckForTimeOut
                0x10085658       0x80 .\CortexM4\ARM_GCC_541\Debug\tasks.o
                0x10085658                xTaskCheckForTimeOut
 .text.vTaskMissedYield
                0x100856d8       0x10 .\CortexM4\ARM_GCC_541\Debug\tasks.o
                0x100856d8                vTaskMissedYield
 .text.xTaskGetSchedulerState
                0x100856e8       0x20 .\CortexM4\ARM_GCC_541\Debug\tasks.o
                0x100856e8                xTaskGetSchedulerState
 .text.prvGetNextExpireTime
                0x10085708       0x20 .\CortexM4\ARM_GCC_541\Debug\timers.o
 .text.prvInsertTimerInActiveList
                0x10085728       0x44 .\CortexM4\ARM_GCC_541\Debug\timers.o
 .text.prvCheckForValidListAndQueue
                0x1008576c       0x48 .\CortexM4\ARM_GCC_541\Debug\timers.o
 .text.xTimerCreateTimerTask
                0x100857b4       0x50 .\CortexM4\ARM_GCC_541\Debug\timers.o
                0x100857b4                xTimerCreateTimerTask
 .text.xTimerGenericCommand
                0x10085804       0x6c .\CortexM4\ARM_GCC_541\Debug\timers.o
                0x10085804                xTimerGenericCommand
 .text.prvSwitchTimerLists
                0x10085870       0x74 .\CortexM4\ARM_GCC_541\Debug\timers.o
 .text.prvSampleTimeNow
                0x100858e4       0x2c .\CortexM4\ARM_GCC_541\Debug\timers.o
 .text.prvProcessExpiredTimer
                0x10085910       0x5c .\CortexM4\ARM_GCC_541\Debug\timers.o
 .text.prvProcessTimerOrBlockTask
                0x1008596c       0x70 .\CortexM4\ARM_GCC_541\Debug\timers.o
 .text.prvProcessReceivedCommands
                0x100859dc       0xbc .\CortexM4\ARM_GCC_541\Debug\timers.o
 .text.prvTimerTask
                0x10085a98       0x18 .\CortexM4\ARM_GCC_541\Debug\timers.o
 .text.prvTaskExitError
                0x10085ab0       0x40 .\CortexM4\ARM_GCC_541\Debug\port.o
 .text.prvPortStartFirstTask
                0x10085af0       0x28 .\CortexM4\ARM_GCC_541\Debug\port.o
 .text.vPortEnableVFP
                0x10085b18       0x14 .\CortexM4\ARM_GCC_541\Debug\port.o
 .text.pxPortInitialiseStack
                0x10085b2c       0x2c .\CortexM4\ARM_GCC_541\Debug\port.o
                0x10085b2c                pxPortInitialiseStack
 *fill*         0x10085b58        0x8 
 .text.SVC_Handler
                0x10085b60       0x24 .\CortexM4\ARM_GCC_541\Debug\port.o
                0x10085b60                SVC_Handler
 .text.vPortEnterCritical
                0x10085b84       0x44 .\CortexM4\ARM_GCC_541\Debug\port.o
                0x10085b84                vPortEnterCritical
 .text.vPortExitCritical
                0x10085bc8       0x2c .\CortexM4\ARM_GCC_541\Debug\port.o
                0x10085bc8                vPortExitCritical
 *fill*         0x10085bf4        0xc 
 .text.PendSV_Handler
                0x10085c00       0x64 .\CortexM4\ARM_GCC_541\Debug\port.o
                0x10085c00                PendSV_Handler
 .text.SysTick_Handler
                0x10085c64       0x2c .\CortexM4\ARM_GCC_541\Debug\port.o
                0x10085c64                SysTick_Handler
 .text.vPortSetupTimerInterrupt
                0x10085c90       0x38 .\CortexM4\ARM_GCC_541\Debug\port.o
                0x10085c90                vPortSetupTimerInterrupt
 .text.xPortStartScheduler
                0x10085cc8       0xc4 .\CortexM4\ARM_GCC_541\Debug\port.o
                0x10085cc8                xPortStartScheduler
 .text.vPortValidateInterruptPriority
                0x10085d8c       0x58 .\CortexM4\ARM_GCC_541\Debug\port.o
                0x10085d8c                vPortValidateInterruptPriority
 .text.pvPortMalloc
                0x10085de4       0x64 .\CortexM4\ARM_GCC_541\Debug\heap_1.o
                0x10085de4                pvPortMalloc
 .text.vPortFree
                0x10085e48       0x18 .\CortexM4\ARM_GCC_541\Debug\heap_1.o
                0x10085e48                vPortFree
 .text._write   0x10085e60       0x24 .\CortexM4\ARM_GCC_541\Debug\retarget.o
                0x10085e60                _write
 .text._read    0x10085e84       0x2c .\CortexM4\ARM_GCC_541\Debug\retarget.o
                0x10085e84                _read
 .text          0x10085eb0      0x370 c:/program files (x86)/cypress/psoc creator/4.4/psoc creator/import/gnu/arm/5.4.1/bin/../lib/gcc/arm-none-eabi/5.4.1/armv7e-m/softfp\libgcc.a(_arm_addsubdf3.o)
                0x10085eb0                __aeabi_drsub
                0x10085eb8                __aeabi_dsub
                0x10085eb8                __subdf3
                0x10085ebc                __aeabi_dadd
                0x10085ebc                __adddf3
                0x10086134                __floatunsidf
                0x10086134                __aeabi_ui2d
                0x10086154                __floatsidf
                0x10086154                __aeabi_i2d
                0x10086178                __aeabi_f2d
                0x10086178                __extendsfdf2
                0x100861b4                __floatundidf
                0x100861b4                __aeabi_ul2d
                0x100861c4                __floatdidf
                0x100861c4                __aeabi_l2d
 .text          0x10086220      0x424 c:/program files (x86)/cypress/psoc creator/4.4/psoc creator/import/gnu/arm/5.4.1/bin/../lib/gcc/arm-none-eabi/5.4.1/armv7e-m/softfp\libgcc.a(_arm_muldivdf3.o)
                0x10086220                __aeabi_dmul
                0x10086220                __muldf3
                0x10086474                __divdf3
                0x10086474                __aeabi_ddiv
 .text.memcpy   0x10086644       0x16 c:/program files (x86)/cypress/psoc creator/4.4/psoc creator/import/gnu/arm/5.4.1/bin/../lib/gcc/arm-none-eabi/5.4.1/../../../../arm-none-eabi/lib/armv7e-m/softfp\libg_nano.a(lib_a-memcpy-stub.o)
                0x10086644                memcpy
 .text.memset   0x1008665a       0x10 c:/program files (x86)/cypress/psoc creator/4.4/psoc creator/import/gnu/arm/5.4.1/bin/../lib/gcc/arm-none-eabi/5.4.1/../../../../arm-none-eabi/lib/armv7e-m/softfp\libg_nano.a(lib_a-memset.o)
                0x1008665a                memset
 .text.__cvt    0x1008666a       0xc2 c:/program files (x86)/cypress/psoc creator/4.4/psoc creator/import/gnu/arm/5.4.1/bin/../lib/gcc/arm-none-eabi/5.4.1/../../../../arm-none-eabi/lib/armv7e-m/softfp\libg_nano.a(lib_a-nano-vfprintf_float.o)
                0x1008666a                __cvt
 .text.__exponent
                0x1008672c       0x60 c:/program files (x86)/cypress/psoc creator/4.4/psoc creator/import/gnu/arm/5.4.1/bin/../lib/gcc/arm-none-eabi/5.4.1/../../../../arm-none-eabi/lib/armv7e-m/softfp\libg_nano.a(lib_a-nano-vfprintf_float.o)
                0x1008672c                __exponent
 .text._printf_float
                0x1008678c      0x488 c:/program files (x86)/cypress/psoc creator/4.4/psoc creator/import/gnu/arm/5.4.1/bin/../lib/gcc/arm-none-eabi/5.4.1/../../../../arm-none-eabi/lib/armv7e-m/softfp\libg_nano.a(lib_a-nano-vfprintf_float.o)
                0x1008678c                _printf_float
 .text._printf_common
                0x10086c14       0xec c:/program files (x86)/cypress/psoc creator/4.4/psoc creator/import/gnu/arm/5.4.1/bin/../lib/gcc/arm-none-eabi/5.4.1/../../../../arm-none-eabi/lib/armv7e-m/softfp\libg_nano.a(lib_a-nano-vfprintf_i.o)
                0x10086c14                _printf_common
 .text._printf_i
                0x10086d00      0x24c c:/program files (x86)/cypress/psoc creator/4.4/psoc creator/import/gnu/arm/5.4.1/bin/../lib/gcc/arm-none-eabi/5.4.1/../../../../arm-none-eabi/lib/armv7e-m/softfp\libg_nano.a(lib_a-nano-vfprintf_i.o)
                0x10086d00                _printf_i
 .text.printf   0x10086f4c       0x30 c:/program files (x86)/cypress/psoc creator/4.4/psoc creator/import/gnu/arm/5.4.1/bin/../lib/gcc/arm-none-eabi/5.4.1/../../../../arm-none-eabi/lib/armv7e-m/softfp\libg_nano.a(lib_a-printf.o)
                0x10086f4c                iprintf
                0x10086f4c                printf
 .text._puts_r  0x10086f7c       0xb4 c:/program files (x86)/cypress/psoc creator/4.4/psoc creator/import/gnu/arm/5.4.1/bin/../lib/gcc/arm-none-eabi/5.4.1/../../../../arm-none-eabi/lib/armv7e-m/softfp\libg_nano.a(lib_a-puts.o)
                0x10086f7c                _puts_r
 .text.puts     0x10087030       0x10 c:/program files (x86)/cypress/psoc creator/4.4/psoc creator/import/gnu/arm/5.4.1/bin/../lib/gcc/arm-none-eabi/5.4.1/../../../../arm-none-eabi/lib/armv7e-m/softfp\libg_nano.a(lib_a-puts.o)
                0x10087030                puts
 .text          0x10087040       0x10 c:/program files (x86)/cypress/psoc creator/4.4/psoc creator/import/gnu/arm/5.4.1/bin/../lib/gcc/arm-none-eabi/5.4.1/../../../../arm-none-eabi/lib/armv7e-m/softfp\libg_nano.a(lib_a-strlen.o)
                0x10087040                strlen
 .text.strncpy  0x10087050       0x26 c:/program files (x86)/cypress/psoc creator/4.4/psoc creator/import/gnu/arm/5.4.1/bin/../lib/gcc/arm-none-eabi/5.4.1/../../../../arm-none-eabi/lib/armv7e-m/softfp\libg_nano.a(lib_a-strncpy.o)
                0x10087050                strncpy
 *fill*         0x10087076        0x2 
 .text.__swbuf_r
                0x10087078       0xa8 c:/program files (x86)/cypress/psoc creator/4.4/psoc creator/import/gnu/arm/5.4.1/bin/../lib/gcc/arm-none-eabi/5.4.1/../../../../arm-none-eabi/lib/armv7e-m/softfp\libg_nano.a(lib_a-wbuf.o)
                0x10087078                __swbuf_r
 .text.__swsetup_r
                0x10087120       0xdc c:/program files (x86)/cypress/psoc creator/4.4/psoc creator/import/gnu/arm/5.4.1/bin/../lib/gcc/arm-none-eabi/5.4.1/../../../../arm-none-eabi/lib/armv7e-m/softfp\libg_nano.a(lib_a-wsetup.o)
                0x10087120                __swsetup_r
 .text.quorem   0x100871fc      0x11e c:/program files (x86)/cypress/psoc creator/4.4/psoc creator/import/gnu/arm/5.4.1/bin/../lib/gcc/arm-none-eabi/5.4.1/../../../../arm-none-eabi/lib/armv7e-m/softfp\libg_nano.a(lib_a-dtoa.o)
 *fill*         0x1008731a        0x6 
 .text._dtoa_r  0x10087320      0xb38 c:/program files (x86)/cypress/psoc creator/4.4/psoc creator/import/gnu/arm/5.4.1/bin/../lib/gcc/arm-none-eabi/5.4.1/../../../../arm-none-eabi/lib/armv7e-m/softfp\libg_nano.a(lib_a-dtoa.o)
                0x10087320                _dtoa_r
 .text.__sflush_r
                0x10087e58      0x110 c:/program files (x86)/cypress/psoc creator/4.4/psoc creator/import/gnu/arm/5.4.1/bin/../lib/gcc/arm-none-eabi/5.4.1/../../../../arm-none-eabi/lib/armv7e-m/softfp\libg_nano.a(lib_a-fflush.o)
                0x10087e58                __sflush_r
 .text._fflush_r
                0x10087f68       0x54 c:/program files (x86)/cypress/psoc creator/4.4/psoc creator/import/gnu/arm/5.4.1/bin/../lib/gcc/arm-none-eabi/5.4.1/../../../../arm-none-eabi/lib/armv7e-m/softfp\libg_nano.a(lib_a-fflush.o)
                0x10087f68                _fflush_r
 .text._cleanup_r
                0x10087fbc        0xc c:/program files (x86)/cypress/psoc creator/4.4/psoc creator/import/gnu/arm/5.4.1/bin/../lib/gcc/arm-none-eabi/5.4.1/../../../../arm-none-eabi/lib/armv7e-m/softfp\libg_nano.a(lib_a-findfp.o)
                0x10087fbc                _cleanup_r
 .text.std.isra.0
                0x10087fc8       0x48 c:/program files (x86)/cypress/psoc creator/4.4/psoc creator/import/gnu/arm/5.4.1/bin/../lib/gcc/arm-none-eabi/5.4.1/../../../../arm-none-eabi/lib/armv7e-m/softfp\libg_nano.a(lib_a-findfp.o)
 .text.__sfmoreglue
                0x10088010       0x2c c:/program files (x86)/cypress/psoc creator/4.4/psoc creator/import/gnu/arm/5.4.1/bin/../lib/gcc/arm-none-eabi/5.4.1/../../../../arm-none-eabi/lib/armv7e-m/softfp\libg_nano.a(lib_a-findfp.o)
                0x10088010                __sfmoreglue
 .text.__sinit  0x1008803c       0x60 c:/program files (x86)/cypress/psoc creator/4.4/psoc creator/import/gnu/arm/5.4.1/bin/../lib/gcc/arm-none-eabi/5.4.1/../../../../arm-none-eabi/lib/armv7e-m/softfp\libg_nano.a(lib_a-findfp.o)
                0x1008803c                __sinit
 .text.__sfp    0x1008809c       0x78 c:/program files (x86)/cypress/psoc creator/4.4/psoc creator/import/gnu/arm/5.4.1/bin/../lib/gcc/arm-none-eabi/5.4.1/../../../../arm-none-eabi/lib/armv7e-m/softfp\libg_nano.a(lib_a-findfp.o)
                0x1008809c                __sfp
 .text._fwalk_reent
                0x10088114       0x3c c:/program files (x86)/cypress/psoc creator/4.4/psoc creator/import/gnu/arm/5.4.1/bin/../lib/gcc/arm-none-eabi/5.4.1/../../../../arm-none-eabi/lib/armv7e-m/softfp\libg_nano.a(lib_a-fwalk.o)
                0x10088114                _fwalk_reent
 .text._localeconv_r
                0x10088150        0x8 c:/program files (x86)/cypress/psoc creator/4.4/psoc creator/import/gnu/arm/5.4.1/bin/../lib/gcc/arm-none-eabi/5.4.1/../../../../arm-none-eabi/lib/armv7e-m/softfp\libg_nano.a(lib_a-locale.o)
                0x10088150                _localeconv_r
 .text.__swhatbuf_r
                0x10088158       0x46 c:/program files (x86)/cypress/psoc creator/4.4/psoc creator/import/gnu/arm/5.4.1/bin/../lib/gcc/arm-none-eabi/5.4.1/../../../../arm-none-eabi/lib/armv7e-m/softfp\libg_nano.a(lib_a-makebuf.o)
                0x10088158                __swhatbuf_r
 *fill*         0x1008819e        0x2 
 .text.__smakebuf_r
                0x100881a0       0x78 c:/program files (x86)/cypress/psoc creator/4.4/psoc creator/import/gnu/arm/5.4.1/bin/../lib/gcc/arm-none-eabi/5.4.1/../../../../arm-none-eabi/lib/armv7e-m/softfp\libg_nano.a(lib_a-makebuf.o)
                0x100881a0                __smakebuf_r
 .text.malloc   0x10088218       0x10 c:/program files (x86)/cypress/psoc creator/4.4/psoc creator/import/gnu/arm/5.4.1/bin/../lib/gcc/arm-none-eabi/5.4.1/../../../../arm-none-eabi/lib/armv7e-m/softfp\libg_nano.a(lib_a-malloc.o)
                0x10088218                malloc
 *fill*         0x10088228        0x8 
 .text          0x10088230       0xa0 c:/program files (x86)/cypress/psoc creator/4.4/psoc creator/import/gnu/arm/5.4.1/bin/../lib/gcc/arm-none-eabi/5.4.1/../../../../arm-none-eabi/lib/armv7e-m/softfp\libg_nano.a(lib_a-memchr.o)
                0x10088230                memchr
 .text._Balloc  0x100882d0       0x6a c:/program files (x86)/cypress/psoc creator/4.4/psoc creator/import/gnu/arm/5.4.1/bin/../lib/gcc/arm-none-eabi/5.4.1/../../../../arm-none-eabi/lib/armv7e-m/softfp\libg_nano.a(lib_a-mprec.o)
                0x100882d0                _Balloc
 .text._Bfree   0x1008833a       0x2e c:/program files (x86)/cypress/psoc creator/4.4/psoc creator/import/gnu/arm/5.4.1/bin/../lib/gcc/arm-none-eabi/5.4.1/../../../../arm-none-eabi/lib/armv7e-m/softfp\libg_nano.a(lib_a-mprec.o)
                0x1008833a                _Bfree
 .text.__multadd
                0x10088368       0x76 c:/program files (x86)/cypress/psoc creator/4.4/psoc creator/import/gnu/arm/5.4.1/bin/../lib/gcc/arm-none-eabi/5.4.1/../../../../arm-none-eabi/lib/armv7e-m/softfp\libg_nano.a(lib_a-mprec.o)
                0x10088368                __multadd
 .text.__hi0bits
                0x100883de       0x40 c:/program files (x86)/cypress/psoc creator/4.4/psoc creator/import/gnu/arm/5.4.1/bin/../lib/gcc/arm-none-eabi/5.4.1/../../../../arm-none-eabi/lib/armv7e-m/softfp\libg_nano.a(lib_a-mprec.o)
                0x100883de                __hi0bits
 .text.__lo0bits
                0x1008841e       0x5a c:/program files (x86)/cypress/psoc creator/4.4/psoc creator/import/gnu/arm/5.4.1/bin/../lib/gcc/arm-none-eabi/5.4.1/../../../../arm-none-eabi/lib/armv7e-m/softfp\libg_nano.a(lib_a-mprec.o)
                0x1008841e                __lo0bits
 .text.__i2b    0x10088478       0x12 c:/program files (x86)/cypress/psoc creator/4.4/psoc creator/import/gnu/arm/5.4.1/bin/../lib/gcc/arm-none-eabi/5.4.1/../../../../arm-none-eabi/lib/armv7e-m/softfp\libg_nano.a(lib_a-mprec.o)
                0x10088478                __i2b
 .text.__multiply
                0x1008848a      0x122 c:/program files (x86)/cypress/psoc creator/4.4/psoc creator/import/gnu/arm/5.4.1/bin/../lib/gcc/arm-none-eabi/5.4.1/../../../../arm-none-eabi/lib/armv7e-m/softfp\libg_nano.a(lib_a-mprec.o)
                0x1008848a                __multiply
 .text.__pow5mult
                0x100885ac       0x9c c:/program files (x86)/cypress/psoc creator/4.4/psoc creator/import/gnu/arm/5.4.1/bin/../lib/gcc/arm-none-eabi/5.4.1/../../../../arm-none-eabi/lib/armv7e-m/softfp\libg_nano.a(lib_a-mprec.o)
                0x100885ac                __pow5mult
 .text.__lshift
                0x10088648       0xa2 c:/program files (x86)/cypress/psoc creator/4.4/psoc creator/import/gnu/arm/5.4.1/bin/../lib/gcc/arm-none-eabi/5.4.1/../../../../arm-none-eabi/lib/armv7e-m/softfp\libg_nano.a(lib_a-mprec.o)
                0x10088648                __lshift
 .text.__mcmp   0x100886ea       0x38 c:/program files (x86)/cypress/psoc creator/4.4/psoc creator/import/gnu/arm/5.4.1/bin/../lib/gcc/arm-none-eabi/5.4.1/../../../../arm-none-eabi/lib/armv7e-m/softfp\libg_nano.a(lib_a-mprec.o)
                0x100886ea                __mcmp
 .text.__mdiff  0x10088722       0xbe c:/program files (x86)/cypress/psoc creator/4.4/psoc creator/import/gnu/arm/5.4.1/bin/../lib/gcc/arm-none-eabi/5.4.1/../../../../arm-none-eabi/lib/armv7e-m/softfp\libg_nano.a(lib_a-mprec.o)
                0x10088722                __mdiff
 .text.__d2b    0x100887e0       0x9c c:/program files (x86)/cypress/psoc creator/4.4/psoc creator/import/gnu/arm/5.4.1/bin/../lib/gcc/arm-none-eabi/5.4.1/../../../../arm-none-eabi/lib/armv7e-m/softfp\libg_nano.a(lib_a-mprec.o)
                0x100887e0                __d2b
 .text._calloc_r
                0x1008887c       0x1c c:/program files (x86)/cypress/psoc creator/4.4/psoc creator/import/gnu/arm/5.4.1/bin/../lib/gcc/arm-none-eabi/5.4.1/../../../../arm-none-eabi/lib/armv7e-m/softfp\libg_nano.a(lib_a-nano-callocr.o)
                0x1008887c                _calloc_r
 .text._free_r  0x10088898       0x9c c:/program files (x86)/cypress/psoc creator/4.4/psoc creator/import/gnu/arm/5.4.1/bin/../lib/gcc/arm-none-eabi/5.4.1/../../../../arm-none-eabi/lib/armv7e-m/softfp\libg_nano.a(lib_a-nano-freer.o)
                0x10088898                _free_r
 .text._malloc_r
                0x10088934       0xbc c:/program files (x86)/cypress/psoc creator/4.4/psoc creator/import/gnu/arm/5.4.1/bin/../lib/gcc/arm-none-eabi/5.4.1/../../../../arm-none-eabi/lib/armv7e-m/softfp\libg_nano.a(lib_a-nano-mallocr.o)
                0x10088934                _malloc_r
 .text.__sfputc_r
                0x100889f0       0x30 c:/program files (x86)/cypress/psoc creator/4.4/psoc creator/import/gnu/arm/5.4.1/bin/../lib/gcc/arm-none-eabi/5.4.1/../../../../arm-none-eabi/lib/armv7e-m/softfp\libg_nano.a(lib_a-nano-vfprintf.o)
 .text.__sfputs_r
                0x10088a20       0x24 c:/program files (x86)/cypress/psoc creator/4.4/psoc creator/import/gnu/arm/5.4.1/bin/../lib/gcc/arm-none-eabi/5.4.1/../../../../arm-none-eabi/lib/armv7e-m/softfp\libg_nano.a(lib_a-nano-vfprintf.o)
                0x10088a20                __sfputs_r
 .text._vfprintf_r
                0x10088a44      0x238 c:/program files (x86)/cypress/psoc creator/4.4/psoc creator/import/gnu/arm/5.4.1/bin/../lib/gcc/arm-none-eabi/5.4.1/../../../../arm-none-eabi/lib/armv7e-m/softfp\libg_nano.a(lib_a-nano-vfprintf.o)
                0x10088a44                _vfprintf_r
                0x10088a44                _vfiprintf_r
 .text._sbrk_r  0x10088c7c       0x20 c:/program files (x86)/cypress/psoc creator/4.4/psoc creator/import/gnu/arm/5.4.1/bin/../lib/gcc/arm-none-eabi/5.4.1/../../../../arm-none-eabi/lib/armv7e-m/softfp\libg_nano.a(lib_a-sbrkr.o)
                0x10088c7c                _sbrk_r
 .text.__sread  0x10088c9c       0x22 c:/program files (x86)/cypress/psoc creator/4.4/psoc creator/import/gnu/arm/5.4.1/bin/../lib/gcc/arm-none-eabi/5.4.1/../../../../arm-none-eabi/lib/armv7e-m/softfp\libg_nano.a(lib_a-stdio.o)
                0x10088c9c                __sread
 .text.__swrite
                0x10088cbe       0x38 c:/program files (x86)/cypress/psoc creator/4.4/psoc creator/import/gnu/arm/5.4.1/bin/../lib/gcc/arm-none-eabi/5.4.1/../../../../arm-none-eabi/lib/armv7e-m/softfp\libg_nano.a(lib_a-stdio.o)
                0x10088cbe                __swrite
 .text.__sseek  0x10088cf6       0x24 c:/program files (x86)/cypress/psoc creator/4.4/psoc creator/import/gnu/arm/5.4.1/bin/../lib/gcc/arm-none-eabi/5.4.1/../../../../arm-none-eabi/lib/armv7e-m/softfp\libg_nano.a(lib_a-stdio.o)
                0x10088cf6                __sseek
 .text.__sclose
                0x10088d1a        0x8 c:/program files (x86)/cypress/psoc creator/4.4/psoc creator/import/gnu/arm/5.4.1/bin/../lib/gcc/arm-none-eabi/5.4.1/../../../../arm-none-eabi/lib/armv7e-m/softfp\libg_nano.a(lib_a-stdio.o)
                0x10088d1a                __sclose
 *fill*         0x10088d22        0x2 
 .text._write_r
                0x10088d24       0x24 c:/program files (x86)/cypress/psoc creator/4.4/psoc creator/import/gnu/arm/5.4.1/bin/../lib/gcc/arm-none-eabi/5.4.1/../../../../arm-none-eabi/lib/armv7e-m/softfp\libg_nano.a(lib_a-writer.o)
                0x10088d24                _write_r
 .text._close_r
                0x10088d48       0x20 c:/program files (x86)/cypress/psoc creator/4.4/psoc creator/import/gnu/arm/5.4.1/bin/../lib/gcc/arm-none-eabi/5.4.1/../../../../arm-none-eabi/lib/armv7e-m/softfp\libg_nano.a(lib_a-closer.o)
                0x10088d48                _close_r
 .text._fstat_r
                0x10088d68       0x24 c:/program files (x86)/cypress/psoc creator/4.4/psoc creator/import/gnu/arm/5.4.1/bin/../lib/gcc/arm-none-eabi/5.4.1/../../../../arm-none-eabi/lib/armv7e-m/softfp\libg_nano.a(lib_a-fstatr.o)
                0x10088d68                _fstat_r
 .text._isatty_r
                0x10088d8c       0x20 c:/program files (x86)/cypress/psoc creator/4.4/psoc creator/import/gnu/arm/5.4.1/bin/../lib/gcc/arm-none-eabi/5.4.1/../../../../arm-none-eabi/lib/armv7e-m/softfp\libg_nano.a(lib_a-isattyr.o)
                0x10088d8c                _isatty_r
 .text._lseek_r
                0x10088dac       0x24 c:/program files (x86)/cypress/psoc creator/4.4/psoc creator/import/gnu/arm/5.4.1/bin/../lib/gcc/arm-none-eabi/5.4.1/../../../../arm-none-eabi/lib/armv7e-m/softfp\libg_nano.a(lib_a-lseekr.o)
                0x10088dac                _lseek_r
 .text.__malloc_lock
                0x10088dd0        0x2 c:/program files (x86)/cypress/psoc creator/4.4/psoc creator/import/gnu/arm/5.4.1/bin/../lib/gcc/arm-none-eabi/5.4.1/../../../../arm-none-eabi/lib/armv7e-m/softfp\libg_nano.a(lib_a-mlock.o)
                0x10088dd0                __malloc_lock
 .text.__malloc_unlock
                0x10088dd2        0x2 c:/program files (x86)/cypress/psoc creator/4.4/psoc creator/import/gnu/arm/5.4.1/bin/../lib/gcc/arm-none-eabi/5.4.1/../../../../arm-none-eabi/lib/armv7e-m/softfp\libg_nano.a(lib_a-mlock.o)
                0x10088dd2                __malloc_unlock
 .text._read_r  0x10088dd4       0x24 c:/program files (x86)/cypress/psoc creator/4.4/psoc creator/import/gnu/arm/5.4.1/bin/../lib/gcc/arm-none-eabi/5.4.1/../../../../arm-none-eabi/lib/armv7e-m/softfp\libg_nano.a(lib_a-readr.o)
                0x10088dd4                _read_r
 .text          0x10088df8      0x110 c:/program files (x86)/cypress/psoc creator/4.4/psoc creator/import/gnu/arm/5.4.1/bin/../lib/gcc/arm-none-eabi/5.4.1/armv7e-m/softfp\libgcc.a(_arm_cmpdf2.o)
                0x10088df8                __gtdf2
                0x10088df8                __gedf2
                0x10088e00                __ltdf2
                0x10088e00                __ledf2
                0x10088e08                __nedf2
                0x10088e08                __eqdf2
                0x10088e08                __cmpdf2
                0x10088e84                __aeabi_cdrcmple
                0x10088e94                __aeabi_cdcmpeq
                0x10088e94                __aeabi_cdcmple
                0x10088ea4                __aeabi_dcmpeq
                0x10088eb8                __aeabi_dcmplt
                0x10088ecc                __aeabi_dcmple
                0x10088ee0                __aeabi_dcmpge
                0x10088ef4                __aeabi_dcmpgt
 .text          0x10088f08       0x2c c:/program files (x86)/cypress/psoc creator/4.4/psoc creator/import/gnu/arm/5.4.1/bin/../lib/gcc/arm-none-eabi/5.4.1/armv7e-m/softfp\libgcc.a(_arm_unorddf2.o)
                0x10088f08                __unorddf2
                0x10088f08                __aeabi_dcmpun
 .text          0x10088f34       0x50 c:/program files (x86)/cypress/psoc creator/4.4/psoc creator/import/gnu/arm/5.4.1/bin/../lib/gcc/arm-none-eabi/5.4.1/armv7e-m/softfp\libgcc.a(_arm_fixdfsi.o)
                0x10088f34                __aeabi_d2iz
                0x10088f34                __fixdfsi
 .text._close   0x10088f84       0x10 c:/program files (x86)/cypress/psoc creator/4.4/psoc creator/import/gnu/arm/5.4.1/bin/../lib/gcc/arm-none-eabi/5.4.1/../../../../arm-none-eabi/lib/armv7e-m/softfp\libnosys.a(close.o)
                0x10088f84                _close
 .text._fstat   0x10088f94       0x10 c:/program files (x86)/cypress/psoc creator/4.4/psoc creator/import/gnu/arm/5.4.1/bin/../lib/gcc/arm-none-eabi/5.4.1/../../../../arm-none-eabi/lib/armv7e-m/softfp\libnosys.a(fstat.o)
                0x10088f94                _fstat
 .text._isatty  0x10088fa4       0x10 c:/program files (x86)/cypress/psoc creator/4.4/psoc creator/import/gnu/arm/5.4.1/bin/../lib/gcc/arm-none-eabi/5.4.1/../../../../arm-none-eabi/lib/armv7e-m/softfp\libnosys.a(isatty.o)
                0x10088fa4                _isatty
 .text._lseek   0x10088fb4       0x10 c:/program files (x86)/cypress/psoc creator/4.4/psoc creator/import/gnu/arm/5.4.1/bin/../lib/gcc/arm-none-eabi/5.4.1/../../../../arm-none-eabi/lib/armv7e-m/softfp\libnosys.a(lseek.o)
                0x10088fb4                _lseek
 .text._sbrk    0x10088fc4       0x1c c:/program files (x86)/cypress/psoc creator/4.4/psoc creator/import/gnu/arm/5.4.1/bin/../lib/gcc/arm-none-eabi/5.4.1/../../../../arm-none-eabi/lib/armv7e-m/softfp\libnosys.a(sbrk.o)
                0x10088fc4                _sbrk
 *(.init)
 .init          0x10088fe0        0x4 c:/program files (x86)/cypress/psoc creator/4.4/psoc creator/import/gnu/arm/5.4.1/bin/../lib/gcc/arm-none-eabi/5.4.1/armv7e-m/softfp/crti.o
                0x10088fe0                _init
 .init          0x10088fe4        0x8 c:/program files (x86)/cypress/psoc creator/4.4/psoc creator/import/gnu/arm/5.4.1/bin/../lib/gcc/arm-none-eabi/5.4.1/armv7e-m/softfp/crtn.o
 *(.fini)
 .fini          0x10088fec        0x4 c:/program files (x86)/cypress/psoc creator/4.4/psoc creator/import/gnu/arm/5.4.1/bin/../lib/gcc/arm-none-eabi/5.4.1/armv7e-m/softfp/crti.o
                0x10088fec                _fini
 .fini          0x10088ff0        0x8 c:/program files (x86)/cypress/psoc creator/4.4/psoc creator/import/gnu/arm/5.4.1/bin/../lib/gcc/arm-none-eabi/5.4.1/armv7e-m/softfp/crtn.o
 *crtbegin.o(.ctors)
 *crtbegin?.o(.ctors)
 *(EXCLUDE_FILE(*crtend.o *crtend?.o) .ctors)
 *(SORT(.ctors.*))
 *(.ctors)
 *crtbegin.o(.dtors)
 *crtbegin?.o(.dtors)
 *(EXCLUDE_FILE(*crtend.o *crtend?.o) .dtors)
 *(SORT(.dtors.*))
 *(.dtors)
 *(.rodata .rodata.* .constdata .constdata.* .conststring .conststring.*)
 .rodata.str1.4
                0x10088ff8       0xe3 .\CortexM4\ARM_GCC_541\Debug\motion_task.o
 *fill*         0x100890db        0x1 
 .rodata.str1.4
                0x100890dc        0xa .\CortexM4\ARM_GCC_541\Debug\uart_debug.o
                                 0x12 (size before relaxing)
 *fill*         0x100890e6        0x2 
 .rodata.str1.4
                0x100890e8       0xe5 .\CortexM4\ARM_GCC_541\Debug\main_cm4.o
 *fill*         0x100891cd        0x3 
 .rodata        0x100891d0       0x34 .\CortexM4\ARM_GCC_541\Debug\system_psoc6_cm4.o
 .rodata        0x10089204        0xd .\CortexM4\ARM_GCC_541\Debug\bmi160.o
                0x10089204                int_mask_lookup_table
 *fill*         0x10089211        0x3 
 .rodata.str1.4
                0x10089214       0x3b .\CortexM4\ARM_GCC_541\Debug\i2cm_support.o
 *fill*         0x1008924f        0x1 
 .rodata        0x10089250       0x18 .\CortexM4\ARM_GCC_541\Debug\cyfitter_sysint_cfg.o
                0x10089250                SysInt_AnyMotionINT_cfg
                0x10089258                DEBUG_UART_SCB_IRQ_cfg
                0x10089260                I2Cm_SCB_IRQ_cfg
 .rodata        0x10089268       0x40 .\CortexM4\ARM_GCC_541\Debug\DEBUG_UART.o
                0x10089268                DEBUG_UART_config
 .rodata        0x100892a8       0x14 .\CortexM4\ARM_GCC_541\Debug\I2Cm.o
                0x100892a8                I2Cm_config
 .rodata.str1.4
                0x100892bc       0x3f .\CortexM4\ARM_GCC_541\Debug\cy_flash.o
 *fill*         0x100892fb        0x1 
 .rodata.str1.4
                0x100892fc       0x7f .\CortexM4\ARM_GCC_541\Debug\cy_ipc_drv.o
 .rodata.str1.4
                0x1008937b       0x3f .\CortexM4\ARM_GCC_541\Debug\cy_ipc_sema.o
 *fill*         0x1008937b        0x1 
 .rodata.str1.4
                0x1008937c       0x40 .\CortexM4\ARM_GCC_541\Debug\cy_ipc_pipe.o
                                 0x7f (size before relaxing)
 .rodata.str1.4
                0x100893bc       0xc3 .\CortexM4\ARM_GCC_541\Debug\cy_scb_i2c.o
 *fill*         0x1008947f        0x1 
 .rodata.str1.4
                0x10089480       0x80 .\CortexM4\ARM_GCC_541\Debug\cy_scb_uart.o
                                 0xc4 (size before relaxing)
 .rodata.str1.4
                0x10089500       0x41 .\CortexM4\ARM_GCC_541\Debug\cy_sysint.o
 *fill*         0x10089541        0x3 
 .rodata.str1.4
                0x10089544       0x3f .\CortexM4\ARM_GCC_541\Debug\cy_syspm.o
                                 0x7f (size before relaxing)
 *fill*         0x10089583        0x1 
 .rodata        0x10089584      0x170 .\CortexM4\ARM_GCC_541\Debug\cy_device.o
                0x10089584                cy_deviceIpBlockCfgPSoC6_02
                0x1008963c                cy_deviceIpBlockCfgPSoC6_01
 .rodata.str1.4
                0x100896f4        0x5 .\CortexM4\ARM_GCC_541\Debug\tasks.o
 *fill*         0x100896f9        0x3 
 .rodata.str1.4
                0x100896fc       0x10 .\CortexM4\ARM_GCC_541\Debug\timers.o
 .rodata.str1.1
                0x1008970c        0x2 c:/program files (x86)/cypress/psoc creator/4.4/psoc creator/import/gnu/arm/5.4.1/bin/../lib/gcc/arm-none-eabi/5.4.1/../../../../arm-none-eabi/lib/armv7e-m/softfp\libg_nano.a(lib_a-impure.o)
 *fill*         0x1008970e        0x2 
 .rodata._global_impure_ptr
                0x10089710        0x4 c:/program files (x86)/cypress/psoc creator/4.4/psoc creator/import/gnu/arm/5.4.1/bin/../lib/gcc/arm-none-eabi/5.4.1/../../../../arm-none-eabi/lib/armv7e-m/softfp\libg_nano.a(lib_a-impure.o)
                0x10089710                _global_impure_ptr
 .rodata.str1.1
                0x10089714       0x12 c:/program files (x86)/cypress/psoc creator/4.4/psoc creator/import/gnu/arm/5.4.1/bin/../lib/gcc/arm-none-eabi/5.4.1/../../../../arm-none-eabi/lib/armv7e-m/softfp\libg_nano.a(lib_a-nano-vfprintf_float.o)
 .rodata.str1.1
                0x10089726       0x22 c:/program files (x86)/cypress/psoc creator/4.4/psoc creator/import/gnu/arm/5.4.1/bin/../lib/gcc/arm-none-eabi/5.4.1/../../../../arm-none-eabi/lib/armv7e-m/softfp\libg_nano.a(lib_a-nano-vfprintf_i.o)
 .rodata.str1.1
                0x10089748        0xd c:/program files (x86)/cypress/psoc creator/4.4/psoc creator/import/gnu/arm/5.4.1/bin/../lib/gcc/arm-none-eabi/5.4.1/../../../../arm-none-eabi/lib/armv7e-m/softfp\libg_nano.a(lib_a-dtoa.o)
                                  0xf (size before relaxing)
 *fill*         0x10089755        0x3 
 .rodata.__sf_fake_stdin
                0x10089758       0x20 c:/program files (x86)/cypress/psoc creator/4.4/psoc creator/import/gnu/arm/5.4.1/bin/../lib/gcc/arm-none-eabi/5.4.1/../../../../arm-none-eabi/lib/armv7e-m/softfp\libg_nano.a(lib_a-findfp.o)
                0x10089758                __sf_fake_stdin
 .rodata.__sf_fake_stdout
                0x10089778       0x20 c:/program files (x86)/cypress/psoc creator/4.4/psoc creator/import/gnu/arm/5.4.1/bin/../lib/gcc/arm-none-eabi/5.4.1/../../../../arm-none-eabi/lib/armv7e-m/softfp\libg_nano.a(lib_a-findfp.o)
                0x10089778                __sf_fake_stdout
 .rodata.__sf_fake_stderr
                0x10089798       0x20 c:/program files (x86)/cypress/psoc creator/4.4/psoc creator/import/gnu/arm/5.4.1/bin/../lib/gcc/arm-none-eabi/5.4.1/../../../../arm-none-eabi/lib/armv7e-m/softfp\libg_nano.a(lib_a-findfp.o)
                0x10089798                __sf_fake_stderr
 .rodata.str1.1
                0x100897b8        0x8 c:/program files (x86)/cypress/psoc creator/4.4/psoc creator/import/gnu/arm/5.4.1/bin/../lib/gcc/arm-none-eabi/5.4.1/../../../../arm-none-eabi/lib/armv7e-m/softfp\libg_nano.a(lib_a-locale.o)
                                  0xb (size before relaxing)
 .rodata.p05.5410
                0x100897c0        0xc c:/program files (x86)/cypress/psoc creator/4.4/psoc creator/import/gnu/arm/5.4.1/bin/../lib/gcc/arm-none-eabi/5.4.1/../../../../arm-none-eabi/lib/armv7e-m/softfp\libg_nano.a(lib_a-mprec.o)
 *fill*         0x100897cc        0x4 
 .rodata.__mprec_bigtens
                0x100897d0       0x28 c:/program files (x86)/cypress/psoc creator/4.4/psoc creator/import/gnu/arm/5.4.1/bin/../lib/gcc/arm-none-eabi/5.4.1/../../../../arm-none-eabi/lib/armv7e-m/softfp\libg_nano.a(lib_a-mprec.o)
                0x100897d0                __mprec_bigtens
 .rodata.__mprec_tens
                0x100897f8       0xc8 c:/program files (x86)/cypress/psoc creator/4.4/psoc creator/import/gnu/arm/5.4.1/bin/../lib/gcc/arm-none-eabi/5.4.1/../../../../arm-none-eabi/lib/armv7e-m/softfp\libg_nano.a(lib_a-mprec.o)
                0x100897f8                __mprec_tens
 .rodata.str1.1
                0x100898c0       0x11 c:/program files (x86)/cypress/psoc creator/4.4/psoc creator/import/gnu/arm/5.4.1/bin/../lib/gcc/arm-none-eabi/5.4.1/../../../../arm-none-eabi/lib/armv7e-m/softfp\libg_nano.a(lib_a-nano-vfprintf.o)
 *(.eh_frame*)
 *fill*         0x100898d1        0x3 
 .eh_frame      0x100898d4        0x0 c:/program files (x86)/cypress/psoc creator/4.4/psoc creator/import/gnu/arm/5.4.1/bin/../lib/gcc/arm-none-eabi/5.4.1/armv7e-m/softfp/crtbegin.o
 .eh_frame      0x100898d4        0x4 c:/program files (x86)/cypress/psoc creator/4.4/psoc creator/import/gnu/arm/5.4.1/bin/../lib/gcc/arm-none-eabi/5.4.1/armv7e-m/softfp/crtend.o

.glue_7         0x100898d8        0x0
 .glue_7        0x100898d8        0x0 linker stubs

.glue_7t        0x100898d8        0x0
 .glue_7t       0x100898d8        0x0 linker stubs

.vfp11_veneer   0x100898d8        0x0
 .vfp11_veneer  0x100898d8        0x0 linker stubs

.v4_bx          0x100898d8        0x0
 .v4_bx         0x100898d8        0x0 linker stubs

.iplt           0x100898d8        0x0
 .iplt          0x100898d8        0x0 c:/program files (x86)/cypress/psoc creator/4.4/psoc creator/import/gnu/arm/5.4.1/bin/../lib/gcc/arm-none-eabi/5.4.1/armv7e-m/softfp/crtbegin.o

.ARM.extab
 *(.ARM.extab* .gnu.linkonce.armextab.*)
                0x100898d8                __exidx_start = .

.ARM.exidx
 *(.ARM.exidx* .gnu.linkonce.armexidx.*)
                0x100898d8                __exidx_end = .

.copy.table     0x100898d8       0x18
                0x100898d8                . = ALIGN (0x4)
                0x100898d8                __copy_table_start__ = .
                0x100898d8        0x4 LONG 0x10080000 __Vectors
                0x100898dc        0x4 LONG 0x8024000 __ram_vectors_start__
                0x100898e0        0x4 LONG 0x28c (__Vectors_End - __Vectors)
                0x100898e4        0x4 LONG 0x100898f8 __etext
                0x100898e8        0x4 LONG 0x802428c __data_start__
                0x100898ec        0x4 LONG 0x664 (__data_end__ - __data_start__)
                0x100898f0                __copy_table_end__ = .

.zero.table     0x100898f0        0x8
                0x100898f0                . = ALIGN (0x4)
                0x100898f0                __zero_table_start__ = .
                0x100898f0        0x4 LONG 0x8024984 __bss_start__
                0x100898f4        0x4 LONG 0x2dac (__bss_end__ - __bss_start__)
                0x100898f8                __zero_table_end__ = .
                0x100898f8                __etext = .

.ramVectors     0x08024000      0x28c
                0x08024000                __ram_vectors_start__ = .
 *(.ram_vectors)
 .ram_vectors   0x08024000      0x28c .\CortexM4\ARM_GCC_541\Debug\startup_psoc6_01_cm4.o
                0x08024000                __ramVectors
                0x0802428c                __ram_vectors_end__ = .

.data           0x0802428c      0x664 load address 0x100898f8
                0x0802428c                __data_start__ = .
 *(vtable)
 *(.data*)
 .data          0x0802428c       0x20 .\CortexM4\ARM_GCC_541\Debug\system_psoc6_cm4.o
                0x0802428c                cy_BleEcoClockFreqHz
                0x08024290                cy_Hfclk0FreqHz
                0x08024294                cy_PeriClkFreqHz
                0x08024298                SystemCoreClock
                0x0802429c                cy_delayFreqHz
                0x080242a0                cy_delayFreqMhz
                0x080242a4                cy_delayFreqKhz
                0x080242a8                cy_delay32kMs
 .data          0x080242ac        0x4 .\CortexM4\ARM_GCC_541\Debug\port.o
 .data.impure_data
                0x080242b0       0x60 c:/program files (x86)/cypress/psoc creator/4.4/psoc creator/import/gnu/arm/5.4.1/bin/../lib/gcc/arm-none-eabi/5.4.1/../../../../arm-none-eabi/lib/armv7e-m/softfp\libg_nano.a(lib_a-impure.o)
 .data._impure_ptr
                0x08024310        0x4 c:/program files (x86)/cypress/psoc creator/4.4/psoc creator/import/gnu/arm/5.4.1/bin/../lib/gcc/arm-none-eabi/5.4.1/../../../../arm-none-eabi/lib/armv7e-m/softfp\libg_nano.a(lib_a-impure.o)
                0x08024310                _impure_ptr
 .data.lconv    0x08024314       0x38 c:/program files (x86)/cypress/psoc creator/4.4/psoc creator/import/gnu/arm/5.4.1/bin/../lib/gcc/arm-none-eabi/5.4.1/../../../../arm-none-eabi/lib/armv7e-m/softfp\libg_nano.a(lib_a-locale.o)
                0x0802434c                . = ALIGN (0x4)
                0x0802434c                PROVIDE (__preinit_array_start, .)
 *(.preinit_array)
                0x0802434c                PROVIDE (__preinit_array_end, .)
                0x0802434c                . = ALIGN (0x4)
                0x0802434c                PROVIDE (__init_array_start, .)
 *(SORT(.init_array.*))
 *(.init_array)
 .init_array    0x0802434c        0x4 c:/program files (x86)/cypress/psoc creator/4.4/psoc creator/import/gnu/arm/5.4.1/bin/../lib/gcc/arm-none-eabi/5.4.1/armv7e-m/softfp/crtbegin.o
                0x08024350                PROVIDE (__init_array_end, .)
                0x08024350                . = ALIGN (0x4)
                [!provide]                PROVIDE (__fini_array_start, .)
 *(SORT(.fini_array.*))
 *(.fini_array)
 .fini_array    0x08024350        0x4 c:/program files (x86)/cypress/psoc creator/4.4/psoc creator/import/gnu/arm/5.4.1/bin/../lib/gcc/arm-none-eabi/5.4.1/armv7e-m/softfp/crtbegin.o
                [!provide]                PROVIDE (__fini_array_end, .)
 *(.jcr*)
 .jcr           0x08024354        0x0 c:/program files (x86)/cypress/psoc creator/4.4/psoc creator/import/gnu/arm/5.4.1/bin/../lib/gcc/arm-none-eabi/5.4.1/armv7e-m/softfp/crtbegin.o
 .jcr           0x08024354        0x4 c:/program files (x86)/cypress/psoc creator/4.4/psoc creator/import/gnu/arm/5.4.1/bin/../lib/gcc/arm-none-eabi/5.4.1/armv7e-m/softfp/crtend.o
                0x08024358                . = ALIGN (0x4)
 *(.cy_ramfunc*)
 .cy_ramfunc    0x08024358      0x300 .\CortexM4\ARM_GCC_541\Debug\cy_flash.o
                0x080243c4                Cy_Flash_ResumeIrqHandler
 .cy_ramfunc    0x08024658      0x218 .\CortexM4\ARM_GCC_541\Debug\cy_syspm.o
 .cy_ramfunc.__stub
                0x08024870       0x80 linker stubs
                0x080248f0                . = ALIGN (0x4)
                0x080248f0                __data_end__ = .

.igot.plt       0x080248f0        0x0 load address 0x10089f5c
 .igot.plt      0x080248f0        0x0 c:/program files (x86)/cypress/psoc creator/4.4/psoc creator/import/gnu/arm/5.4.1/bin/../lib/gcc/arm-none-eabi/5.4.1/armv7e-m/softfp/crtbegin.o

.noinit         0x080248f0       0x94 load address 0x10089f60
 *(.noinit)
 .noinit        0x080248f0       0x94 .\CortexM4\ARM_GCC_541\Debug\cy_syslib.o
                0x080248f0                cy_assertFileName
                0x08024908                cy_assertLine
                0x0802490c                cy_faultFrame

.bss            0x08024984     0x2dac load address 0x10089ff4
                0x08024984                . = ALIGN (0x4)
                0x08024984                __bss_start__ = .
 *(.bss*)
 .bss           0x08024984       0x1c c:/program files (x86)/cypress/psoc creator/4.4/psoc creator/import/gnu/arm/5.4.1/bin/../lib/gcc/arm-none-eabi/5.4.1/armv7e-m/softfp/crtbegin.o
 .bss           0x080249a0      0x180 .\CortexM4\ARM_GCC_541\Debug\system_psoc6_cm4.o
 .bss           0x08024b20       0x10 .\CortexM4\ARM_GCC_541\Debug\i2cm_support.o
 .bss           0x08024b30        0x1 .\CortexM4\ARM_GCC_541\Debug\DEBUG_UART.o
                0x08024b30                DEBUG_UART_initVar
 .bss           0x08024b31        0x1 .\CortexM4\ARM_GCC_541\Debug\I2Cm.o
                0x08024b31                I2Cm_initVar
 *fill*         0x08024b32        0x2 
 .bss           0x08024b34       0x18 .\CortexM4\ARM_GCC_541\Debug\cy_flash.o
 .bss           0x08024b4c        0xc .\CortexM4\ARM_GCC_541\Debug\cy_ipc_sema.o
 .bss           0x08024b58        0x4 .\CortexM4\ARM_GCC_541\Debug\cy_ipc_pipe.o
 .bss           0x08024b5c       0x3c .\CortexM4\ARM_GCC_541\Debug\cy_syspm.o
 .bss           0x08024b98      0x230 .\CortexM4\ARM_GCC_541\Debug\tasks.o
                0x08024d9c                pxCurrentTCB
 .bss           0x08024dc8       0x3c .\CortexM4\ARM_GCC_541\Debug\timers.o
 .bss           0x08024e04        0x8 .\CortexM4\ARM_GCC_541\Debug\port.o
 .bss           0x08024e0c     0x2808 .\CortexM4\ARM_GCC_541\Debug\heap_1.o
 .bss.__malloc_sbrk_start
                0x08027614        0x4 c:/program files (x86)/cypress/psoc creator/4.4/psoc creator/import/gnu/arm/5.4.1/bin/../lib/gcc/arm-none-eabi/5.4.1/../../../../arm-none-eabi/lib/armv7e-m/softfp\libg_nano.a(lib_a-nano-mallocr.o)
                0x08027614                __malloc_sbrk_start
 .bss.__malloc_free_list
                0x08027618        0x4 c:/program files (x86)/cypress/psoc creator/4.4/psoc creator/import/gnu/arm/5.4.1/bin/../lib/gcc/arm-none-eabi/5.4.1/../../../../arm-none-eabi/lib/armv7e-m/softfp\libg_nano.a(lib_a-nano-mallocr.o)
                0x08027618                __malloc_free_list
 .bss.heap_end.4169
                0x0802761c        0x4 c:/program files (x86)/cypress/psoc creator/4.4/psoc creator/import/gnu/arm/5.4.1/bin/../lib/gcc/arm-none-eabi/5.4.1/../../../../arm-none-eabi/lib/armv7e-m/softfp\libnosys.a(sbrk.o)
 *(COMMON)
 COMMON         0x08027620       0x2c .\CortexM4\ARM_GCC_541\Debug\motion_task.o
                0x08027620                sensor
                0x08027648                xTaskHandleMotion
 COMMON         0x0802764c        0x4 .\CortexM4\ARM_GCC_541\Debug\uart_debug.o
                0x0802764c                debugMessageQ
 COMMON         0x08027650        0x4 .\CortexM4\ARM_GCC_541\Debug\i2cm_support.o
                0x08027650                xSemaphoreI2C
 COMMON         0x08027654       0x38 .\CortexM4\ARM_GCC_541\Debug\DEBUG_UART.o
                0x08027654                DEBUG_UART_context
 COMMON         0x0802768c       0x4c .\CortexM4\ARM_GCC_541\Debug\I2Cm.o
                0x0802768c                I2Cm_context
 COMMON         0x080276d8        0x4 .\CortexM4\ARM_GCC_541\Debug\cy_device.o
                0x080276d8                cy_device
 COMMON         0x080276dc       0x50 .\CortexM4\ARM_GCC_541\Debug\queue.o
                0x080276dc                xQueueRegistry
 COMMON         0x0802772c        0x4 c:/program files (x86)/cypress/psoc creator/4.4/psoc creator/import/gnu/arm/5.4.1/bin/../lib/gcc/arm-none-eabi/5.4.1/../../../../arm-none-eabi/lib/armv7e-m/softfp\libg_nano.a(lib_a-reent.o)
                0x0802772c                errno
                0x08027730                . = ALIGN (0x4)
                0x08027730                __bss_end__ = .

.heap           0x08027730      0x400
                0x08027730                __HeapBase = .
                0x08027730                __end__ = .
                0x08027730                end = __end__
 *(.heap*)
 .heap          0x08027730      0x400 .\CortexM4\ARM_GCC_541\Debug\startup_psoc6_01_cm4.o
                0x08027b30                __HeapLimit = .

.stack_dummy    0x08027730     0x1000
 *(.stack*)
 .stack         0x08027730     0x1000 .\CortexM4\ARM_GCC_541\Debug\startup_psoc6_01_cm4.o
                0x08047800                __StackTop = (ORIGIN (ram) + LENGTH (ram))
                0x08046800                __StackLimit = (__StackTop - SIZEOF (.stack_dummy))
                0x08047800                PROVIDE (__stack, __StackTop)
                0x00000001                ASSERT ((__StackLimit >= __HeapLimit), region RAM overflowed with stack)

.cy_app_signature
 *(.cy_app_signature)

.cy_em_eeprom
 *(.cy_em_eeprom)

.cy_sflash_user_data
 *(.cy_sflash_user_data)

.cy_sflash_nar
 *(.cy_sflash_nar)

.cy_sflash_public_key
 *(.cy_sflash_public_key)

.cy_toc_part2
 *(.cy_toc_part2)

.cy_rtoc_part2
 *(.cy_rtoc_part2)

.cy_xip
 *(.cy_xip)

.cy_efuse
 *(.cy_efuse)

.cymeta         0x90500000        0xc
 *(.cymeta)
 .cymeta        0x90500000        0xc .\CortexM4\ARM_GCC_541\Debug\cymetadata.o
                0x90500000                cy_metadata
                0x10000000                __cy_memory_0_start = 0x10000000
                0x00100000                __cy_memory_0_length = 0x100000
                0x00000200                __cy_memory_0_row_size = 0x200
                0x14000000                __cy_memory_1_start = 0x14000000
                0x00008000                __cy_memory_1_length = 0x8000
                0x00000200                __cy_memory_1_row_size = 0x200
                0x16000000                __cy_memory_2_start = 0x16000000
                0x00008000                __cy_memory_2_length = 0x8000
                0x00000200                __cy_memory_2_row_size = 0x200
                0x18000000                __cy_memory_3_start = 0x18000000
                0x08000000                __cy_memory_3_length = 0x8000000
                0x00000200                __cy_memory_3_row_size = 0x200
                0x90700000                __cy_memory_4_start = 0x90700000
                0x00100000                __cy_memory_4_length = 0x100000
                0x00000001                __cy_memory_4_row_size = 0x1
OUTPUT(C:\Users\Mathieu\OneDrive\Desktop\Projet2\MotionDetectionViaInterupt.cydsn\CortexM4\ARM_GCC_541\Debug\MotionDetectionViaInterupt_link.elf elf32-littlearm)

.rel.dyn        0x08027730        0x0 load address 0x9856567c
 .rel.iplt      0x08027730        0x0 c:/program files (x86)/cypress/psoc creator/4.4/psoc creator/import/gnu/arm/5.4.1/bin/../lib/gcc/arm-none-eabi/5.4.1/armv7e-m/softfp/crtbegin.o

.ARM.attributes
                0x00000000       0x2e
 .ARM.attributes
                0x00000000       0x22 c:/program files (x86)/cypress/psoc creator/4.4/psoc creator/import/gnu/arm/5.4.1/bin/../lib/gcc/arm-none-eabi/5.4.1/armv7e-m/softfp/crti.o
 .ARM.attributes
                0x00000022       0x32 c:/program files (x86)/cypress/psoc creator/4.4/psoc creator/import/gnu/arm/5.4.1/bin/../lib/gcc/arm-none-eabi/5.4.1/armv7e-m/softfp/crtbegin.o
 .ARM.attributes
                0x00000054       0x37 .\CortexM4\ARM_GCC_541\Debug\motion_task.o
 .ARM.attributes
                0x0000008b       0x37 .\CortexM4\ARM_GCC_541\Debug\uart_debug.o
 .ARM.attributes
                0x000000c2       0x1f .\CortexM4\ARM_GCC_541\Debug\startup_psoc6_01_cm4.o
 .ARM.attributes
                0x000000e1       0x37 .\CortexM4\ARM_GCC_541\Debug\main_cm4.o
 .ARM.attributes
                0x00000118       0x37 .\CortexM4\ARM_GCC_541\Debug\system_psoc6_cm4.o
 .ARM.attributes
                0x0000014f       0x37 .\CortexM4\ARM_GCC_541\Debug\bmi160.o
 .ARM.attributes
                0x00000186       0x37 .\CortexM4\ARM_GCC_541\Debug\i2cm_support.o
 .ARM.attributes
                0x000001bd       0x37 .\CortexM4\ARM_GCC_541\Debug\stdio_user.o
 .ARM.attributes
                0x000001f4       0x37 .\CortexM4\ARM_GCC_541\Debug\cyfitter_sysint_cfg.o
 .ARM.attributes
                0x0000022b       0x37 .\CortexM4\ARM_GCC_541\Debug\cymetadata.o
 .ARM.attributes
                0x00000262       0x37 .\CortexM4\ARM_GCC_541\Debug\DEBUG_UART.o
 .ARM.attributes
                0x00000299       0x37 .\CortexM4\ARM_GCC_541\Debug\I2Cm.o
 .ARM.attributes
                0x000002d0       0x37 .\CortexM4\ARM_GCC_541\Debug\cy_flash.o
 .ARM.attributes
                0x00000307       0x37 .\CortexM4\ARM_GCC_541\Debug\cy_ipc_drv.o
 .ARM.attributes
                0x0000033e       0x37 .\CortexM4\ARM_GCC_541\Debug\cy_ipc_sema.o
 .ARM.attributes
                0x00000375       0x37 .\CortexM4\ARM_GCC_541\Debug\cy_ipc_pipe.o
 .ARM.attributes
                0x000003ac       0x37 .\CortexM4\ARM_GCC_541\Debug\cy_scb_common.o
 .ARM.attributes
                0x000003e3       0x37 .\CortexM4\ARM_GCC_541\Debug\cy_scb_i2c.o
 .ARM.attributes
                0x0000041a       0x37 .\CortexM4\ARM_GCC_541\Debug\cy_scb_uart.o
 .ARM.attributes
                0x00000451       0x37 .\CortexM4\ARM_GCC_541\Debug\cy_sysint.o