Archive member included to satisfy reference by file (symbol)

c:/program files (x86)/cypress/psoc creator/4.4/psoc creator/import/gnu/arm/5.4.1/bin/../lib/gcc/arm-none-eabi/5.4.1/armv7e-m/softfp\libgcc.a(_arm_addsubdf3.o)
                              .\CortexM4\ARM_GCC_541\Debug\cy_sysclk.o (__aeabi_f2d)
c:/program files (x86)/cypress/psoc creator/4.4/psoc creator/import/gnu/arm/5.4.1/bin/../lib/gcc/arm-none-eabi/5.4.1/armv7e-m/softfp\libgcc.a(_arm_muldivdf3.o)
                              .\CortexM4\ARM_GCC_541\Debug\cy_sysclk.o (__aeabi_ddiv)
c:/program files (x86)/cypress/psoc creator/4.4/psoc creator/import/gnu/arm/5.4.1/bin/../lib/gcc/arm-none-eabi/5.4.1/armv7e-m/softfp\libgcc.a(_arm_fixunsdfsi.o)
                              .\CortexM4\ARM_GCC_541\Debug\cy_sysclk.o (__aeabi_d2uiz)
c:/program files (x86)/cypress/psoc creator/4.4/psoc creator/import/gnu/arm/5.4.1/bin/../lib/gcc/arm-none-eabi/5.4.1/armv7e-m/softfp\libgcc.a(_aeabi_uldivmod.o)
                              .\CortexM4\ARM_GCC_541\Debug\cy_sysclk.o (__aeabi_uldivmod)
c:/program files (x86)/cypress/psoc creator/4.4/psoc creator/import/gnu/arm/5.4.1/bin/../lib/gcc/arm-none-eabi/5.4.1/armv7e-m/softfp\libgcc.a(_udivmoddi4.o)
                              c:/program files (x86)/cypress/psoc creator/4.4/psoc creator/import/gnu/arm/5.4.1/bin/../lib/gcc/arm-none-eabi/5.4.1/armv7e-m/softfp\libgcc.a(_aeabi_uldivmod.o) (__udivmoddi4)
c:/program files (x86)/cypress/psoc creator/4.4/psoc creator/import/gnu/arm/5.4.1/bin/../lib/gcc/arm-none-eabi/5.4.1/armv7e-m/softfp\libgcc.a(_dvmd_tls.o)
                              c:/program files (x86)/cypress/psoc creator/4.4/psoc creator/import/gnu/arm/5.4.1/bin/../lib/gcc/arm-none-eabi/5.4.1/armv7e-m/softfp\libgcc.a(_aeabi_uldivmod.o) (__aeabi_ldiv0)
c:/program files (x86)/cypress/psoc creator/4.4/psoc creator/import/gnu/arm/5.4.1/bin/../lib/gcc/arm-none-eabi/5.4.1/../../../../arm-none-eabi/lib/armv7e-m/softfp\libg_nano.a(lib_a-exit.o)
                              c:/program files (x86)/cypress/psoc creator/4.4/psoc creator/import/gnu/arm/5.4.1/bin/../lib/gcc/arm-none-eabi/5.4.1/../../../../arm-none-eabi/lib/armv7e-m/softfp/crt0.o (exit)
c:/program files (x86)/cypress/psoc creator/4.4/psoc creator/import/gnu/arm/5.4.1/bin/../lib/gcc/arm-none-eabi/5.4.1/../../../../arm-none-eabi/lib/armv7e-m/softfp\libg_nano.a(lib_a-impure.o)
                              c:/program files (x86)/cypress/psoc creator/4.4/psoc creator/import/gnu/arm/5.4.1/bin/../lib/gcc/arm-none-eabi/5.4.1/../../../../arm-none-eabi/lib/armv7e-m/softfp\libg_nano.a(lib_a-exit.o) (_global_impure_ptr)
c:/program files (x86)/cypress/psoc creator/4.4/psoc creator/import/gnu/arm/5.4.1/bin/../lib/gcc/arm-none-eabi/5.4.1/../../../../arm-none-eabi/lib/armv7e-m/softfp\libg_nano.a(lib_a-init.o)
                              c:/program files (x86)/cypress/psoc creator/4.4/psoc creator/import/gnu/arm/5.4.1/bin/../lib/gcc/arm-none-eabi/5.4.1/../../../../arm-none-eabi/lib/armv7e-m/softfp/crt0.o (__libc_init_array)
c:/program files (x86)/cypress/psoc creator/4.4/psoc creator/import/gnu/arm/5.4.1/bin/../lib/gcc/arm-none-eabi/5.4.1/../../../../arm-none-eabi/lib/armv7e-m/softfp\libg_nano.a(lib_a-memcpy-stub.o)
                              .\CortexM4\ARM_GCC_541\Debug\queue.o (memcpy)
c:/program files (x86)/cypress/psoc creator/4.4/psoc creator/import/gnu/arm/5.4.1/bin/../lib/gcc/arm-none-eabi/5.4.1/../../../../arm-none-eabi/lib/armv7e-m/softfp\libg_nano.a(lib_a-memset.o)
                              c:/program files (x86)/cypress/psoc creator/4.4/psoc creator/import/gnu/arm/5.4.1/bin/../lib/gcc/arm-none-eabi/5.4.1/../../../../arm-none-eabi/lib/armv7e-m/softfp/crt0.o (memset)
c:/program files (x86)/cypress/psoc creator/4.4/psoc creator/import/gnu/arm/5.4.1/bin/../lib/gcc/arm-none-eabi/5.4.1/../../../../arm-none-eabi/lib/armv7e-m/softfp\libg_nano.a(lib_a-nano-vfprintf_float.o)
                              .\CortexM4\ARM_GCC_541\Debug\retarget.o (_printf_float)
c:/program files (x86)/cypress/psoc creator/4.4/psoc creator/import/gnu/arm/5.4.1/bin/../lib/gcc/arm-none-eabi/5.4.1/../../../../arm-none-eabi/lib/armv7e-m/softfp\libg_nano.a(lib_a-nano-vfprintf_i.o)
                              c:/program files (x86)/cypress/psoc creator/4.4/psoc creator/import/gnu/arm/5.4.1/bin/../lib/gcc/arm-none-eabi/5.4.1/../../../../arm-none-eabi/lib/armv7e-m/softfp\libg_nano.a(lib_a-nano-vfprintf_float.o) (_printf_common)
c:/program files (x86)/cypress/psoc creator/4.4/psoc creator/import/gnu/arm/5.4.1/bin/../lib/gcc/arm-none-eabi/5.4.1/../../../../arm-none-eabi/lib/armv7e-m/softfp\libg_nano.a(lib_a-nano-vfscanf_float.o)
                              .\CortexM4\ARM_GCC_541\Debug\retarget.o (_scanf_float)
c:/program files (x86)/cypress/psoc creator/4.4/psoc creator/import/gnu/arm/5.4.1/bin/../lib/gcc/arm-none-eabi/5.4.1/../../../../arm-none-eabi/lib/armv7e-m/softfp\libg_nano.a(lib_a-puts.o)
                              .\CortexM4\ARM_GCC_541\Debug\main_cm4.o (puts)
[...]
Memory Configuration

Name             Origin             Length             Attributes
ram              0x08024000         0x00023800         xrw
flash            0x10080000         0x00080000         xr
em_eeprom        0x14000000         0x00008000         xr
sflash_user_data 0x16000800         0x00000800         xr
sflash_nar       0x16001a00         0x00000200         xr
sflash_public_key 0x16005a00         0x00000c00         xr
sflash_toc_2     0x16007c00         0x00000200         xr
sflash_rtoc_2    0x16007e00         0x00000200         xr
xip              0x18000000         0x08000000         xr
efuse            0x90700000         0x00100000         r
*default*        0x00000000         0xffffffff

Linker script and memory map

LOAD c:/program files (x86)/cypress/psoc creator/4.4/psoc creator/import/gnu/arm/5.4.1/bin/../lib/gcc/arm-none-eabi/5.4.1/armv7e-m/softfp/crti.o
LOAD c:/program files (x86)/cypress/psoc creator/4.4/psoc creator/import/gnu/arm/5.4.1/bin/../lib/gcc/arm-none-eabi/5.4.1/armv7e-m/softfp/crtbegin.o
LOAD c:/program files (x86)/cypress/psoc creator/4.4/psoc creator/import/gnu/arm/5.4.1/bin/../lib/gcc/arm-none-eabi/5.4.1/../../../../arm-none-eabi/lib/armv7e-m/softfp/crt0.o
START GROUP
LOAD .\CortexM4\ARM_GCC_541\Debug\startup_psoc6_01_cm4.o
LOAD .\CortexM4\ARM_GCC_541\Debug\main_cm4.o
LOAD .\CortexM4\ARM_GCC_541\Debug\system_psoc6_cm4.o
LOAD .\CortexM4\ARM_GCC_541\Debug\bmi160.o
LOAD .\CortexM4\ARM_GCC_541\Debug\stdio_user.o
LOAD .\CortexM4\ARM_GCC_541\Debug\cyfitter_sysint_cfg.o
LOAD .\CortexM4\ARM_GCC_541\Debug\cymetadata.o
LOAD .\CortexM4\ARM_GCC_541\Debug\I2C.o
LOAD .\CortexM4\ARM_GCC_541\Debug\cy_efuse.o
LOAD .\CortexM4\ARM_GCC_541\Debug\cy_flash.o
LOAD .\CortexM4\ARM_GCC_541\Debug\cy_gpio.o
LOAD .\CortexM4\ARM_GCC_541\Debug\cy_ipc_drv.o
LOAD .\CortexM4\ARM_GCC_541\Debug\cy_ipc_sema.o
LOAD .\CortexM4\ARM_GCC_541\Debug\cy_ipc_pipe.o
LOAD .\CortexM4\ARM_GCC_541\Debug\cy_lvd.o
LOAD .\CortexM4\ARM_GCC_541\Debug\cy_profile.o
LOAD .\CortexM4\ARM_GCC_541\Debug\cy_prot.o
LOAD .\CortexM4\ARM_GCC_541\Debug\cy_scb_common.o
LOAD .\CortexM4\ARM_GCC_541\Debug\cy_scb_i2c.o
LOAD .\CortexM4\ARM_GCC_541\Debug\cy_scb_ezi2c.o
LOAD .\CortexM4\ARM_GCC_541\Debug\cy_scb_spi.o
LOAD .\CortexM4\ARM_GCC_541\Debug\cy_scb_uart.o
LOAD .\CortexM4\ARM_GCC_541\Debug\cy_sysanalog.o
LOAD .\CortexM4\ARM_GCC_541\Debug\cy_sysclk.o
LOAD .\CortexM4\ARM_GCC_541\Debug\cy_sysint.o
LOAD .\CortexM4\ARM_GCC_541\Debug\cy_syslib.o
LOAD .\CortexM4\ARM_GCC_541\Debug\cy_syslib_gcc.o
LOAD .\CortexM4\ARM_GCC_541\Debug\cy_syspm.o
LOAD .\CortexM4\ARM_GCC_541\Debug\cy_systick.o
LOAD .\CortexM4\ARM_GCC_541\Debug\cy_trigmux.o
LOAD .\CortexM4\ARM_GCC_541\Debug\cy_wdt.o
LOAD .\CortexM4\ARM_GCC_541\Debug\cy_device.o
LOAD .\CortexM4\ARM_GCC_541\Debug\cy_ble_clk.o
LOAD .\CortexM4\ARM_GCC_541\Debug\croutine.o
LOAD .\CortexM4\ARM_GCC_541\Debug\event_groups.o
LOAD .\CortexM4\ARM_GCC_541\Debug\list.o
LOAD .\CortexM4\ARM_GCC_541\Debug\queue.o
LOAD .\CortexM4\ARM_GCC_541\Debug\tasks.o
LOAD .\CortexM4\ARM_GCC_541\Debug\timers.o
LOAD .\CortexM4\ARM_GCC_541\Debug\stream_buffer.o
LOAD .\CortexM4\ARM_GCC_541\Debug\port.o
LOAD .\CortexM4\ARM_GCC_541\Debug\heap_1.o
LOAD .\CortexM4\ARM_GCC_541\Debug\retarget.o
LOAD .\CortexM4\ARM_GCC_541\Debug\UART.o
END GROUP
START GROUP
LOAD c:/program files (x86)/cypress/psoc creator/4.4/psoc creator/import/gnu/arm/5.4.1/bin/../lib/gcc/arm-none-eabi/5.4.1/armv7e-m/softfp\libgcc.a
LOAD c:/program files (x86)/cypress/psoc creator/4.4/psoc creator/import/gnu/arm/5.4.1/bin/../lib/gcc/arm-none-eabi/5.4.1/../../../../arm-none-eabi/lib/armv7e-m/softfp\libg_nano.a
LOAD c:/program files (x86)/cypress/psoc creator/4.4/psoc creator/import/gnu/arm/5.4.1/bin/../lib/gcc/arm-none-eabi/5.4.1/../../../../arm-none-eabi/lib/armv7e-m/softfp\libc_nano.a
END GROUP
START GROUP
LOAD c:/program files (x86)/cypress/psoc creator/4.4/psoc creator/import/gnu/arm/5.4.1/bin/../lib/gcc/arm-none-eabi/5.4.1/armv7e-m/softfp\libgcc.a
LOAD c:/program files (x86)/cypress/psoc creator/4.4/psoc creator/import/gnu/arm/5.4.1/bin/../lib/gcc/arm-none-eabi/5.4.1/../../../../arm-none-eabi/lib/armv7e-m/softfp\libc_nano.a
END GROUP
LOAD c:/program files (x86)/cypress/psoc creator/4.4/psoc creator/import/gnu/arm/5.4.1/bin/../lib/gcc/arm-none-eabi/5.4.1/armv7e-m/softfp/crtend.o
LOAD c:/program files (x86)/cypress/psoc creator/4.4/psoc creator/import/gnu/arm/5.4.1/bin/../lib/gcc/arm-none-eabi/5.4.1/armv7e-m/softfp/crtn.o
START GROUP
LOAD c:/program files (x86)/cypress/psoc creator/4.4/psoc creator/import/gnu/arm/5.4.1/bin/../lib/gcc/arm-none-eabi/5.4.1/armv7e-m/softfp\libgcc.a
LOAD c:/program files (x86)/cypress/psoc creator/4.4/psoc creator/import/gnu/arm/5.4.1/bin/../lib/gcc/arm-none-eabi/5.4.1/../../../../arm-none-eabi/lib/armv7e-m/softfp\libc.a
LOAD c:/program files (x86)/cypress/psoc creator/4.4/psoc creator/import/gnu/arm/5.4.1/bin/../lib/gcc/arm-none-eabi/5.4.1/../../../../arm-none-eabi/lib/armv7e-m/softfp\libnosys.a
END GROUP
START GROUP
LOAD c:/program files (x86)/cypress/psoc creator/4.4/psoc creator/import/gnu/arm/5.4.1/bin/../lib/gcc/arm-none-eabi/5.4.1/armv7e-m/softfp\libgcc.a
LOAD c:/program files (x86)/cypress/psoc creator/4.4/psoc creator/import/gnu/arm/5.4.1/bin/../lib/gcc/arm-none-eabi/5.4.1/../../../../arm-none-eabi/lib/armv7e-m/softfp\libc.a
LOAD c:/program files (x86)/cypress/psoc creator/4.4/psoc creator/import/gnu/arm/5.4.1/bin/../lib/gcc/arm-none-eabi/5.4.1/../../../../arm-none-eabi/lib/armv7e-m/softfp\libm.a
LOAD c:/program files (x86)/cypress/psoc creator/4.4/psoc creator/import/gnu/arm/5.4.1/bin/../lib/gcc/arm-none-eabi/5.4.1/../../../../arm-none-eabi/lib/armv7e-m/softfp\libnosys.a
END GROUP

.text           0x10080000     0x5908
                0x10080000                . = ALIGN (0x4)
                0x10080000                __Vectors = .
 *(.vectors)
 .vectors       0x10080000      0x28c .\CortexM4\ARM_GCC_541\Debug\startup_psoc6_01_cm4.o
                0x1008028c                . = ALIGN (0x4)
                0x1008028c                __Vectors_End = .
                0x0000028c                __Vectors_Size = (__Vectors_End - __Vectors)
                0x1008028c                __end__ = .
                0x1008028c                . = ALIGN (0x4)
 *(.text*)
 .text          0x1008028c       0x5c c:/program files (x86)/cypress/psoc creator/4.4/psoc creator/import/gnu/arm/5.4.1/bin/../lib/gcc/arm-none-eabi/5.4.1/armv7e-m/softfp/crtbegin.o
 .text          0x100802e8       0x84 .\CortexM4\ARM_GCC_541\Debug\startup_psoc6_01_cm4.o
                0x100802e8                Cy_OnResetUser
                0x100802ea                Reset_Handler
                0x1008034c                cpuss_interrupts_ipc_6_IRQHandler
                0x1008034c                DebugMon_Handler
                0x1008034c                tcpwm_1_interrupts_11_IRQHandler
                0x1008034c                cpuss_interrupts_ipc_0_IRQHandler
                0x1008034c                tcpwm_1_interrupts_15_IRQHandler
                0x1008034c                ioss_interrupts_gpio_13_IRQHandler
                0x1008034c                tcpwm_1_interrupts_13_IRQHandler
                0x1008034c                cpuss_interrupts_dw1_8_IRQHandler
                0x1008034c                tcpwm_0_interrupts_0_IRQHandler
                0x1008034c                cpuss_interrupt_fm_IRQHandler
                0x1008034c                cpuss_interrupts_ipc_7_IRQHandler
                0x1008034c                tcpwm_1_interrupts_14_IRQHandler
                0x1008034c                cpuss_interrupts_dw0_5_IRQHandler
                0x1008034c                tcpwm_1_interrupts_9_IRQHandler
                0x1008034c                cpuss_interrupts_cm0_cti_1_IRQHandler
                0x1008034c                tcpwm_1_interrupts_22_IRQHandler
                0x1008034c                cpuss_interrupts_dw0_4_IRQHandler
                0x1008034c                NMI_Handler
                0x1008034c                cpuss_interrupts_dw1_12_IRQHandler
                0x1008034c                tcpwm_1_interrupts_12_IRQHandler
                0x1008034c                smif_interrupt_IRQHandler
                0x1008034c                tcpwm_1_interrupts_2_IRQHandler
                0x1008034c                cpuss_interrupts_ipc_13_IRQHandler
                0x1008034c                udb_interrupts_11_IRQHandler
                0x1008034c                tcpwm_1_interrupts_18_IRQHandler
                0x1008034c                cpuss_interrupts_dw0_11_IRQHandler
                0x1008034c                tcpwm_0_interrupts_2_IRQHandler
                0x1008034c                cpuss_interrupts_dw0_13_IRQHandler
                0x1008034c                udb_interrupts_2_IRQHandler
                0x1008034c                cpuss_interrupts_dw1_7_IRQHandler
                0x1008034c                ioss_interrupts_gpio_1_IRQHandler
                0x1008034c                ioss_interrupts_gpio_7_IRQHandler
                0x1008034c                scb_5_interrupt_IRQHandler
                0x1008034c                udb_interrupts_6_IRQHandler
                0x1008034c                cpuss_interrupts_fault_1_IRQHandler
                0x1008034c                cpuss_interrupts_ipc_4_IRQHandler
                0x1008034c                cpuss_interrupts_ipc_5_IRQHandler
                0x1008034c                cpuss_interrupts_dw1_10_IRQHandler
                0x1008034c                udb_interrupts_0_IRQHandler
                0x1008034c                tcpwm_1_interrupts_6_IRQHandler
                0x1008034c                scb_4_interrupt_IRQHandler
                0x1008034c                pass_interrupt_dacs_IRQHandler
                0x1008034c                ioss_interrupts_gpio_2_IRQHandler
                0x1008034c                cpuss_interrupts_dw1_9_IRQHandler
                0x1008034c                cpuss_interrupts_dw1_13_IRQHandler
                0x1008034c                scb_2_interrupt_IRQHandler
                0x1008034c                cpuss_interrupts_cm0_cti_0_IRQHandler
                0x1008034c                udb_interrupts_5_IRQHandler
                0x1008034c                srss_interrupt_IRQHandler
                0x1008034c                udb_interrupts_12_IRQHandler
                0x1008034c                scb_0_interrupt_IRQHandler
                0x1008034c                csd_interrupt_IRQHandler
                0x1008034c                udb_interrupts_1_IRQHandler
                0x1008034c                profile_interrupt_IRQHandler
                0x1008034c                tcpwm_1_interrupts_1_IRQHandler
                0x1008034c                cpuss_interrupts_ipc_12_IRQHandler
                0x1008034c                tcpwm_1_interrupts_3_IRQHandler
                0x1008034c                tcpwm_0_interrupts_7_IRQHandler
                0x1008034c                cpuss_interrupts_dw1_1_IRQHandler
                0x1008034c                cpuss_interrupts_dw1_0_IRQHandler
                0x1008034c                cpuss_interrupts_dw0_9_IRQHandler
                0x1008034c                lpcomp_interrupt_IRQHandler
                0x1008034c                tcpwm_1_interrupts_23_IRQHandler
                0x1008034c                udb_interrupts_4_IRQHandler
                0x1008034c                tcpwm_1_interrupts_20_IRQHandler
                0x1008034c                ioss_interrupt_gpio_IRQHandler
                0x1008034c                tcpwm_0_interrupts_1_IRQHandler
                0x1008034c                ioss_interrupts_gpio_8_IRQHandler
                0x1008034c                tcpwm_0_interrupts_6_IRQHandler
                0x1008034c                scb_7_interrupt_IRQHandler
                0x1008034c                tcpwm_1_interrupts_7_IRQHandler
                0x1008034c                cpuss_interrupts_ipc_11_IRQHandler
                0x1008034c                udb_interrupts_13_IRQHandler
                0x1008034c                cpuss_interrupts_dw0_15_IRQHandler
                0x1008034c                udb_interrupts_7_IRQHandler
                0x1008034c                cpuss_interrupts_dw1_6_IRQHandler
                0x1008034c                cpuss_interrupt_crypto_IRQHandler
                0x1008034c                scb_1_interrupt_IRQHandler
                0x1008034c                Default_Handler
                0x1008034c                usb_interrupt_hi_IRQHandler
                0x1008034c                tcpwm_1_interrupts_0_IRQHandler
                0x1008034c                udb_interrupts_9_IRQHandler
                0x1008034c                audioss_interrupt_pdm_IRQHandler
                0x1008034c                srss_interrupt_mcwdt_0_IRQHandler
                0x1008034c                scb_3_interrupt_IRQHandler
                0x1008034c                pass_interrupt_ctbs_IRQHandler
                0x1008034c                udb_interrupts_8_IRQHandler
                0x1008034c                ioss_interrupts_gpio_3_IRQHandler
                0x1008034c                scb_6_interrupt_IRQHandler
                0x1008034c                cpuss_interrupts_cm4_cti_0_IRQHandler
                0x1008034c                cpuss_interrupts_dw1_3_IRQHandler
                0x1008034c                pass_interrupt_sar_IRQHandler
                0x1008034c                ioss_interrupts_gpio_0_IRQHandler
                0x1008034c                ioss_interrupts_gpio_14_IRQHandler
                0x1008034c                tcpwm_0_interrupts_4_IRQHandler
                0x1008034c                udb_interrupts_3_IRQHandler
                0x1008034c                tcpwm_0_interrupts_5_IRQHandler
                0x1008034c                cpuss_interrupts_ipc_15_IRQHandler
                0x1008034c                cpuss_interrupts_cm4_cti_1_IRQHandler
                0x1008034c                scb_8_interrupt_IRQHandler
                0x1008034c                srss_interrupt_mcwdt_1_IRQHandler
                0x1008034c                cpuss_interrupts_dw1_2_IRQHandler
                0x1008034c                cpuss_interrupts_dw1_5_IRQHandler
                0x1008034c                cpuss_interrupts_ipc_1_IRQHandler
                0x1008034c                cpuss_interrupts_dw0_0_IRQHandler
                0x1008034c                ioss_interrupts_gpio_12_IRQHandler
                0x1008034c                cpuss_interrupts_ipc_3_IRQHandler
                0x1008034c                tcpwm_1_interrupts_17_IRQHandler
                0x1008034c                srss_interrupt_backup_IRQHandler
                0x1008034c                bless_interrupt_IRQHandler
                0x1008034c                cpuss_interrupts_ipc_10_IRQHandler
                0x1008034c                cpuss_interrupts_ipc_9_IRQHandler
                0x1008034c                cpuss_interrupts_dw0_14_IRQHandler
                0x1008034c                tcpwm_1_interrupts_4_IRQHandler
                0x1008034c                tcpwm_0_interrupts_3_IRQHandler
                0x1008034c                cpuss_interrupts_dw1_15_IRQHandler
                0x1008034c                ioss_interrupts_gpio_10_IRQHandler
                0x1008034c                udb_interrupts_10_IRQHandler
                0x1008034c                cpuss_interrupts_dw0_8_IRQHandler
                0x1008034c                ioss_interrupts_gpio_11_IRQHandler
                0x1008034c                cpuss_interrupts_ipc_14_IRQHandler
                0x1008034c                ioss_interrupts_gpio_5_IRQHandler
                0x1008034c                ioss_interrupts_gpio_4_IRQHandler
                0x1008034c                tcpwm_1_interrupts_8_IRQHandler
                0x1008034c                cpuss_interrupts_dw1_14_IRQHandler
                0x1008034c                usb_interrupt_med_IRQHandler
                0x1008034c                cpuss_interrupts_dw0_2_IRQHandler
                0x1008034c                tcpwm_1_interrupts_10_IRQHandler
                0x1008034c                cpuss_interrupts_fault_0_IRQHandler
                0x1008034c                cpuss_interrupts_dw0_12_IRQHandler
                0x1008034c                ioss_interrupts_gpio_6_IRQHandler
                0x1008034c                tcpwm_1_interrupts_21_IRQHandler
                0x1008034c                tcpwm_1_interrupts_16_IRQHandler
                0x1008034c                cpuss_interrupts_dw1_4_IRQHandler
                0x1008034c                udb_interrupts_15_IRQHandler
                0x1008034c                cpuss_interrupts_dw1_11_IRQHandler
                0x1008034c                cpuss_interrupts_dw0_6_IRQHandler
                0x1008034c                ioss_interrupt_vdd_IRQHandler
                0x1008034c                cpuss_interrupts_dw0_7_IRQHandler
                0x1008034c                audioss_interrupt_i2s_IRQHandler
                0x1008034c                tcpwm_1_interrupts_5_IRQHandler
                0x1008034c                cpuss_interrupts_ipc_2_IRQHandler
                0x1008034c                cpuss_interrupts_dw0_10_IRQHandler
                0x1008034c                tcpwm_1_interrupts_19_IRQHandler
                0x1008034c                cpuss_interrupts_dw0_1_IRQHandler
                0x1008034c                ioss_interrupts_gpio_9_IRQHandler
                0x1008034c                usb_interrupt_lo_IRQHandler
                0x1008034c                cpuss_interrupts_ipc_8_IRQHandler
                0x1008034c                udb_interrupts_14_IRQHandler
                0x1008034c                cpuss_interrupts_dw0_3_IRQHandler
                0x10080350                UsageFault_Handler
                0x10080350                HardFault_Handler
                0x10080350                MemManage_Handler
                0x10080350                BusFault_Handler
 .text.bmi160Init
                0x1008036c       0x5c .\CortexM4\ARM_GCC_541\Debug\main_cm4.o
 .text.motionTask
                0x100803c8       0x20 .\CortexM4\ARM_GCC_541\Debug\main_cm4.o
                0x100803c8                motionTask
 .text.Write_I2C
                0x100803e8       0x5c .\CortexM4\ARM_GCC_541\Debug\main_cm4.o
 .text.Read_I2C
                0x10080444       0x84 .\CortexM4\ARM_GCC_541\Debug\main_cm4.o
 .text.main     0x100804c8       0x38 .\CortexM4\ARM_GCC_541\Debug\main_cm4.o
                0x100804c8                main
 .text.Cy_SysIpcPipeIsrCm4
                0x10080500        0xc .\CortexM4\ARM_GCC_541\Debug\system_psoc6_cm4.o
                0x10080500                Cy_SysIpcPipeIsrCm4
 .text.Cy_SystemInit
                0x1008050c        0x4 .\CortexM4\ARM_GCC_541\Debug\system_psoc6_cm4.o
                0x1008050c                Cy_SystemInit
 .text.SystemCoreClockUpdate
                0x10080510      0x190 .\CortexM4\ARM_GCC_541\Debug\system_psoc6_cm4.o
                0x10080510                SystemCoreClockUpdate
 .text.SystemInit
                0x100806a0       0x48 .\CortexM4\ARM_GCC_541\Debug\system_psoc6_cm4.o
                0x100806a0                SystemInit
 .text.Cy_SystemInitFpuEnable
                0x100806e8       0x28 .\CortexM4\ARM_GCC_541\Debug\system_psoc6_cm4.o
                0x100806e8                Cy_SystemInitFpuEnable
 .text.null_ptr_check
                0x10080710       0x2c .\CortexM4\ARM_GCC_541\Debug\bmi160.o
 .text.default_param_settg
                0x1008073c       0x28 .\CortexM4\ARM_GCC_541\Debug\bmi160.o
 .text.process_accel_odr
                0x10080764       0x28 .\CortexM4\ARM_GCC_541\Debug\bmi160.o
 .text.process_accel_bw
                0x1008078c       0x24 .\CortexM4\ARM_GCC_541\Debug\bmi160.o
 .text.process_accel_range
                0x100807b0       0x28 .\CortexM4\ARM_GCC_541\Debug\bmi160.o
 .text.process_gyro_odr
                0x100807d8       0x28 .\CortexM4\ARM_GCC_541\Debug\bmi160.o
 .text.process_gyro_bw
                0x10080800       0x20 .\CortexM4\ARM_GCC_541\Debug\bmi160.o
 .text.process_gyro_range
                0x10080820       0x28 .\CortexM4\ARM_GCC_541\Debug\bmi160.o
 .text.bmi160_get_regs
                0x10080848       0x40 .\CortexM4\ARM_GCC_541\Debug\bmi160.o
                0x10080848                bmi160_get_regs
 .text.check_accel_config
                0x10080888       0x3c .\CortexM4\ARM_GCC_541\Debug\bmi160.o
 .text.check_gyro_config
                0x100808c4       0x3c .\CortexM4\ARM_GCC_541\Debug\bmi160.o
 .text.check_invalid_settg
                0x10080900       0x4c .\CortexM4\ARM_GCC_541\Debug\bmi160.o
 .text.get_accel_data
                0x1008094c       0x80 .\CortexM4\ARM_GCC_541\Debug\bmi160.o
 .text.get_gyro_data
                0x100809cc       0xc4 .\CortexM4\ARM_GCC_541\Debug\bmi160.o
 .text.get_accel_gyro_data
                0x10080a90       0xb8 .\CortexM4\ARM_GCC_541\Debug\bmi160.o
 .text.bmi160_set_regs
                0x10080b48       0x84 .\CortexM4\ARM_GCC_541\Debug\bmi160.o
                0x10080b48                bmi160_set_regs
 .text.set_accel_conf
                0x10080bcc       0x54 .\CortexM4\ARM_GCC_541\Debug\bmi160.o
 .text.set_gyro_conf
                0x10080c20       0x54 .\CortexM4\ARM_GCC_541\Debug\bmi160.o
 .text.process_under_sampling
                0x10080c74       0x70 .\CortexM4\ARM_GCC_541\Debug\bmi160.o
 .text.set_accel_pwr
                0x10080ce4       0x5c .\CortexM4\ARM_GCC_541\Debug\bmi160.o
 .text.set_gyro_pwr
                0x10080d40       0x5c .\CortexM4\ARM_GCC_541\Debug\bmi160.o
 .text.bmi160_soft_reset
                0x10080d9c       0x5c .\CortexM4\ARM_GCC_541\Debug\bmi160.o
                0x10080d9c                bmi160_soft_reset
 .text.bmi160_init
                0x10080df8       0x5c .\CortexM4\ARM_GCC_541\Debug\bmi160.o
                0x10080df8                bmi160_init
 .text.bmi160_set_power_mode
                0x10080e54       0x30 .\CortexM4\ARM_GCC_541\Debug\bmi160.o
                0x10080e54                bmi160_set_power_mode
 .text.bmi160_set_sens_conf
                0x10080e84       0x44 .\CortexM4\ARM_GCC_541\Debug\bmi160.o
                0x10080e84                bmi160_set_sens_conf
 .text.bmi160_get_sensor_data
                0x10080ec8       0x68 .\CortexM4\ARM_GCC_541\Debug\bmi160.o
                0x10080ec8                bmi160_get_sensor_data
 .text.STDIO_PutChar
                0x10080f30       0x18 .\CortexM4\ARM_GCC_541\Debug\stdio_user.o
                0x10080f30                STDIO_PutChar
 .text.STDIO_GetChar
                0x10080f48       0x1c .\CortexM4\ARM_GCC_541\Debug\stdio_user.o
                0x10080f48                STDIO_GetChar
 .text.I2C_Interrupt
                0x10080f64       0x14 .\CortexM4\ARM_GCC_541\Debug\I2C.o
 .text.I2C_Start
                0x10080f78       0x78 .\CortexM4\ARM_GCC_541\Debug\I2C.o
                0x10080f78                I2C_Start
 .text.Cy_Flash_ProcessOpcode
                0x10080ff0       0xac .\CortexM4\ARM_GCC_541\Debug\cy_flash.o
 .text.Cy_Flash_OperationStatus
                0x1008109c       0x5c .\CortexM4\ARM_GCC_541\Debug\cy_flash.o
 .text.Cy_Flash_InitExt
                0x100810f8       0x80 .\CortexM4\ARM_GCC_541\Debug\cy_flash.o
                0x100810f8                Cy_Flash_InitExt
 .text.Cy_Flash_Init
                0x10081178       0x10 .\CortexM4\ARM_GCC_541\Debug\cy_flash.o
                0x10081178                Cy_Flash_Init
 .text.Cy_IPC_Drv_LockRelease
                0x10081188       0x3c .\CortexM4\ARM_GCC_541\Debug\cy_ipc_drv.o
                0x10081188                Cy_IPC_Drv_LockRelease
 .text.Cy_IPC_Drv_SendMsgWord
                0x100811c4       0x3c .\CortexM4\ARM_GCC_541\Debug\cy_ipc_drv.o
                0x100811c4                Cy_IPC_Drv_SendMsgWord
 .text.Cy_IPC_Drv_ReadMsgWord
                0x10081200       0x38 .\CortexM4\ARM_GCC_541\Debug\cy_ipc_drv.o
                0x10081200                Cy_IPC_Drv_ReadMsgWord
 .text.Cy_IPC_Sema_InitExt
                0x10081238       0xac .\CortexM4\ARM_GCC_541\Debug\cy_ipc_sema.o
                0x10081238                Cy_IPC_Sema_InitExt
 .text.Cy_IPC_Sema_Init
                0x100812e4       0x64 .\CortexM4\ARM_GCC_541\Debug\cy_ipc_sema.o
                0x100812e4                Cy_IPC_Sema_Init
 .text.Cy_IPC_Sema_Clear
                0x10081348       0x88 .\CortexM4\ARM_GCC_541\Debug\cy_ipc_sema.o
                0x10081348                Cy_IPC_Sema_Clear
 .text.Cy_IPC_Sema_Status
                0x100813d0       0x40 .\CortexM4\ARM_GCC_541\Debug\cy_ipc_sema.o
                0x100813d0                Cy_IPC_Sema_Status
 .text.Cy_IPC_Pipe_Config
                0x10081410       0x10 .\CortexM4\ARM_GCC_541\Debug\cy_ipc_pipe.o
                0x10081410                Cy_IPC_Pipe_Config
 .text.Cy_IPC_Pipe_EndpointInit
                0x10081420       0xd0 .\CortexM4\ARM_GCC_541\Debug\cy_ipc_pipe.o
                0x10081420                Cy_IPC_Pipe_EndpointInit
 .text.Cy_IPC_Pipe_Init
                0x100814f0       0xb4 .\CortexM4\ARM_GCC_541\Debug\cy_ipc_pipe.o
                0x100814f0                Cy_IPC_Pipe_Init
 .text.Cy_IPC_Pipe_SendMessage
                0x100815a4       0xa4 .\CortexM4\ARM_GCC_541\Debug\cy_ipc_pipe.o
                0x100815a4                Cy_IPC_Pipe_SendMessage
 .text.Cy_IPC_Pipe_RegisterCallback
                0x10081648       0x50 .\CortexM4\ARM_GCC_541\Debug\cy_ipc_pipe.o
                0x10081648                Cy_IPC_Pipe_RegisterCallback
 .text.Cy_IPC_Pipe_ExecCallback
                0x10081698       0xbc .\CortexM4\ARM_GCC_541\Debug\cy_ipc_pipe.o
                0x10081698                Cy_IPC_Pipe_ExecCallback
 .text.Cy_IPC_Pipe_ExecuteCallback
                0x10081754       0x2c .\CortexM4\ARM_GCC_541\Debug\cy_ipc_pipe.o
                0x10081754                Cy_IPC_Pipe_ExecuteCallback
 .text.Cy_SCB_ReadArrayNoCheck
                0x10081780       0x38 .\CortexM4\ARM_GCC_541\Debug\cy_scb_common.o
                0x10081780                Cy_SCB_ReadArrayNoCheck
 .text.Cy_SCB_ReadArray
                0x100817b8       0x1c .\CortexM4\ARM_GCC_541\Debug\cy_scb_common.o
                0x100817b8                Cy_SCB_ReadArray
 .text.Cy_SCB_Write
                0x100817d4       0x28 .\CortexM4\ARM_GCC_541\Debug\cy_scb_common.o
                0x100817d4                Cy_SCB_Write
 .text.Cy_SCB_WriteArrayNoCheck
                0x100817fc       0x38 .\CortexM4\ARM_GCC_541\Debug\cy_scb_common.o
                0x100817fc                Cy_SCB_WriteArrayNoCheck
 .text.Cy_SCB_WriteArray
                0x10081834       0x2c .\CortexM4\ARM_GCC_541\Debug\cy_scb_common.o
                0x10081834                Cy_SCB_WriteArray
 .text.Cy_SCB_WriteDefaultArrayNoCheck
                0x10081860       0x10 .\CortexM4\ARM_GCC_541\Debug\cy_scb_common.o
                0x10081860                Cy_SCB_WriteDefaultArrayNoCheck
 .text.Cy_SCB_WriteDefaultArray
                0x10081870       0x2c .\CortexM4\ARM_GCC_541\Debug\cy_scb_common.o
                0x10081870                Cy_SCB_WriteDefaultArray
 .text.SlaveHandleStop
                0x1008189c       0xec .\CortexM4\ARM_GCC_541\Debug\cy_scb_i2c.o
 .text.MasterHandleEvents
                0x10081988       0x74 .\CortexM4\ARM_GCC_541\Debug\cy_scb_i2c.o
 .text.MasterHandleStop
                0x100819fc       0x2c .\CortexM4\ARM_GCC_541\Debug\cy_scb_i2c.o
 .text.MasterHandleComplete
                0x10081a28       0xf4 .\CortexM4\ARM_GCC_541\Debug\cy_scb_i2c.o
 .text.HandleStatus
                0x10081b1c       0xf0 .\CortexM4\ARM_GCC_541\Debug\cy_scb_i2c.o
 .text.WaitOneUnit
                0x10081c0c       0x24 .\CortexM4\ARM_GCC_541\Debug\cy_scb_i2c.o
 .text.SlaveHandleDataTransmit
                0x10081c30       0xe8 .\CortexM4\ARM_GCC_541\Debug\cy_scb_i2c.o
 .text.MasterHandleDataTransmit
                0x10081d18       0xb8 .\CortexM4\ARM_GCC_541\Debug\cy_scb_i2c.o
 .text.SlaveHandleAddress
                0x10081dd0      0x158 .\CortexM4\ARM_GCC_541\Debug\cy_scb_i2c.o
 .text.MasterHandleDataReceive
                0x10081f28       0xf0 .\CortexM4\ARM_GCC_541\Debug\cy_scb_i2c.o
 .text.SlaveHandleDataReceive
                0x10082018       0xbc .\CortexM4\ARM_GCC_541\Debug\cy_scb_i2c.o
 .text.Cy_SCB_I2C_Init
                0x100820d4      0x18c .\CortexM4\ARM_GCC_541\Debug\cy_scb_i2c.o
                0x100820d4                Cy_SCB_I2C_Init
 .text.Cy_SCB_I2C_GetDataRate
                0x10082260       0x90 .\CortexM4\ARM_GCC_541\Debug\cy_scb_i2c.o
                0x10082260                Cy_SCB_I2C_GetDataRate
 .text.Cy_SCB_I2C_SetDataRate
                0x100822f0      0x1d0 .\CortexM4\ARM_GCC_541\Debug\cy_scb_i2c.o
                0x100822f0                Cy_SCB_I2C_SetDataRate
 .text.Cy_SCB_I2C_MasterSendStart
                0x100824c0       0xf0 .\CortexM4\ARM_GCC_541\Debug\cy_scb_i2c.o
                0x100824c0                Cy_SCB_I2C_MasterSendStart
 .text.Cy_SCB_I2C_MasterSendReStart
                0x100825b0       0xd4 .\CortexM4\ARM_GCC_541\Debug\cy_scb_i2c.o
                0x100825b0                Cy_SCB_I2C_MasterSendReStart
 .text.Cy_SCB_I2C_MasterSendStop
                0x10082684       0x64 .\CortexM4\ARM_GCC_541\Debug\cy_scb_i2c.o
                0x10082684                Cy_SCB_I2C_MasterSendStop
 .text.Cy_SCB_I2C_MasterReadByte
                0x100826e8       0xb4 .\CortexM4\ARM_GCC_541\Debug\cy_scb_i2c.o
                0x100826e8                Cy_SCB_I2C_MasterReadByte
 .text.Cy_SCB_I2C_MasterWriteByte
                0x1008279c       0x68 .\CortexM4\ARM_GCC_541\Debug\cy_scb_i2c.o
                0x1008279c                Cy_SCB_I2C_MasterWriteByte
 .text.Cy_SCB_I2C_SlaveInterrupt
                0x10082804       0xe4 .\CortexM4\ARM_GCC_541\Debug\cy_scb_i2c.o
                0x10082804                Cy_SCB_I2C_SlaveInterrupt
 .text.Cy_SCB_I2C_MasterInterrupt
                0x100828e8       0x8c .\CortexM4\ARM_GCC_541\Debug\cy_scb_i2c.o
                0x100828e8                Cy_SCB_I2C_MasterInterrupt
 .text.Cy_SCB_I2C_Interrupt
                0x10082974       0x18 .\CortexM4\ARM_GCC_541\Debug\cy_scb_i2c.o
                0x10082974                Cy_SCB_I2C_Interrupt
 .text.HandleDataTransmit
                0x1008298c       0xdc .\CortexM4\ARM_GCC_541\Debug\cy_scb_uart.o
 .text.HandleDataReceive
                0x10082a68       0xf8 .\CortexM4\ARM_GCC_541\Debug\cy_scb_uart.o
 .text.Cy_SCB_UART_Init
                0x10082b60      0x364 .\CortexM4\ARM_GCC_541\Debug\cy_scb_uart.o
                0x10082b60                Cy_SCB_UART_Init
 .text.Cy_SCB_UART_GetNumInRingBuffer
                0x10082ec4       0x18 .\CortexM4\ARM_GCC_541\Debug\cy_scb_uart.o
                0x10082ec4                Cy_SCB_UART_GetNumInRingBuffer
 .text.HandleRingBuffer
                0x10082edc       0xcc .\CortexM4\ARM_GCC_541\Debug\cy_scb_uart.o
 .text.Cy_SCB_UART_Interrupt
                0x10082fa8       0xe8 .\CortexM4\ARM_GCC_541\Debug\cy_scb_uart.o
                0x10082fa8                Cy_SCB_UART_Interrupt
 .text.Cy_SysInt_SetVector
                0x10083090       0x48 .\CortexM4\ARM_GCC_541\Debug\cy_sysint.o
                0x10083090                Cy_SysInt_SetVector
 .text.Cy_SysInt_Init
                0x100830d8       0x74 .\CortexM4\ARM_GCC_541\Debug\cy_sysint.o
                0x100830d8                Cy_SysInt_Init
 .text.Cy_SysLib_DelayUs
                0x1008314c       0x14 .\CortexM4\ARM_GCC_541\Debug\cy_syslib.o
                0x1008314c                Cy_SysLib_DelayUs
 .text.Cy_SysLib_Halt
                0x10083160        0x4 .\CortexM4\ARM_GCC_541\Debug\cy_syslib.o
                0x10083160                Cy_SysLib_Halt
 .text.Cy_SysLib_AssertFailed
                0x10083164       0x1c .\CortexM4\ARM_GCC_541\Debug\cy_syslib.o
                0x10083164                Cy_SysLib_AssertFailed
 .text.Cy_SysLib_ProcessingFault
                0x10083180        0x4 .\CortexM4\ARM_GCC_541\Debug\cy_syslib.o
                0x10083180                Cy_SysLib_ProcessingFault
 .text.Cy_SysLib_FaultHandler
                0x10083184       0xa4 .\CortexM4\ARM_GCC_541\Debug\cy_syslib.o
                0x10083184                Cy_SysLib_FaultHandler
 .text          0x10083228       0x20 .\CortexM4\ARM_GCC_541\Debug\cy_syslib_gcc.o
                0x10083228                Cy_SysLib_DelayCycles
                0x1008323a                Cy_SysLib_EnterCriticalSection
                0x10083242                Cy_SysLib_ExitCriticalSection
 .text.Cy_PDL_Init
                0x10083248        0xc .\CortexM4\ARM_GCC_541\Debug\cy_device.o
                0x10083248                Cy_PDL_Init
 .text.vListInitialise
                0x10083254       0x18 .\CortexM4\ARM_GCC_541\Debug\list.o
                0x10083254                vListInitialise
 .text.vListInitialiseItem
                0x1008326c        0x8 .\CortexM4\ARM_GCC_541\Debug\list.o
                0x1008326c                vListInitialiseItem
 .text.vListInsertEnd
                0x10083274       0x18 .\CortexM4\ARM_GCC_541\Debug\list.o
                0x10083274                vListInsertEnd
 .text.vListInsert
                0x1008328c       0x34 .\CortexM4\ARM_GCC_541\Debug\list.o
                0x1008328c                vListInsert
 .text.uxListRemove
                0x100832c0       0x28 .\CortexM4\ARM_GCC_541\Debug\list.o
                0x100832c0                uxListRemove
 .text.prvIsQueueFull
                0x100832e8       0x20 .\CortexM4\ARM_GCC_541\Debug\queue.o
 .text.prvIsQueueEmpty
                0x10083308       0x1c .\CortexM4\ARM_GCC_541\Debug\queue.o
 .text.prvCopyDataToQueue
                0x10083324       0x54 .\CortexM4\ARM_GCC_541\Debug\queue.o
 .text.prvCopyDataFromQueue
                0x10083378       0x24 .\CortexM4\ARM_GCC_541\Debug\queue.o
 .text.prvUnlockQueue
                0x1008339c       0x68 .\CortexM4\ARM_GCC_541\Debug\queue.o
 .text.xQueueGenericReset
                0x10083404       0x80 .\CortexM4\ARM_GCC_541\Debug\queue.o
                0x10083404                xQueueGenericReset
 .text.prvInitialiseNewQueue
                0x10083484       0x1c .\CortexM4\ARM_GCC_541\Debug\queue.o
 .text.xQueueGenericCreate
                0x100834a0       0x4c .\CortexM4\ARM_GCC_541\Debug\queue.o
                0x100834a0                xQueueGenericCreate
 .text.xQueueGenericSend
                0x100834ec      0x190 .\CortexM4\ARM_GCC_541\Debug\queue.o
                0x100834ec                xQueueGenericSend
 .text.xQueueGenericSendFromISR
                0x1008367c       0xe4 .\CortexM4\ARM_GCC_541\Debug\queue.o
                0x1008367c                xQueueGenericSendFromISR
 .text.xQueueReceive
                0x10083760      0x158 .\CortexM4\ARM_GCC_541\Debug\queue.o
                0x10083760                xQueueReceive
 .text.vQueueAddToRegistry
                0x100838b8       0x28 .\CortexM4\ARM_GCC_541\Debug\queue.o
                0x100838b8                vQueueAddToRegistry
 .text.vQueueWaitForMessageRestricted
                0x100838e0       0x4c .\CortexM4\ARM_GCC_541\Debug\queue.o
                0x100838e0                vQueueWaitForMessageRestricted
 .text.prvResetNextTaskUnblockTime
                0x1008392c       0x2c .\CortexM4\ARM_GCC_541\Debug\tasks.o
 .text.prvDeleteTCB
                0x10083958       0x14 .\CortexM4\ARM_GCC_541\Debug\tasks.o
 .text.prvInitialiseNewTask
                0x1008396c       0xa0 .\CortexM4\ARM_GCC_541\Debug\tasks.o
 .text.prvInitialiseTaskLists
                0x10083a0c       0x58 .\CortexM4\ARM_GCC_541\Debug\tasks.o
 .text.prvAddNewTaskToReadyList
                0x10083a64       0xac .\CortexM4\ARM_GCC_541\Debug\tasks.o
 .text.prvCheckTasksWaitingTermination
                0x10083b10       0x44 .\CortexM4\ARM_GCC_541\Debug\tasks.o
 .text.prvIdleTask
                0x10083b54       0x28 .\CortexM4\ARM_GCC_541\Debug\tasks.o
 .text.prvAddCurrentTaskToDelayedList
                0x10083b7c       0x68 .\CortexM4\ARM_GCC_541\Debug\tasks.o
 .text.xTaskCreate
                0x10083be4       0x64 .\CortexM4\ARM_GCC_541\Debug\tasks.o
                0x10083be4                xTaskCreate
 .text.vTaskStartScheduler
                0x10083c48       0x7c .\CortexM4\ARM_GCC_541\Debug\tasks.o
                0x10083c48                vTaskStartScheduler
 .text.vTaskSuspendAll
                0x10083cc4       0x14 .\CortexM4\ARM_GCC_541\Debug\tasks.o
                0x10083cc4                vTaskSuspendAll
 .text.xTaskGetTickCount
                0x10083cd8        0xc .\CortexM4\ARM_GCC_541\Debug\tasks.o
                0x10083cd8                xTaskGetTickCount
 .text.xTaskIncrementTick
                0x10083ce4       0xfc .\CortexM4\ARM_GCC_541\Debug\tasks.o
                0x10083ce4                xTaskIncrementTick
 .text.xTaskResumeAll
                0x10083de0       0xf0 .\CortexM4\ARM_GCC_541\Debug\tasks.o
                0x10083de0                xTaskResumeAll
 .text.vTaskDelay
                0x10083ed0       0x50 .\CortexM4\ARM_GCC_541\Debug\tasks.o
                0x10083ed0                vTaskDelay
 .text.vTaskSwitchContext
                0x10083f20       0xc8 .\CortexM4\ARM_GCC_541\Debug\tasks.o
                0x10083f20                vTaskSwitchContext
 .text.vTaskPlaceOnEventList
                0x10083fe8       0x34 .\CortexM4\ARM_GCC_541\Debug\tasks.o
                0x10083fe8                vTaskPlaceOnEventList
 .text.vTaskPlaceOnEventListRestricted
                0x1008401c       0x3c .\CortexM4\ARM_GCC_541\Debug\tasks.o
                0x1008401c                vTaskPlaceOnEventListRestricted
 .text.xTaskRemoveFromEventList
                0x10084058       0x88 .\CortexM4\ARM_GCC_541\Debug\tasks.o
                0x10084058                xTaskRemoveFromEventList
 .text.vTaskInternalSetTimeOutState
                0x100840e0       0x14 .\CortexM4\ARM_GCC_541\Debug\tasks.o
                0x100840e0                vTaskInternalSetTimeOutState
 .text.xTaskCheckForTimeOut
                0x100840f4       0x80 .\CortexM4\ARM_GCC_541\Debug\tasks.o
                0x100840f4                xTaskCheckForTimeOut
 .text.vTaskMissedYield
                0x10084174       0x10 .\CortexM4\ARM_GCC_541\Debug\tasks.o
                0x10084174                vTaskMissedYield
 .text.xTaskGetSchedulerState
                0x10084184       0x20 .\CortexM4\ARM_GCC_541\Debug\tasks.o
                0x10084184                xTaskGetSchedulerState
 .text.prvGetNextExpireTime
                0x100841a4       0x20 .\CortexM4\ARM_GCC_541\Debug\timers.o
 .text.prvInsertTimerInActiveList
                0x100841c4       0x44 .\CortexM4\ARM_GCC_541\Debug\timers.o
 .text.prvCheckForValidListAndQueue
                0x10084208       0x48 .\CortexM4\ARM_GCC_541\Debug\timers.o
 .text.xTimerCreateTimerTask
                0x10084250       0x50 .\CortexM4\ARM_GCC_541\Debug\timers.o
                0x10084250                xTimerCreateTimerTask
 .text.xTimerGenericCommand
                0x100842a0       0x6c .\CortexM4\ARM_GCC_541\Debug\timers.o
                0x100842a0                xTimerGenericCommand
 .text.prvSwitchTimerLists
                0x1008430c       0x74 .\CortexM4\ARM_GCC_541\Debug\timers.o
 .text.prvSampleTimeNow
                0x10084380       0x2c .\CortexM4\ARM_GCC_541\Debug\timers.o
 .text.prvProcessExpiredTimer
                0x100843ac       0x5c .\CortexM4\ARM_GCC_541\Debug\timers.o
 .text.prvProcessTimerOrBlockTask
                0x10084408       0x70 .\CortexM4\ARM_GCC_541\Debug\timers.o
 .text.prvProcessReceivedCommands
                0x10084478       0xbc .\CortexM4\ARM_GCC_541\Debug\timers.o
 .text.prvTimerTask
                0x10084534       0x18 .\CortexM4\ARM_GCC_541\Debug\timers.o
 .text.prvTaskExitError
                0x1008454c       0x40 .\CortexM4\ARM_GCC_541\Debug\port.o
 .text.prvPortStartFirstTask
                0x1008458c       0x28 .\CortexM4\ARM_GCC_541\Debug\port.o
 .text.vPortEnableVFP
                0x100845b4       0x14 .\CortexM4\ARM_GCC_541\Debug\port.o
 .text.pxPortInitialiseStack
                0x100845c8       0x2c .\CortexM4\ARM_GCC_541\Debug\port.o
                0x100845c8                pxPortInitialiseStack
 *fill*         0x100845f4        0xc 
 .text.SVC_Handler
                0x10084600       0x24 .\CortexM4\ARM_GCC_541\Debug\port.o
                0x10084600                SVC_Handler
 .text.vPortEnterCritical
                0x10084624       0x44 .\CortexM4\ARM_GCC_541\Debug\port.o
                0x10084624                vPortEnterCritical
 .text.vPortExitCritical
                0x10084668       0x2c .\CortexM4\ARM_GCC_541\Debug\port.o
                0x10084668                vPortExitCritical
 *fill*         0x10084694        0xc 
 .text.PendSV_Handler
                0x100846a0       0x64 .\CortexM4\ARM_GCC_541\Debug\port.o
                0x100846a0                PendSV_Handler
 .text.SysTick_Handler
                0x10084704       0x2c .\CortexM4\ARM_GCC_541\Debug\port.o
                0x10084704                SysTick_Handler
 .text.vPortSetupTimerInterrupt
                0x10084730       0x38 .\CortexM4\ARM_GCC_541\Debug\port.o
                0x10084730                vPortSetupTimerInterrupt
 .text.xPortStartScheduler
                0x10084768       0xc4 .\CortexM4\ARM_GCC_541\Debug\port.o
                0x10084768                xPortStartScheduler
 .text.vPortValidateInterruptPriority
                0x1008482c       0x58 .\CortexM4\ARM_GCC_541\Debug\port.o
                0x1008482c                vPortValidateInterruptPriority
 .text.vApplicationStackOverflowHook
                0x10084884       0x24 .\CortexM4\ARM_GCC_541\Debug\port.o
                0x10084884                vApplicationStackOverflowHook
 .text.pvPortMalloc
                0x100848a8       0x60 .\CortexM4\ARM_GCC_541\Debug\heap_1.o
                0x100848a8                pvPortMalloc
 .text.vPortFree
                0x10084908       0x18 .\CortexM4\ARM_GCC_541\Debug\heap_1.o
                0x10084908                vPortFree
 .text._write   0x10084920       0x24 .\CortexM4\ARM_GCC_541\Debug\retarget.o
                0x10084920                _write
 .text._read    0x10084944       0x2c .\CortexM4\ARM_GCC_541\Debug\retarget.o
                0x10084944                _read
 .text.UART_Interrupt
                0x10084970       0x14 .\CortexM4\ARM_GCC_541\Debug\UART.o
 .text.UART_Start
                0x10084984       0x64 .\CortexM4\ARM_GCC_541\Debug\UART.o
                0x10084984                UART_Start
 .text.memcpy   0x100849e8       0x16 c:/program files (x86)/cypress/psoc creator/4.4/psoc creator/import/gnu/arm/5.4.1/bin/../lib/gcc/arm-none-eabi/5.4.1/../../../../arm-none-eabi/lib/armv7e-m/softfp\libg_nano.a(lib_a-memcpy-stub.o)
                0x100849e8                memcpy
 .text.memset   0x100849fe       0x10 c:/program files (x86)/cypress/psoc creator/4.4/psoc creator/import/gnu/arm/5.4.1/bin/../lib/gcc/arm-none-eabi/5.4.1/../../../../arm-none-eabi/lib/armv7e-m/softfp\libg_nano.a(lib_a-memset.o)
                0x100849fe                memset
 *fill*         0x10084a0e        0x2 
 .text._puts_r  0x10084a10       0xb4 c:/program files (x86)/cypress/psoc creator/4.4/psoc creator/import/gnu/arm/5.4.1/bin/../lib/gcc/arm-none-eabi/5.4.1/../../../../arm-none-eabi/lib/armv7e-m/softfp\libg_nano.a(lib_a-puts.o)
                0x10084a10                _puts_r
 .text.puts     0x10084ac4       0x10 c:/program files (x86)/cypress/psoc creator/4.4/psoc creator/import/gnu/arm/5.4.1/bin/../lib/gcc/arm-none-eabi/5.4.1/../../../../arm-none-eabi/lib/armv7e-m/softfp\libg_nano.a(lib_a-puts.o)
                0x10084ac4                puts
 .text.strncpy  0x10084ad4       0x26 c:/program files (x86)/cypress/psoc creator/4.4/psoc creator/import/gnu/arm/5.4.1/bin/../lib/gcc/arm-none-eabi/5.4.1/../../../../arm-none-eabi/lib/armv7e-m/softfp\libg_nano.a(lib_a-strncpy.o)
                0x10084ad4                strncpy
 *fill*         0x10084afa        0x2 
 .text.__swbuf_r
                0x10084afc       0xa8 c:/program files (x86)/cypress/psoc creator/4.4/psoc creator/import/gnu/arm/5.4.1/bin/../lib/gcc/arm-none-eabi/5.4.1/../../../../arm-none-eabi/lib/armv7e-m/softfp\libg_nano.a(lib_a-wbuf.o)
                0x10084afc                __swbuf_r
 .text.__swsetup_r
                0x10084ba4       0xdc c:/program files (x86)/cypress/psoc creator/4.4/psoc creator/import/gnu/arm/5.4.1/bin/../lib/gcc/arm-none-eabi/5.4.1/../../../../arm-none-eabi/lib/armv7e-m/softfp\libg_nano.a(lib_a-wsetup.o)
                0x10084ba4                __swsetup_r
 .text.__sflush_r
                0x10084c80      0x110 c:/program files (x86)/cypress/psoc creator/4.4/psoc creator/import/gnu/arm/5.4.1/bin/../lib/gcc/arm-none-eabi/5.4.1/../../../../arm-none-eabi/lib/armv7e-m/softfp\libg_nano.a(lib_a-fflush.o)
                0x10084c80                __sflush_r
 .text._fflush_r
                0x10084d90       0x54 c:/program files (x86)/cypress/psoc creator/4.4/psoc creator/import/gnu/arm/5.4.1/bin/../lib/gcc/arm-none-eabi/5.4.1/../../../../arm-none-eabi/lib/armv7e-m/softfp\libg_nano.a(lib_a-fflush.o)
                0x10084d90                _fflush_r
 .text._cleanup_r
                0x10084de4        0xc c:/program files (x86)/cypress/psoc creator/4.4/psoc creator/import/gnu/arm/5.4.1/bin/../lib/gcc/arm-none-eabi/5.4.1/../../../../arm-none-eabi/lib/armv7e-m/softfp\libg_nano.a(lib_a-findfp.o)
                0x10084de4                _cleanup_r
 .text.std.isra.0
                0x10084df0       0x48 c:/program files (x86)/cypress/psoc creator/4.4/psoc creator/import/gnu/arm/5.4.1/bin/../lib/gcc/arm-none-eabi/5.4.1/../../../../arm-none-eabi/lib/armv7e-m/softfp\libg_nano.a(lib_a-findfp.o)
 .text.__sfmoreglue
                0x10084e38       0x2c c:/program files (x86)/cypress/psoc creator/4.4/psoc creator/import/gnu/arm/5.4.1/bin/../lib/gcc/arm-none-eabi/5.4.1/../../../../arm-none-eabi/lib/armv7e-m/softfp\libg_nano.a(lib_a-findfp.o)
                0x10084e38                __sfmoreglue
 .text.__sinit  0x10084e64       0x60 c:/program files (x86)/cypress/psoc creator/4.4/psoc creator/import/gnu/arm/5.4.1/bin/../lib/gcc/arm-none-eabi/5.4.1/../../../../arm-none-eabi/lib/armv7e-m/softfp\libg_nano.a(lib_a-findfp.o)
                0x10084e64                __sinit
 .text.__sfp    0x10084ec4       0x78 c:/program files (x86)/cypress/psoc creator/4.4/psoc creator/import/gnu/arm/5.4.1/bin/../lib/gcc/arm-none-eabi/5.4.1/../../../../arm-none-eabi/lib/armv7e-m/softfp\libg_nano.a(lib_a-findfp.o)
                0x10084ec4                __sfp
 .text._fwalk_reent
                0x10084f3c       0x3c c:/program files (x86)/cypress/psoc creator/4.4/psoc creator/import/gnu/arm/5.4.1/bin/../lib/gcc/arm-none-eabi/5.4.1/../../../../arm-none-eabi/lib/armv7e-m/softfp\libg_nano.a(lib_a-fwalk.o)
                0x10084f3c                _fwalk_reent
 .text.__swhatbuf_r
                0x10084f78       0x46 c:/program files (x86)/cypress/psoc creator/4.4/psoc creator/import/gnu/arm/5.4.1/bin/../lib/gcc/arm-none-eabi/5.4.1/../../../../arm-none-eabi/lib/armv7e-m/softfp\libg_nano.a(lib_a-makebuf.o)
                0x10084f78                __swhatbuf_r
 *fill*         0x10084fbe        0x2 
 .text.__smakebuf_r
                0x10084fc0       0x78 c:/program files (x86)/cypress/psoc creator/4.4/psoc creator/import/gnu/arm/5.4.1/bin/../lib/gcc/arm-none-eabi/5.4.1/../../../../arm-none-eabi/lib/armv7e-m/softfp\libg_nano.a(lib_a-makebuf.o)
                0x10084fc0                __smakebuf_r
 .text._free_r  0x10085038       0x9c c:/program files (x86)/cypress/psoc creator/4.4/psoc creator/import/gnu/arm/5.4.1/bin/../lib/gcc/arm-none-eabi/5.4.1/../../../../arm-none-eabi/lib/armv7e-m/softfp\libg_nano.a(lib_a-nano-freer.o)
                0x10085038                _free_r
 .text._malloc_r
                0x100850d4       0xbc c:/program files (x86)/cypress/psoc creator/4.4/psoc creator/import/gnu/arm/5.4.1/bin/../lib/gcc/arm-none-eabi/5.4.1/../../../../arm-none-eabi/lib/armv7e-m/softfp\libg_nano.a(lib_a-nano-mallocr.o)
                0x100850d4                _malloc_r
 .text._sbrk_r  0x10085190       0x20 c:/program files (x86)/cypress/psoc creator/4.4/psoc creator/import/gnu/arm/5.4.1/bin/../lib/gcc/arm-none-eabi/5.4.1/../../../../arm-none-eabi/lib/armv7e-m/softfp\libg_nano.a(lib_a-sbrkr.o)
                0x10085190                _sbrk_r
 .text.__sread  0x100851b0       0x22 c:/program files (x86)/cypress/psoc creator/4.4/psoc creator/import/gnu/arm/5.4.1/bin/../lib/gcc/arm-none-eabi/5.4.1/../../../../arm-none-eabi/lib/armv7e-m/softfp\libg_nano.a(lib_a-stdio.o)
                0x100851b0                __sread
 .text.__swrite
                0x100851d2       0x38 c:/program files (x86)/cypress/psoc creator/4.4/psoc creator/import/gnu/arm/5.4.1/bin/../lib/gcc/arm-none-eabi/5.4.1/../../../../arm-none-eabi/lib/armv7e-m/softfp\libg_nano.a(lib_a-stdio.o)
                0x100851d2                __swrite
 .text.__sseek  0x1008520a       0x24 c:/program files (x86)/cypress/psoc creator/4.4/psoc creator/import/gnu/arm/5.4.1/bin/../lib/gcc/arm-none-eabi/5.4.1/../../../../arm-none-eabi/lib/armv7e-m/softfp\libg_nano.a(lib_a-stdio.o)
                0x1008520a                __sseek
 .text.__sclose
                0x1008522e        0x8 c:/program files (x86)/cypress/psoc creator/4.4/psoc creator/import/gnu/arm/5.4.1/bin/../lib/gcc/arm-none-eabi/5.4.1/../../../../arm-none-eabi/lib/armv7e-m/softfp\libg_nano.a(lib_a-stdio.o)
                0x1008522e                __sclose
 *fill*         0x10085236        0x2 
 .text._write_r
                0x10085238       0x24 c:/program files (x86)/cypress/psoc creator/4.4/psoc creator/import/gnu/arm/5.4.1/bin/../lib/gcc/arm-none-eabi/5.4.1/../../../../arm-none-eabi/lib/armv7e-m/softfp\libg_nano.a(lib_a-writer.o)
                0x10085238                _write_r
 .text._close_r
                0x1008525c       0x20 c:/program files (x86)/cypress/psoc creator/4.4/psoc creator/import/gnu/arm/5.4.1/bin/../lib/gcc/arm-none-eabi/5.4.1/../../../../arm-none-eabi/lib/armv7e-m/softfp\libg_nano.a(lib_a-closer.o)
                0x1008525c                _close_r
 .text._fstat_r
                0x1008527c       0x24 c:/program files (x86)/cypress/psoc creator/4.4/psoc creator/import/gnu/arm/5.4.1/bin/../lib/gcc/arm-none-eabi/5.4.1/../../../../arm-none-eabi/lib/armv7e-m/softfp\libg_nano.a(lib_a-fstatr.o)
                0x1008527c                _fstat_r
 .text._isatty_r
                0x100852a0       0x20 c:/program files (x86)/cypress/psoc creator/4.4/psoc creator/import/gnu/arm/5.4.1/bin/../lib/gcc/arm-none-eabi/5.4.1/../../../../arm-none-eabi/lib/armv7e-m/softfp\libg_nano.a(lib_a-isattyr.o)
                0x100852a0                _isatty_r
 .text._lseek_r
                0x100852c0       0x24 c:/program files (x86)/cypress/psoc creator/4.4/psoc creator/import/gnu/arm/5.4.1/bin/../lib/gcc/arm-none-eabi/5.4.1/../../../../arm-none-eabi/lib/armv7e-m/softfp\libg_nano.a(lib_a-lseekr.o)
                0x100852c0                _lseek_r
 .text.__malloc_lock
                0x100852e4        0x2 c:/program files (x86)/cypress/psoc creator/4.4/psoc creator/import/gnu/arm/5.4.1/bin/../lib/gcc/arm-none-eabi/5.4.1/../../../../arm-none-eabi/lib/armv7e-m/softfp\libg_nano.a(lib_a-mlock.o)
                0x100852e4                __malloc_lock
 .text.__malloc_unlock
                0x100852e6        0x2 c:/program files (x86)/cypress/psoc creator/4.4/psoc creator/import/gnu/arm/5.4.1/bin/../lib/gcc/arm-none-eabi/5.4.1/../../../../arm-none-eabi/lib/armv7e-m/softfp\libg_nano.a(lib_a-mlock.o)
                0x100852e6                __malloc_unlock
 .text._read_r  0x100852e8       0x24 c:/program files (x86)/cypress/psoc creator/4.4/psoc creator/import/gnu/arm/5.4.1/bin/../lib/gcc/arm-none-eabi/5.4.1/../../../../arm-none-eabi/lib/armv7e-m/softfp\libg_nano.a(lib_a-readr.o)
                0x100852e8                _read_r
 .text._close   0x1008530c       0x10 c:/program files (x86)/cypress/psoc creator/4.4/psoc creator/import/gnu/arm/5.4.1/bin/../lib/gcc/arm-none-eabi/5.4.1/../../../../arm-none-eabi/lib/armv7e-m/softfp\libnosys.a(close.o)
                0x1008530c                _close
 .text._fstat   0x1008531c       0x10 c:/program files (x86)/cypress/psoc creator/4.4/psoc creator/import/gnu/arm/5.4.1/bin/../lib/gcc/arm-none-eabi/5.4.1/../../../../arm-none-eabi/lib/armv7e-m/softfp\libnosys.a(fstat.o)
                0x1008531c                _fstat
 .text._isatty  0x1008532c       0x10 c:/program files (x86)/cypress/psoc creator/4.4/psoc creator/import/gnu/arm/5.4.1/bin/../lib/gcc/arm-none-eabi/5.4.1/../../../../arm-none-eabi/lib/armv7e-m/softfp\libnosys.a(isatty.o)
                0x1008532c                _isatty
 .text._lseek   0x1008533c       0x10 c:/program files (x86)/cypress/psoc creator/4.4/psoc creator/import/gnu/arm/5.4.1/bin/../lib/gcc/arm-none-eabi/5.4.1/../../../../arm-none-eabi/lib/armv7e-m/softfp\libnosys.a(lseek.o)
                0x1008533c                _lseek
 .text._sbrk    0x1008534c       0x1c c:/program files (x86)/cypress/psoc creator/4.4/psoc creator/import/gnu/arm/5.4.1/bin/../lib/gcc/arm-none-eabi/5.4.1/../../../../arm-none-eabi/lib/armv7e-m/softfp\libnosys.a(sbrk.o)
                0x1008534c                _sbrk
 *(.init)
 .init          0x10085368        0x4 c:/program files (x86)/cypress/psoc creator/4.4/psoc creator/import/gnu/arm/5.4.1/bin/../lib/gcc/arm-none-eabi/5.4.1/armv7e-m/softfp/crti.o
                0x10085368                _init
 .init          0x1008536c        0x8 c:/program files (x86)/cypress/psoc creator/4.4/psoc creator/import/gnu/arm/5.4.1/bin/../lib/gcc/arm-none-eabi/5.4.1/armv7e-m/softfp/crtn.o
 *(.fini)
 .fini          0x10085374        0x4 c:/program files (x86)/cypress/psoc creator/4.4/psoc creator/import/gnu/arm/5.4.1/bin/../lib/gcc/arm-none-eabi/5.4.1/armv7e-m/softfp/crti.o
                0x10085374                _fini
 .fini          0x10085378        0x8 c:/program files (x86)/cypress/psoc creator/4.4/psoc creator/import/gnu/arm/5.4.1/bin/../lib/gcc/arm-none-eabi/5.4.1/armv7e-m/softfp/crtn.o
 *crtbegin.o(.ctors)
 *crtbegin?.o(.ctors)
 *(EXCLUDE_FILE(*crtend.o *crtend?.o) .ctors)
 *(SORT(.ctors.*))
 *(.ctors)
 *crtbegin.o(.dtors)
 *crtbegin?.o(.dtors)
 *(EXCLUDE_FILE(*crtend.o *crtend?.o) .dtors)
 *(SORT(.dtors.*))
 *(.dtors)
 *(.rodata .rodata.* .constdata .constdata.* .conststring .conststring.*)
 .rodata.str1.4
                0x10085380       0x24 .\CortexM4\ARM_GCC_541\Debug\main_cm4.o
 .rodata        0x100853a4       0x34 .\CortexM4\ARM_GCC_541\Debug\system_psoc6_cm4.o
 .rodata        0x100853d8       0x10 .\CortexM4\ARM_GCC_541\Debug\cyfitter_sysint_cfg.o
                0x100853d8                UART_SCB_IRQ_cfg
                0x100853e0                I2C_SCB_IRQ_cfg
 .rodata        0x100853e8       0x14 .\CortexM4\ARM_GCC_541\Debug\I2C.o
                0x100853e8                I2C_config
 .rodata.str1.4
                0x100853fc       0x3f .\CortexM4\ARM_GCC_541\Debug\cy_flash.o
 *fill*         0x1008543b        0x1 
 .rodata.str1.4
                0x1008543c       0x7f .\CortexM4\ARM_GCC_541\Debug\cy_ipc_drv.o
 .rodata.str1.4
                0x100854bb       0x3f .\CortexM4\ARM_GCC_541\Debug\cy_ipc_sema.o
 *fill*         0x100854bb        0x1 
 .rodata.str1.4
                0x100854bc       0x40 .\CortexM4\ARM_GCC_541\Debug\cy_ipc_pipe.o
                                 0x7f (size before relaxing)
 .rodata.str1.4
                0x100854fc       0xc3 .\CortexM4\ARM_GCC_541\Debug\cy_scb_i2c.o
 *fill*         0x100855bf        0x1 
 .rodata.str1.4
                0x100855c0       0x80 .\CortexM4\ARM_GCC_541\Debug\cy_scb_uart.o
                                 0xc4 (size before relaxing)
 .rodata.str1.4
                0x10085640       0x41 .\CortexM4\ARM_GCC_541\Debug\cy_sysint.o
 *fill*         0x10085681        0x3 
 .rodata        0x10085684      0x170 .\CortexM4\ARM_GCC_541\Debug\cy_device.o
                0x10085684                cy_deviceIpBlockCfgPSoC6_02
                0x1008573c                cy_deviceIpBlockCfgPSoC6_01
 .rodata.str1.4
                0x100857f4        0x5 .\CortexM4\ARM_GCC_541\Debug\tasks.o
 *fill*         0x100857f9        0x3 
 .rodata.str1.4
                0x100857fc       0x10 .\CortexM4\ARM_GCC_541\Debug\timers.o
 .rodata.str1.4
                0x1008580c       0x50 .\CortexM4\ARM_GCC_541\Debug\port.o
 .rodata        0x1008585c       0x40 .\CortexM4\ARM_GCC_541\Debug\UART.o
                0x1008585c                UART_config
 .rodata.str1.1
                0x1008589c        0x2 c:/program files (x86)/cypress/psoc creator/4.4/psoc creator/import/gnu/arm/5.4.1/bin/../lib/gcc/arm-none-eabi/5.4.1/../../../../arm-none-eabi/lib/armv7e-m/softfp\libg_nano.a(lib_a-impure.o)
 *fill*         0x1008589e        0x2 
 .rodata._global_impure_ptr
                0x100858a0        0x4 c:/program files (x86)/cypress/psoc creator/4.4/psoc creator/import/gnu/arm/5.4.1/bin/../lib/gcc/arm-none-eabi/5.4.1/../../../../arm-none-eabi/lib/armv7e-m/softfp\libg_nano.a(lib_a-impure.o)
                0x100858a0                _global_impure_ptr
 .rodata.__sf_fake_stdin
                0x100858a4       0x20 c:/program files (x86)/cypress/psoc creator/4.4/psoc creator/import/gnu/arm/5.4.1/bin/../lib/gcc/arm-none-eabi/5.4.1/../../../../arm-none-eabi/lib/armv7e-m/softfp\libg_nano.a(lib_a-findfp.o)
                0x100858a4                __sf_fake_stdin
 .rodata.__sf_fake_stdout
                0x100858c4       0x20 c:/program files (x86)/cypress/psoc creator/4.4/psoc creator/import/gnu/arm/5.4.1/bin/../lib/gcc/arm-none-eabi/5.4.1/../../../../arm-none-eabi/lib/armv7e-m/softfp\libg_nano.a(lib_a-findfp.o)
                0x100858c4                __sf_fake_stdout
 .rodata.__sf_fake_stderr
                0x100858e4       0x20 c:/program files (x86)/cypress/psoc creator/4.4/psoc creator/import/gnu/arm/5.4.1/bin/../lib/gcc/arm-none-eabi/5.4.1/../../../../arm-none-eabi/lib/armv7e-m/softfp\libg_nano.a(lib_a-findfp.o)
                0x100858e4                __sf_fake_stderr
 *(.eh_frame*)
 .eh_frame      0x10085904        0x0 c:/program files (x86)/cypress/psoc creator/4.4/psoc creator/import/gnu/arm/5.4.1/bin/../lib/gcc/arm-none-eabi/5.4.1/armv7e-m/softfp/crtbegin.o
 .eh_frame      0x10085904        0x4 c:/program files (x86)/cypress/psoc creator/4.4/psoc creator/import/gnu/arm/5.4.1/bin/../lib/gcc/arm-none-eabi/5.4.1/armv7e-m/softfp/crtend.o

.glue_7         0x10085908        0x0
 .glue_7        0x10085908        0x0 linker stubs

.glue_7t        0x10085908        0x0
 .glue_7t       0x10085908        0x0 linker stubs

.vfp11_veneer   0x10085908        0x0
 .vfp11_veneer  0x10085908        0x0 linker stubs

.v4_bx          0x10085908        0x0
 .v4_bx         0x10085908        0x0 linker stubs

.iplt           0x10085908        0x0
 .iplt          0x10085908        0x0 c:/program files (x86)/cypress/psoc creator/4.4/psoc creator/import/gnu/arm/5.4.1/bin/../lib/gcc/arm-none-eabi/5.4.1/armv7e-m/softfp/crtbegin.o

.ARM.extab
 *(.ARM.extab* .gnu.linkonce.armextab.*)
                0x10085908                __exidx_start = .

.ARM.exidx
 *(.ARM.exidx* .gnu.linkonce.armexidx.*)
                0x10085908                __exidx_end = .

.copy.table     0x10085908       0x18
                0x10085908                . = ALIGN (0x4)
                0x10085908                __copy_table_start__ = .
                0x10085908        0x4 LONG 0x10080000 __Vectors
                0x1008590c        0x4 LONG 0x8024000 __ram_vectors_start__
                0x10085910        0x4 LONG 0x28c (__Vectors_End - __Vectors)
                0x10085914        0x4 LONG 0x10085928 __etext
                0x10085918        0x4 LONG 0x802428c __data_start__
                0x1008591c        0x4 LONG 0x62c (__data_end__ - __data_start__)
                0x10085920                __copy_table_end__ = .

.zero.table     0x10085920        0x8
                0x10085920                . = ALIGN (0x4)
                0x10085920                __zero_table_start__ = .
                0x10085920        0x4 LONG 0x802494c __bss_start__
                0x10085924        0x4 LONG 0x2c90 (__bss_end__ - __bss_start__)
                0x10085928                __zero_table_end__ = .
                0x10085928                __etext = .

.ramVectors     0x08024000      0x28c
                0x08024000                __ram_vectors_start__ = .
 *(.ram_vectors)
 .ram_vectors   0x08024000      0x28c .\CortexM4\ARM_GCC_541\Debug\startup_psoc6_01_cm4.o
                0x08024000                __ramVectors
                0x0802428c                __ram_vectors_end__ = .

.data           0x0802428c      0x62c load address 0x10085928
                0x0802428c                __data_start__ = .
 *(vtable)
 *(.data*)
 .data          0x0802428c       0x20 .\CortexM4\ARM_GCC_541\Debug\system_psoc6_cm4.o
                0x0802428c                cy_BleEcoClockFreqHz
                0x08024290                cy_Hfclk0FreqHz
                0x08024294                cy_PeriClkFreqHz
                0x08024298                SystemCoreClock
                0x0802429c                cy_delayFreqHz
                0x080242a0                cy_delayFreqMhz
                0x080242a4                cy_delayFreqKhz
                0x080242a8                cy_delay32kMs
 .data          0x080242ac        0x4 .\CortexM4\ARM_GCC_541\Debug\port.o
 .data.impure_data
                0x080242b0       0x60 c:/program files (x86)/cypress/psoc creator/4.4/psoc creator/import/gnu/arm/5.4.1/bin/../lib/gcc/arm-none-eabi/5.4.1/../../../../arm-none-eabi/lib/armv7e-m/softfp\libg_nano.a(lib_a-impure.o)
 .data._impure_ptr
                0x08024310        0x4 c:/program files (x86)/cypress/psoc creator/4.4/psoc creator/import/gnu/arm/5.4.1/bin/../lib/gcc/arm-none-eabi/5.4.1/../../../../arm-none-eabi/lib/armv7e-m/softfp\libg_nano.a(lib_a-impure.o)
                0x08024310                _impure_ptr
                0x08024314                . = ALIGN (0x4)
                0x08024314                PROVIDE (__preinit_array_start, .)
 *(.preinit_array)
                0x08024314                PROVIDE (__preinit_array_end, .)
                0x08024314                . = ALIGN (0x4)
                0x08024314                PROVIDE (__init_array_start, .)
 *(SORT(.init_array.*))
 *(.init_array)
 .init_array    0x08024314        0x4 c:/program files (x86)/cypress/psoc creator/4.4/psoc creator/import/gnu/arm/5.4.1/bin/../lib/gcc/arm-none-eabi/5.4.1/armv7e-m/softfp/crtbegin.o
                0x08024318                PROVIDE (__init_array_end, .)
                0x08024318                . = ALIGN (0x4)
                [!provide]                PROVIDE (__fini_array_start, .)
 *(SORT(.fini_array.*))
 *(.fini_array)
 .fini_array    0x08024318        0x4 c:/program files (x86)/cypress/psoc creator/4.4/psoc creator/import/gnu/arm/5.4.1/bin/../lib/gcc/arm-none-eabi/5.4.1/armv7e-m/softfp/crtbegin.o
                [!provide]                PROVIDE (__fini_array_end, .)
 *(.jcr*)
 .jcr           0x0802431c        0x0 c:/program files (x86)/cypress/psoc creator/4.4/psoc creator/import/gnu/arm/5.4.1/bin/../lib/gcc/arm-none-eabi/5.4.1/armv7e-m/softfp/crtbegin.o
 .jcr           0x0802431c        0x4 c:/program files (x86)/cypress/psoc creator/4.4/psoc creator/import/gnu/arm/5.4.1/bin/../lib/gcc/arm-none-eabi/5.4.1/armv7e-m/softfp/crtend.o
                0x08024320                . = ALIGN (0x4)
 *(.cy_ramfunc*)
 .cy_ramfunc    0x08024320      0x300 .\CortexM4\ARM_GCC_541\Debug\cy_flash.o
                0x0802438c                Cy_Flash_ResumeIrqHandler
 .cy_ramfunc    0x08024620      0x218 .\CortexM4\ARM_GCC_541\Debug\cy_syspm.o
 .cy_ramfunc.__stub
                0x08024838       0x80 linker stubs
                0x080248b8                . = ALIGN (0x4)
                0x080248b8                __data_end__ = .

.igot.plt       0x080248b8        0x0 load address 0x10085f54
 .igot.plt      0x080248b8        0x0 c:/program files (x86)/cypress/psoc creator/4.4/psoc creator/import/gnu/arm/5.4.1/bin/../lib/gcc/arm-none-eabi/5.4.1/armv7e-m/softfp/crtbegin.o

.noinit         0x080248b8       0x94 load address 0x10085f58
 *(.noinit)
 .noinit        0x080248b8       0x94 .\CortexM4\ARM_GCC_541\Debug\cy_syslib.o
                0x080248b8                cy_assertFileName
                0x080248d0                cy_assertLine
                0x080248d4                cy_faultFrame

.bss            0x0802494c     0x2c90 load address 0x10085fec
                0x0802494c                . = ALIGN (0x4)
                0x0802494c                __bss_start__ = .
 *(.bss*)
 .bss           0x0802494c       0x1c c:/program files (x86)/cypress/psoc creator/4.4/psoc creator/import/gnu/arm/5.4.1/bin/../lib/gcc/arm-none-eabi/5.4.1/armv7e-m/softfp/crtbegin.o
 .bss           0x08024968       0x28 .\CortexM4\ARM_GCC_541\Debug\main_cm4.o
 .bss           0x08024990      0x180 .\CortexM4\ARM_GCC_541\Debug\system_psoc6_cm4.o
 .bss           0x08024b10        0x1 .\CortexM4\ARM_GCC_541\Debug\I2C.o
                0x08024b10                I2C_initVar
 *fill*         0x08024b11        0x3 
 .bss           0x08024b14       0x18 .\CortexM4\ARM_GCC_541\Debug\cy_flash.o
 .bss           0x08024b2c        0xc .\CortexM4\ARM_GCC_541\Debug\cy_ipc_sema.o
 .bss           0x08024b38        0x4 .\CortexM4\ARM_GCC_541\Debug\cy_ipc_pipe.o
 .bss           0x08024b3c       0x3c .\CortexM4\ARM_GCC_541\Debug\cy_syspm.o
 .bss           0x08024b78      0x12c .\CortexM4\ARM_GCC_541\Debug\tasks.o
                0x08024c78                pxCurrentTCB
 .bss           0x08024ca4       0x3c .\CortexM4\ARM_GCC_541\Debug\timers.o
 .bss           0x08024ce0        0x8 .\CortexM4\ARM_GCC_541\Debug\port.o
 .bss           0x08024ce8     0x2808 .\CortexM4\ARM_GCC_541\Debug\heap_1.o
 .bss           0x080274f0        0x1 .\CortexM4\ARM_GCC_541\Debug\UART.o
                0x080274f0                UART_initVar
 *fill*         0x080274f1        0x3 
 .bss.__malloc_sbrk_start
                0x080274f4        0x4 c:/program files (x86)/cypress/psoc creator/4.4/psoc creator/import/gnu/arm/5.4.1/bin/../lib/gcc/arm-none-eabi/5.4.1/../../../../arm-none-eabi/lib/armv7e-m/softfp\libg_nano.a(lib_a-nano-mallocr.o)
                0x080274f4                __malloc_sbrk_start
 .bss.__malloc_free_list
                0x080274f8        0x4 c:/program files (x86)/cypress/psoc creator/4.4/psoc creator/import/gnu/arm/5.4.1/bin/../lib/gcc/arm-none-eabi/5.4.1/../../../../arm-none-eabi/lib/armv7e-m/softfp\libg_nano.a(lib_a-nano-mallocr.o)
                0x080274f8                __malloc_free_list
 .bss.heap_end.4169
                0x080274fc        0x4 c:/program files (x86)/cypress/psoc creator/4.4/psoc creator/import/gnu/arm/5.4.1/bin/../lib/gcc/arm-none-eabi/5.4.1/../../../../arm-none-eabi/lib/armv7e-m/softfp\libnosys.a(sbrk.o)
 *(COMMON)
 COMMON         0x08027500       0x4c .\CortexM4\ARM_GCC_541\Debug\I2C.o
                0x08027500                I2C_context
 COMMON         0x0802754c        0x4 .\CortexM4\ARM_GCC_541\Debug\cy_device.o
                0x0802754c                cy_device
 COMMON         0x08027550       0x50 .\CortexM4\ARM_GCC_541\Debug\queue.o
                0x08027550                xQueueRegistry
 COMMON         0x080275a0       0x38 .\CortexM4\ARM_GCC_541\Debug\UART.o
                0x080275a0                UART_context
 COMMON         0x080275d8        0x4 c:/program files (x86)/cypress/psoc creator/4.4/psoc creator/import/gnu/arm/5.4.1/bin/../lib/gcc/arm-none-eabi/5.4.1/../../../../arm-none-eabi/lib/armv7e-m/softfp\libg_nano.a(lib_a-reent.o)
                0x080275d8                errno
                0x080275dc                . = ALIGN (0x4)
                0x080275dc                __bss_end__ = .

.heap           0x080275e0      0x400
                0x080275e0                __HeapBase = .
                0x080275e0                __end__ = .
                0x080275e0                end = __end__
 *(.heap*)
 .heap          0x080275e0      0x400 .\CortexM4\ARM_GCC_541\Debug\startup_psoc6_01_cm4.o
                0x080279e0                __HeapLimit = .

.stack_dummy    0x080275e0     0x1000
 *(.stack*)
 .stack         0x080275e0     0x1000 .\CortexM4\ARM_GCC_541\Debug\startup_psoc6_01_cm4.o
                0x08047800                __StackTop = (ORIGIN (ram) + LENGTH (ram))
                0x08046800                __StackLimit = (__StackTop - SIZEOF (.stack_dummy))
                0x08047800                PROVIDE (__stack, __StackTop)
                0x00000001                ASSERT ((__StackLimit >= __HeapLimit), region RAM overflowed with stack)

.cy_app_signature
 *(.cy_app_signature)

.cy_em_eeprom
 *(.cy_em_eeprom)

.cy_sflash_user_data
 *(.cy_sflash_user_data)

.cy_sflash_nar
 *(.cy_sflash_nar)

.cy_sflash_public_key
 *(.cy_sflash_public_key)

.cy_toc_part2
 *(.cy_toc_part2)

.cy_rtoc_part2
 *(.cy_rtoc_part2)

.cy_xip
 *(.cy_xip)

.cy_efuse
 *(.cy_efuse)

.cymeta         0x90500000        0xc
 *(.cymeta)
 .cymeta        0x90500000        0xc .\CortexM4\ARM_GCC_541\Debug\cymetadata.o
                0x90500000                cy_metadata
                0x10000000                __cy_memory_0_start = 0x10000000
                0x00100000                __cy_memory_0_length = 0x100000
                0x00000200                __cy_memory_0_row_size = 0x200
                0x14000000                __cy_memory_1_start = 0x14000000
                0x00008000                __cy_memory_1_length = 0x8000
                0x00000200                __cy_memory_1_row_size = 0x200
                0x16000000                __cy_memory_2_start = 0x16000000
                0x00008000                __cy_memory_2_length = 0x8000
                0x00000200                __cy_memory_2_row_size = 0x200
                0x18000000                __cy_memory_3_start = 0x18000000
                0x08000000                __cy_memory_3_length = 0x8000000
                0x00000200                __cy_memory_3_row_size = 0x200
                0x90700000                __cy_memory_4_start = 0x90700000
                0x00100000                __cy_memory_4_length = 0x100000
                0x00000001                __cy_memory_4_row_size = 0x1
OUTPUT(C:\Users\Mathieu\OneDrive\Desktop\Projet2\MotionSensor_BasicI2C.cydsn\CortexM4\ARM_GCC_541\Debug\MotionSensor_BasicI2C_link.elf elf32-littlearm)

.rel.dyn        0x080275dc        0x0 load address 0x985616ac
 .rel.iplt      0x080275dc        0x0 c:/program files (x86)/cypress/psoc creator/4.4/psoc creator/import/gnu/arm/5.4.1/bin/../lib/gcc/arm-none-eabi/5.4.1/armv7e-m/softfp/crtbegin.o

.ARM.attributes
                0x00000000       0x2e
 .ARM.attributes
                0x00000000       0x22 c:/program files (x86)/cypress/psoc creator/4.4/psoc creator/import/gnu/arm/5.4.1/bin/../lib/gcc/arm-none-eabi/5.4.1/armv7e-m/softfp/crti.o
 .ARM.attributes
                0x00000022       0x32 c:/program files (x86)/cypress/psoc creator/4.4/psoc creator/import/gnu/arm/5.4.1/bin/../lib/gcc/arm-none-eabi/5.4.1/armv7e-m/softfp/crtbegin.o
 .ARM.attributes
                0x00000054       0x1f .\CortexM4\ARM_GCC_541\Debug\startup_psoc6_01_cm4.o
 .ARM.attributes
                0x00000073       0x37 .\CortexM4\ARM_GCC_541\Debug\main_cm4.o
 .ARM.attributes
                0x000000aa       0x37 .\CortexM4\ARM_GCC_541\Debug\system_psoc6_cm4.o
 .ARM.attributes
                0x000000e1       0x37 .\CortexM4\ARM_GCC_541\Debug\bmi160.o
 .ARM.attributes
                0x00000118       0x37 .\CortexM4\ARM_GCC_541\Debug\stdio_user.o
 .ARM.attributes
                0x0000014f       0x37 .\CortexM4\ARM_GCC_541\Debug\cyfitter_sysint_cfg.o
 .ARM.attributes
                0x00000186       0x37 .\CortexM4\ARM_GCC_541\Debug\cymetadata.o
 .ARM.attributes
                0x000001bd       0x37 .\CortexM4\ARM_GCC_541\Debug\I2C.o
 .ARM.attributes
                0x000001f4       0x37 .\CortexM4\ARM_GCC_541\Debug\cy_flash.o
 .ARM.attributes
                0x0000022b       0x37 .\CortexM4\ARM_GCC_541\Debug\cy_ipc_drv.o
 .ARM.attributes
                0x00000262       0x37 .\CortexM4\ARM_GCC_541\Debug\cy_ipc_sema.o
 .ARM.attributes
                0x00000299       0x37 .\CortexM4\ARM_GCC_541\Debug\cy_ipc_pipe.o
 .ARM.attributes
                0x000002d0       0x37 .\CortexM4\ARM_GCC_541\Debug\cy_scb_common.o
 .ARM.attributes
                0x00000307       0x37 .\CortexM4\ARM_GCC_541\Debug\cy_scb_i2c.o
 .ARM.attributes
                0x0000033e       0x37 .\CortexM4\ARM_GCC_541\Debug\cy_scb_uart.o
 .ARM.attributes
                0x00000375       0x37 .\CortexM4\ARM_GCC_541\Debug\cy_sysint.o
 .ARM.attributes
                0x000003ac       0x37 .\CortexM4\ARM_GCC_541\Debug\cy_syslib.o
 .ARM.attributes
                0x000003e3       0x25 .\CortexM4\ARM_GCC_541\Debug\cy_syslib_gcc.o
 .ARM.attributes
                0x00000408       0x37 .\CortexM4\ARM_GCC_541\Debug\cy_syspm.o
 .ARM.attributes
                0x0000043f       0x37 .\CortexM4\ARM_GCC_541\Debug\cy_device.o
 .ARM.attributes
                0x00000476       0x37 .\CortexM4\ARM_GCC_541\Debug\list.o
 .ARM.attributes
                0x000004ad       0x37 .\CortexM4\ARM_GCC_541\Debug\queue.o
 .ARM.attributes
                0x000004e4       0x37 .\CortexM4\ARM_GCC_541\Debug\tasks.o
 .ARM.attributes
                0x0000051b       0x37 .\CortexM4\ARM_GCC_541\Debug\timers.o
 .ARM.attributes
                0x00000552       0x37 .\CortexM4\ARM_GCC_541\Debug\port.o
 .ARM.attributes
                0x00000589       0x37 .\CortexM4\ARM_GCC_541\Debug\heap_1.o
 .ARM.attributes
                0x000005c0       0x37 .\CortexM4\ARM_GCC_541\Debug\retarget.o
 .ARM.attributes
                0x000005f7       0x37 .\CortexM4\ARM_GCC_541\Debug\UART.o
 .ARM.attributes
                0x0000062e       0x32 c:/program files (x86)/cypress/psoc creator/4.4/psoc creator/import/gnu/arm/5.4.1/bin/../lib/gcc/arm-none-eabi/5.4.1/../../../../arm-none-eabi/lib/armv7e-m/softfp\libg_nano.a(lib_a-impure.o)
 .ARM.attributes
                0x00000660       0x32 c:/program files (x86)/cypress/psoc creator/4.4/psoc creator/import/gnu/arm/5.4.1/bin/../lib/gcc/arm-none-eabi/5.4.1/../../../../arm-none-eabi/lib/armv7e-m/softfp\libg_nano.a(lib_a-memcpy-stub.o)
 .ARM.attributes
                0x00000692       0x32 c:/program files (x86)/cypress/psoc creator/4.4/psoc creator/import/gnu/arm/5.4.1/bin/../lib/gcc/arm-none-eabi/5.4.1/../../../../arm-none-eabi/lib/armv7e-m/softfp\libg_nano.a(lib_a-memset.o)
 .ARM.attributes
                0x000006c4       0x32 c:/program files (x86)/cypress/psoc creator/4.4/psoc creator/import/gnu/arm/5.4.1/bin/../lib/gcc/arm-none-eabi/5.4.1/../../../../arm-none-eabi/lib/armv7e-m/softfp\libg_nano.a(lib_a-puts.o)
 .ARM.attributes
                0x000006f6       0x32 c:/program files (x86)/cypress/psoc creator/4.4/psoc creator/import/gnu/arm/5.4.1/bin/../lib/gcc/arm-none-eabi/5.4.1/../../../../arm-none-eabi/lib/armv7e-m/softfp\libg_nano.a(lib_a-strncpy.o)
 .ARM.attributes
                0x00000728       0x32 c:/program files (x86)/cypress/psoc creator/4.4/psoc creator/import/gnu/arm/5.4.1/bin/../lib/gcc/arm-none-eabi/5.4.1/../../../../arm-none-eabi/lib/armv7e-m/softfp\libg_nano.a(lib_a-wbuf.o)
 .ARM.attributes
                0x0000075a       0x32 c:/program files (x86)/cypress/psoc creator/4.4/psoc creator/import/gnu/arm/5.4.1/bin/../lib/gcc/arm-none-eabi/5.4.1/../../../../arm-none-eabi/lib/armv7e-m/softfp\libg_nano.a(lib_a-wsetup.o)
 .ARM.attributes
                0x0000078c       0x32 c:/program files (x86)/cypress/psoc creator/4.4/psoc creator/import/gnu/arm/5.4.1/bin/../lib/gcc/arm-none-eabi/5.4.1/../../../../arm-none-eabi/lib/armv7e-m/softfp\libg_nano.a(lib_a-fflush.o)
 .ARM.attributes
                0x000007be       0x32 c:/program files (x86)/cypress/psoc creator/4.4/psoc creator/import/gnu/arm/5.4.1/bin/../lib/gcc/arm-none-eabi/5.4.1/../../../../arm-none-eabi/lib/armv7e-m/softfp\libg_nano.a(lib_a-findfp.o)
 .ARM.attributes
                0x000007f0       0x32 c:/program files (x86)/cypress/psoc creator/4.4/psoc creator/import/gnu/arm/5.4.1/bin/../lib/gcc/arm-none-eabi/5.4.1/../../../../arm-none-eabi/lib/armv7e-m/softfp\libg_nano.a(lib_a-fwalk.o)
 .ARM.attributes
                0x00000822       0x32 c:/program files (x86)/cypress/psoc creator/4.4/psoc creator/import/gnu/arm/5.4.1/bin/../lib/gcc/arm-none-eabi/5.4.1/../../../../arm-none-eabi/lib/armv7e-m/softfp\libg_nano.a(lib_a-makebuf.o)
 .ARM.attributes
                0x00000854       0x32 c:/program files (x86)/cypress/psoc creator/4.4/psoc creator/import/gnu/arm/5.4.1/bin/../lib/gcc/arm-none-eabi/5.4.1/../../../../arm-none-eabi/lib/armv7e-m/softfp\libg_nano.a(lib_a-nano-freer.o)
 .ARM.attributes
                0x00000886       0x32 c:/program files (x86)/cypress/psoc creator/4.4/psoc creator/import/gnu/arm/5.4.1/bin/../lib/gcc/arm-none-eabi/5.4.1/../../../../arm-none-eabi/lib/armv7e-m/softfp\libg_nano.a(lib_a-nano-mallocr.o)
 .ARM.attributes
                0x000008b8       0x32 c:/program files (x86)/cypress/psoc creator/4.4/psoc creator/import/gnu/arm/5.4.1/bin/../lib/gcc/arm-none-eabi/5.4.1/../../../../arm-none-eabi/lib/armv7e-m/softfp\libg_nano.a(lib_a-sbrkr.o)
 .ARM.attributes
                0x000008ea       0x32 c:/program files (x86)/cypress/psoc creator/4.4/psoc creator/import/gnu/arm/5.4.1/bin/../lib/gcc/arm-none-eabi/5.4.1/../../../../arm-none-eabi/lib/armv7e-m/softfp\libg_nano.a(lib_a-stdio.o)
 .ARM.attributes
                0x0000091c       0x32 c:/program files (x86)/cypress/psoc creator/4.4/psoc creator/import/gnu/arm/5.4.1/bin/../lib/gcc/arm-none-eabi/5.4.1/../../../../arm-none-eabi/lib/armv7e-m/softfp\libg_nano.a(lib_a-writer.o)
 .ARM.attributes
                0x0000094e       0x32 c:/program files (x86)/cypress/psoc creator/4.4/psoc creator/import/gnu/arm/5.4.1/bin/../lib/gcc/arm-none-eabi/5.4.1/../../../../arm-none-eabi/lib/armv7e-m/softfp\libg_nano.a(lib_a-closer.o)
 .ARM.attributes
                0x00000980       0x32 c:/program files (x86)/cypress/psoc creator/4.4/psoc creator/import/gnu/arm/5.4.1/bin/../lib/gcc/arm-none-eabi/5.4.1/../../../../arm-none-eabi/lib/armv7e-m/softfp\libg_nano.a(lib_a-fstatr.o)
 .ARM.attributes
                0x000009b2       0x32 c:/program files (x86)/cypress/psoc creator/4.4/psoc creator/import/gnu/arm/5.4.1/bin/../lib/gcc/arm-none-eabi/5.4.1/../../../../arm-none-eabi/lib/armv7e-m/softfp\libg_nano.a(lib_a-isattyr.o)
 .ARM.attributes
                0x000009e4       0x32 c:/program files (x86)/cypress/psoc creator/4.4/psoc creator/import/gnu/arm/5.4.1/bin/../lib/gcc/arm-none-eabi/5.4.1/../../../../arm-none-eabi/lib/armv7e-m/softfp\libg_nano.a(lib_a-lseekr.o)
 .ARM.attributes
                0x00000a16       0x32 c:/program files (x86)/cypress/psoc creator/4.4/psoc creator/import/gnu/arm/5.4.1/bin/../lib/gcc/arm-none-eabi/5.4.1/../../../../arm-none-eabi/lib/armv7e-m/softfp\libg_nano.a(lib_a-mlock.o)
 .ARM.attributes
                0x00000a48       0x32 c:/program files (x86)/cypress/psoc creator/4.4/psoc creator/import/gnu/arm/5.4.1/bin/../lib/gcc/arm-none-eabi/5.4.1/../../../../arm-none-eabi/lib/armv7e-m/softfp\libg_nano.a(lib_a-readr.o)
 .ARM.attributes
                0x00000a7a       0x32 c:/program files (x86)/cypress/psoc creator/4.4/psoc creator/import/gnu/arm/5.4.1/bin/../lib/gcc/arm-none-eabi/5.4.1/../../../../arm-none-eabi/lib/armv7e-m/softfp\libg_nano.a(lib_a-reent.o)
 .ARM.attributes
                0x00000aac       0x32 c:/program files (x86)/cypress/psoc creator/4.4/psoc creator/import/gnu/arm/5.4.1/bin/../lib/gcc/arm-none-eabi/5.4.1/armv7e-m/softfp/crtend.o
 .ARM.attributes
                0x00000ade       0x22 c:/program files (x86)/cypress/psoc creator/4.4/psoc creator/import/gnu/arm/5.4.1/bin/../lib/gcc/arm-none-eabi/5.4.1/armv7e-m/softfp/crtn.o
 .ARM.attributes
                0x00000b00       0x32 c:/program files (x86)/cypress/psoc creator/4.4/psoc creator/import/gnu/arm/5.4.1/bin/../lib/gcc/arm-none-eabi/5.4.1/../../../../arm-none-eabi/lib/armv7e-m/softfp\libnosys.a(close.o)
 .ARM.attributes
                0x00000b32       0x32 c:/program files (x86)/cypress/psoc creator/4.4/psoc creator/import/gnu/arm/5.4.1/bin/../lib/gcc/arm-none-eabi/5.4.1/../../../../arm-none-eabi/lib/armv7e-m/softfp\libnosys.a(fstat.o)
 .ARM.attributes
                0x00000b64       0x32 c:/program files (x86)/cypress/psoc creator/4.4/psoc creator/import/gnu/arm/5.4.1/bin/../lib/gcc/arm-none-eabi/5.4.1/../../../../arm-none-eabi/lib/armv7e-m/softfp\libnosys.a(isatty.o)
 .ARM.attributes
                0x00000b96       0x32 c:/program files (x86)/cypress/psoc creator/4.4/psoc creator/import/gnu/arm/5.4.1/bin/../lib/gcc/arm-none-eabi/5.4.1/../../../../arm-none-eabi/lib/armv7e-m/softfp\libnosys.a(lseek.o)
 .ARM.attributes
                0x00000bc8       0x32 c:/program files (x86)/cypress/psoc creator/4.4/psoc creator/import/gnu/arm/5.4.1/bin/../lib/gcc/arm-none-eabi/5.4.1/../../../../arm-none-eabi/lib/armv7e-m/softfp\libnosys.a(sbrk.o)

.comment        0x00000000       0x6e
 .comment       0x00000000       0x6e .\CortexM4\ARM_GCC_541\Debug\main_cm4.o
                                 0x6f (size before relaxing)
 .comment       0x0000006e       0x6f .\CortexM4\ARM_GCC_541\Debug\system_psoc6_cm4.o
 .comment       0x0000006e       0x6f .\CortexM4\ARM_GCC_541\Debug\bmi160.o
 .comment       0x0000006e       0x6f .\CortexM4\ARM_GCC_541\Debug\stdio_user.o
 .comment       0x0000006e       0x6f .\CortexM4\ARM_GCC_541\Debug\cyfitter_sysint_cfg.o
 .comment       0x0000006e       0x6f .\CortexM4\ARM_GCC_541\Debug\cymetadata.o
 .comment       0x0000006e       0x6f .\CortexM4\ARM_GCC_541\Debug\I2C.o
 .comment       0x0000006e       0x6f .\CortexM4\ARM_GCC_541\Debug\cy_flash.o
 .comment       0x0000006e       0x6f .\CortexM4\ARM_GCC_541\Debug\cy_ipc_drv.o
 .comment       0x0000006e       0x6f .\CortexM4\ARM_GCC_541\Debug\cy_ipc_sema.o
 .comment       0x0000006e       0x6f .\CortexM4\ARM_GCC_541\Debug\cy_ipc_pipe.o
 .comment       0x0000006e       0x6f .\CortexM4\ARM_GCC_541\Debug\cy_scb_common.o
 .comment       0x0000006e       0x6f .\CortexM4\ARM_GCC_541\Debug\cy_scb_i2c.o
 .comment       0x0000006e       0x6f .\CortexM4\ARM_GCC_541\Debug\cy_scb_uart.o
 .comment       0x0000006e       0x6f .\CortexM4\ARM_GCC_541\Debug\cy_sysint.o
 .comment       0x0000006e       0x6f .\CortexM4\ARM_GCC_541\Debug\cy_syslib.o
 .comment       0x0000006e       0x6f .\CortexM4\ARM_GCC_541\Debug\cy_syspm.o
 .comment       0x0000006e       0x6f .\CortexM4\ARM_GCC_541\Debug\cy_device.o
 .comment       0x0000006e       0x6f .\CortexM4\ARM_GCC_541\Debug\list.o
 .comment       0x0000006e       0x6f .\CortexM4\ARM_GCC_541\Debug\queue.o
 .comment       0x0000006e       0x6f .\CortexM4\ARM_GCC_541\Debug\tasks.o
 .comment       0x0000006e       0x6f .\CortexM4\ARM_GCC_541\Debug\timers.o
 .comment       0x0000006e       0x6f .\CortexM4\ARM_GCC_541\Debug\port.o
 .comment       0x0000006e       0x6f .\CortexM4\ARM_GCC_541\Debug\heap_1.o
 .comment       0x0000006e       0x6f .\CortexM4\ARM_GCC_541\Debug\retarget.o
 .comment       0x0000006e       0x6f .\CortexM4\ARM_GCC_541\Debug\UART.o

.debug_line     0x00000000     0x980c
 .debug_line    0x00000000       0x8e .\CortexM4\ARM_GCC_541\Debug\startup_psoc6_01_cm4.o
 .debug_line    0x0000008e      0x3df .\CortexM4\ARM_GCC_541\Debug\main_cm4.o
 .debug_line    0x0000046d      0x437 .\CortexM4\ARM_GCC_541\Debug\system_psoc6_cm4.o
 .debug_line    0x000008a4     0x11ed .\CortexM4\ARM_GCC_541\Debug\bmi160.o
 .debug_line    0x00001a91      0x310 .\CortexM4\ARM_GCC_541\Debug\stdio_user.o
 .debug_line    0x00001da1      0x251 .\CortexM4\ARM_GCC_541\Debug\cyfitter_sysint_cfg.o
 .debug_line    0x00001ff2      0x141 .\CortexM4\ARM_GCC_541\Debug\cymetadata.o
 .debug_line    0x00002133      0x334 .\CortexM4\ARM_GCC_541\Debug\I2C.o
 .debug_line    0x00002467      0x7d4 .\CortexM4\ARM_GCC_541\Debug\cy_flash.o
 .debug_line    0x00002c3b      0x33e .\CortexM4\ARM_GCC_541\Debug\cy_ipc_drv.o
 .debug_line    0x00002f79      0x407 .\CortexM4\ARM_GCC_541\Debug\cy_ipc_sema.o
 .debug_line    0x00003380      0x57e .\CortexM4\ARM_GCC_541\Debug\cy_ipc_pipe.o
 .debug_line    0x000038fe      0x4d9 .\CortexM4\ARM_GCC_541\Debug\cy_scb_common.o
 .debug_line    0x00003dd7     0x1128 .\CortexM4\ARM_GCC_541\Debug\cy_scb_i2c.o
 .debug_line    0x00004eff      0xa5f .\CortexM4\ARM_GCC_541\Debug\cy_scb_uart.o
 .debug_line    0x0000595e      0x2dd .\CortexM4\ARM_GCC_541\Debug\cy_sysint.o
 .debug_line    0x00005c3b      0x482 .\CortexM4\ARM_GCC_541\Debug\cy_syslib.o
 .debug_line    0x000060bd       0x89 .\CortexM4\ARM_GCC_541\Debug\cy_syslib_gcc.o
 .debug_line    0x00006146      0xa5a .\CortexM4\ARM_GCC_541\Debug\cy_syspm.o
 .debug_line    0x00006ba0      0x17e .\CortexM4\ARM_GCC_541\Debug\cy_device.o
 .debug_line    0x00006d1e      0x2af .\CortexM4\ARM_GCC_541\Debug\list.o
 .debug_line    0x00006fcd      0x939 .\CortexM4\ARM_GCC_541\Debug\queue.o
 .debug_line    0x00007906      0xcd0 .\CortexM4\ARM_GCC_541\Debug\tasks.o
 .debug_line    0x000085d6      0x524 .\CortexM4\ARM_GCC_541\Debug\timers.o
 .debug_line    0x00008afa      0x401 .\CortexM4\ARM_GCC_541\Debug\port.o
 .debug_line    0x00008efb      0x329 .\CortexM4\ARM_GCC_541\Debug\heap_1.o
 .debug_line    0x00009224      0x2b4 .\CortexM4\ARM_GCC_541\Debug\retarget.o
 .debug_line    0x000094d8      0x334 .\CortexM4\ARM_GCC_541\Debug\UART.o

.debug_info     0x00000000    0x285e5
 .debug_info    0x00000000       0x89 .\CortexM4\ARM_GCC_541\Debug\startup_psoc6_01_cm4.o
 .debug_info    0x00000089     0x141e .\CortexM4\ARM_GCC_541\Debug\main_cm4.o
 .debug_info    0x000014a7     0x1bb3 .\CortexM4\ARM_GCC_541\Debug\system_psoc6_cm4.o
 .debug_info    0x0000305a     0x67c1 .\CortexM4\ARM_GCC_541\Debug\bmi160.o
 .debug_info    0x0000981b      0xe5d .\CortexM4\ARM_GCC_541\Debug\stdio_user.o
 .debug_info    0x0000a678      0x95b .\CortexM4\ARM_GCC_541\Debug\cyfitter_sysint_cfg.o
 .debug_info    0x0000afd3       0xac .\CortexM4\ARM_GCC_541\Debug\cymetadata.o
 .debug_info    0x0000b07f     0x1369 .\CortexM4\ARM_GCC_541\Debug\I2C.o
 .debug_info    0x0000c3e8     0x2a10 .\CortexM4\ARM_GCC_541\Debug\cy_flash.o
 .debug_info    0x0000edf8      0x906 .\CortexM4\ARM_GCC_541\Debug\cy_ipc_drv.o
 .debug_info    0x0000f6fe      0xc1e .\CortexM4\ARM_GCC_541\Debug\cy_ipc_sema.o
 .debug_info    0x0001031c     0x1952 .\CortexM4\ARM_GCC_541\Debug\cy_ipc_pipe.o
 .debug_info    0x00011c6e     0x11b0 .\CortexM4\ARM_GCC_541\Debug\cy_scb_common.o
 .debug_info    0x00012e1e     0x3ee5 .\CortexM4\ARM_GCC_541\Debug\cy_scb_i2c.o
 .debug_info    0x00016d03     0x29bc .\CortexM4\ARM_GCC_541\Debug\cy_scb_uart.o
 .debug_info    0x000196bf      0xe11 .\CortexM4\ARM_GCC_541\Debug\cy_sysint.o
 .debug_info    0x0001a4d0     0x24fa .\CortexM4\ARM_GCC_541\Debug\cy_syslib.o
 .debug_info    0x0001c9ca       0xb7 .\CortexM4\ARM_GCC_541\Debug\cy_syslib_gcc.o
 .debug_info    0x0001ca81     0x4014 .\CortexM4\ARM_GCC_541\Debug\cy_syspm.o
 .debug_info    0x00020a95      0x551 .\CortexM4\ARM_GCC_541\Debug\cy_device.o
 .debug_info    0x00020fe6      0x2df .\CortexM4\ARM_GCC_541\Debug\list.o
 .debug_info    0x000212c5     0x1b44 .\CortexM4\ARM_GCC_541\Debug\queue.o
 .debug_info    0x00022e09     0x22b4 .\CortexM4\ARM_GCC_541\Debug\tasks.o
 .debug_info    0x000250bd     0x1089 .\CortexM4\ARM_GCC_541\Debug\timers.o
 .debug_info    0x00026146      0x5ed .\CortexM4\ARM_GCC_541\Debug\port.o
 .debug_info    0x00026733      0x21a .\CortexM4\ARM_GCC_541\Debug\heap_1.o
 .debug_info    0x0002694d      0x8bd .\CortexM4\ARM_GCC_541\Debug\retarget.o
 .debug_info    0x0002720a     0x13db .\CortexM4\ARM_GCC_541\Debug\UART.o

.debug_abbrev   0x00000000     0x3a17
 .debug_abbrev  0x00000000       0x14 .\CortexM4\ARM_GCC_541\Debug\startup_psoc6_01_cm4.o
 .debug_abbrev  0x00000014      0x2c2 .\CortexM4\ARM_GCC_541\Debug\main_cm4.o
 .debug_abbrev  0x000002d6      0x23a .\CortexM4\ARM_GCC_541\Debug\system_psoc6_cm4.o
 .debug_abbrev  0x00000510      0x27f .\CortexM4\ARM_GCC_541\Debug\bmi160.o
 .debug_abbrev  0x0000078f      0x1ed .\CortexM4\ARM_GCC_541\Debug\stdio_user.o
 .debug_abbrev  0x0000097c       0xe3 .\CortexM4\ARM_GCC_541\Debug\cyfitter_sysint_cfg.o
 .debug_abbrev  0x00000a5f       0x5d .\CortexM4\ARM_GCC_541\Debug\cymetadata.o
 .debug_abbrev  0x00000abc      0x221 .\CortexM4\ARM_GCC_541\Debug\I2C.o
 .debug_abbrev  0x00000cdd      0x356 .\CortexM4\ARM_GCC_541\Debug\cy_flash.o
 .debug_abbrev  0x00001033      0x188 .\CortexM4\ARM_GCC_541\Debug\cy_ipc_drv.o
 .debug_abbrev  0x000011bb      0x219 .\CortexM4\ARM_GCC_541\Debug\cy_ipc_sema.o
 .debug_abbrev  0x000013d4      0x32b .\CortexM4\ARM_GCC_541\Debug\cy_ipc_pipe.o
 .debug_abbrev  0x000016ff      0x294 .\CortexM4\ARM_GCC_541\Debug\cy_scb_common.o
 .debug_abbrev  0x00001993      0x37f .\CortexM4\ARM_GCC_541\Debug\cy_scb_i2c.o
 .debug_abbrev  0x00001d12      0x332 .\CortexM4\ARM_GCC_541\Debug\cy_scb_uart.o
 .debug_abbrev  0x00002044      0x230 .\CortexM4\ARM_GCC_541\Debug\cy_sysint.o
 .debug_abbrev  0x00002274      0x337 .\CortexM4\ARM_GCC_541\Debug\cy_syslib.o
 .debug_abbrev  0x000025ab       0x14 .\CortexM4\ARM_GCC_541\Debug\cy_syslib_gcc.o
 .debug_abbrev  0x000025bf      0x320 .\CortexM4\ARM_GCC_541\Debug\cy_syspm.o
 .debug_abbrev  0x000028df       0x9d .\CortexM4\ARM_GCC_541\Debug\cy_device.o
 .debug_abbrev  0x0000297c       0xf6 .\CortexM4\ARM_GCC_541\Debug\list.o
 .debug_abbrev  0x00002a72      0x2df .\CortexM4\ARM_GCC_541\Debug\queue.o
 .debug_abbrev  0x00002d51      0x308 .\CortexM4\ARM_GCC_541\Debug\tasks.o
 .debug_abbrev  0x00003059      0x269 .\CortexM4\ARM_GCC_541\Debug\timers.o
 .debug_abbrev  0x000032c2      0x283 .\CortexM4\ARM_GCC_541\Debug\port.o
 .debug_abbrev  0x00003545      0x16e .\CortexM4\ARM_GCC_541\Debug\heap_1.o
 .debug_abbrev  0x000036b3      0x147 .\CortexM4\ARM_GCC_541\Debug\retarget.o
 .debug_abbrev  0x000037fa      0x21d .\CortexM4\ARM_GCC_541\Debug\UART.o

.debug_aranges  0x00000000     0x1010
 .debug_aranges
                0x00000000       0x20 .\CortexM4\ARM_GCC_541\Debug\startup_psoc6_01_cm4.o
 .debug_aranges
                0x00000020       0x40 .\CortexM4\ARM_GCC_541\Debug\main_cm4.o
 .debug_aranges
                0x00000060       0x40 .\CortexM4\ARM_GCC_541\Debug\system_psoc6_cm4.o
 .debug_aranges
                0x000000a0      0x438 .\CortexM4\ARM_GCC_541\Debug\bmi160.o
 .debug_aranges
                0x000004d8       0x28 .\CortexM4\ARM_GCC_541\Debug\stdio_user.o
 .debug_aranges
                0x00000500       0x18 .\CortexM4\ARM_GCC_541\Debug\cyfitter_sysint_cfg.o
 .debug_aranges
                0x00000518       0x18 .\CortexM4\ARM_GCC_541\Debug\cymetadata.o
 .debug_aranges
                0x00000530       0x28 .\CortexM4\ARM_GCC_541\Debug\I2C.o
 .debug_aranges
                0x00000558       0xb8 .\CortexM4\ARM_GCC_541\Debug\cy_flash.o
 .debug_aranges
                0x00000610       0x30 .\CortexM4\ARM_GCC_541\Debug\cy_ipc_drv.o
 .debug_aranges
                0x00000640       0x48 .\CortexM4\ARM_GCC_541\Debug\cy_ipc_sema.o
 .debug_aranges
                0x00000688       0x68 .\CortexM4\ARM_GCC_541\Debug\cy_ipc_pipe.o
 .debug_aranges
                0x000006f0       0x68 .\CortexM4\ARM_GCC_541\Debug\cy_scb_common.o
 .debug_aranges
                0x00000758      0x160 .\CortexM4\ARM_GCC_541\Debug\cy_scb_i2c.o
 .debug_aranges
                0x000008b8       0xc8 .\CortexM4\ARM_GCC_541\Debug\cy_scb_uart.o
 .debug_aranges
                0x00000980       0x30 .\CortexM4\ARM_GCC_541\Debug\cy_sysint.o
 .debug_aranges
                0x000009b0       0x78 .\CortexM4\ARM_GCC_541\Debug\cy_syslib.o
 .debug_aranges
                0x00000a28       0x20 .\CortexM4\ARM_GCC_541\Debug\cy_syslib_gcc.o
 .debug_aranges
                0x00000a48      0x118 .\CortexM4\ARM_GCC_541\Debug\cy_syspm.o
 .debug_aranges
                0x00000b60       0x20 .\CortexM4\ARM_GCC_541\Debug\cy_device.o
 .debug_aranges
                0x00000b80       0x40 .\CortexM4\ARM_GCC_541\Debug\list.o
 .debug_aranges
                0x00000bc0       0xe8 .\CortexM4\ARM_GCC_541\Debug\queue.o
 .debug_aranges
                0x00000ca8      0x1a0 .\CortexM4\ARM_GCC_541\Debug\tasks.o
 .debug_aranges
                0x00000e48       0xb8 .\CortexM4\ARM_GCC_541\Debug\timers.o
 .debug_aranges
                0x00000f00       0x88 .\CortexM4\ARM_GCC_541\Debug\port.o
 .debug_aranges
                0x00000f88       0x38 .\CortexM4\ARM_GCC_541\Debug\heap_1.o
 .debug_aranges
                0x00000fc0       0x28 .\CortexM4\ARM_GCC_541\Debug\retarget.o
 .debug_aranges
                0x00000fe8       0x28 .\CortexM4\ARM_GCC_541\Debug\UART.o

.debug_loc      0x00000000    0x1193e
 .debug_loc     0x00000000      0x17d .\CortexM4\ARM_GCC_541\Debug\main_cm4.o
 .debug_loc     0x0000017d      0x1fe .\CortexM4\ARM_GCC_541\Debug\system_psoc6_cm4.o
 .debug_loc     0x0000037b     0x69ba .\CortexM4\ARM_GCC_541\Debug\bmi160.o
 .debug_loc     0x00006d35       0x87 .\CortexM4\ARM_GCC_541\Debug\stdio_user.o
 .debug_loc     0x00006dbc       0x2b .\CortexM4\ARM_GCC_541\Debug\I2C.o
 .debug_loc     0x00006de7      0xd86 .\CortexM4\ARM_GCC_541\Debug\cy_flash.o
 .debug_loc     0x00007b6d      0x2a1 .\CortexM4\ARM_GCC_541\Debug\cy_ipc_drv.o
 .debug_loc     0x00007e0e      0x76b .\CortexM4\ARM_GCC_541\Debug\cy_ipc_sema.o
 .debug_loc     0x00008579      0x7e2 .\CortexM4\ARM_GCC_541\Debug\cy_ipc_pipe.o
 .debug_loc     0x00008d5b      0x588 .\CortexM4\ARM_GCC_541\Debug\cy_scb_common.o
 .debug_loc     0x000092e3     0x308b .\CortexM4\ARM_GCC_541\Debug\cy_scb_i2c.o
 .debug_loc     0x0000c36e     0x1386 .\CortexM4\ARM_GCC_541\Debug\cy_scb_uart.o
 .debug_loc     0x0000d6f4      0x223 .\CortexM4\ARM_GCC_541\Debug\cy_sysint.o
 .debug_loc     0x0000d917      0x215 .\CortexM4\ARM_GCC_541\Debug\cy_syslib.o
 .debug_loc     0x0000db2c      0xe9a .\CortexM4\ARM_GCC_541\Debug\cy_syspm.o
 .debug_loc     0x0000e9c6       0x65 .\CortexM4\ARM_GCC_541\Debug\list.o
 .debug_loc     0x0000ea2b      0xef3 .\CortexM4\ARM_GCC_541\Debug\queue.o
 .debug_loc     0x0000f91e     0x12e7 .\CortexM4\ARM_GCC_541\Debug\tasks.o
 .debug_loc     0x00010c05      0x9ad .\CortexM4\ARM_GCC_541\Debug\timers.o
 .debug_loc     0x000115b2      0x11e .\CortexM4\ARM_GCC_541\Debug\port.o
 .debug_loc     0x000116d0       0x5f .\CortexM4\ARM_GCC_541\Debug\heap_1.o
 .debug_loc     0x0001172f      0x1e4 .\CortexM4\ARM_GCC_541\Debug\retarget.o
 .debug_loc     0x00011913       0x2b .\CortexM4\ARM_GCC_541\Debug\UART.o

.debug_ranges   0x00000000      0xf70
 .debug_ranges  0x00000000       0x30 .\CortexM4\ARM_GCC_541\Debug\main_cm4.o