Archive member included to satisfy reference by file (symbol)

c:/program files (x86)/cypress/psoc creator/4.4/psoc creator/import/gnu/arm/5.4.1/bin/../lib/gcc/arm-none-eabi/5.4.1/armv7e-m/softfp\libgcc.a(_arm_addsubdf3.o)
                              .\CortexM4\ARM_GCC_541\Debug\cy_sysclk.o (__aeabi_f2d)
c:/program files (x86)/cypress/psoc creator/4.4/psoc creator/import/gnu/arm/5.4.1/bin/../lib/gcc/arm-none-eabi/5.4.1/armv7e-m/softfp\libgcc.a(_arm_muldivdf3.o)
                              .\CortexM4\ARM_GCC_541\Debug\cy_sysclk.o (__aeabi_ddiv)
c:/program files (x86)/cypress/psoc creator/4.4/psoc creator/import/gnu/arm/5.4.1/bin/../lib/gcc/arm-none-eabi/5.4.1/armv7e-m/softfp\libgcc.a(_arm_fixunsdfsi.o)
                              .\CortexM4\ARM_GCC_541\Debug\cy_sysclk.o (__aeabi_d2uiz)
c:/program files (x86)/cypress/psoc creator/4.4/psoc creator/import/gnu/arm/5.4.1/bin/../lib/gcc/arm-none-eabi/5.4.1/armv7e-m/softfp\libgcc.a(_aeabi_uldivmod.o)
                              .\CortexM4\ARM_GCC_541\Debug\cy_sysclk.o (__aeabi_uldivmod)
c:/program files (x86)/cypress/psoc creator/4.4/psoc creator/import/gnu/arm/5.4.1/bin/../lib/gcc/arm-none-eabi/5.4.1/armv7e-m/softfp\libgcc.a(_udivmoddi4.o)
                              c:/program files (x86)/cypress/psoc creator/4.4/psoc creator/import/gnu/arm/5.4.1/bin/../lib/gcc/arm-none-eabi/5.4.1/armv7e-m/softfp\libgcc.a(_aeabi_uldivmod.o) (__udivmoddi4)
c:/program files (x86)/cypress/psoc creator/4.4/psoc creator/import/gnu/arm/5.4.1/bin/../lib/gcc/arm-none-eabi/5.4.1/armv7e-m/softfp\libgcc.a(_dvmd_tls.o)
                              c:/program files (x86)/cypress/psoc creator/4.4/psoc creator/import/gnu/arm/5.4.1/bin/../lib/gcc/arm-none-eabi/5.4.1/armv7e-m/softfp\libgcc.a(_aeabi_uldivmod.o) (__aeabi_ldiv0)
c:/program files (x86)/cypress/psoc creator/4.4/psoc creator/import/gnu/arm/5.4.1/bin/../lib/gcc/arm-none-eabi/5.4.1/../../../../arm-none-eabi/lib/armv7e-m/softfp\libg_nano.a(lib_a-exit.o)
                              c:/program files (x86)/cypress/psoc creator/4.4/psoc creator/import/gnu/arm/5.4.1/bin/../lib/gcc/arm-none-eabi/5.4.1/../../../../arm-none-eabi/lib/armv7e-m/softfp/crt0.o (exit)
c:/program files (x86)/cypress/psoc creator/4.4/psoc creator/import/gnu/arm/5.4.1/bin/../lib/gcc/arm-none-eabi/5.4.1/../../../../arm-none-eabi/lib/armv7e-m/softfp\libg_nano.a(lib_a-impure.o)
                              c:/program files (x86)/cypress/psoc creator/4.4/psoc creator/import/gnu/arm/5.4.1/bin/../lib/gcc/arm-none-eabi/5.4.1/../../../../arm-none-eabi/lib/armv7e-m/softfp\libg_nano.a(lib_a-exit.o) (_global_impure_ptr)
c:/program files (x86)/cypress/psoc creator/4.4/psoc creator/import/gnu/arm/5.4.1/bin/../lib/gcc/arm-none-eabi/5.4.1/../../../../arm-none-eabi/lib/armv7e-m/softfp\libg_nano.a(lib_a-init.o)
                              c:/program files (x86)/cypress/psoc creator/4.4/psoc creator/import/gnu/arm/5.4.1/bin/../lib/gcc/arm-none-eabi/5.4.1/../../../../arm-none-eabi/lib/armv7e-m/softfp/crt0.o (__libc_init_array)
c:/program files (x86)/cypress/psoc creator/4.4/psoc creator/import/gnu/arm/5.4.1/bin/../lib/gcc/arm-none-eabi/5.4.1/../../../../arm-none-eabi/lib/armv7e-m/softfp\libg_nano.a(lib_a-memcpy-stub.o)
                              .\CortexM4\ARM_GCC_541\Debug\i2cm_support.o (memcpy)
c:/program files (x86)/cypress/psoc creator/4.4/psoc creator/import/gnu/arm/5.4.1/bin/../lib/gcc/arm-none-eabi/5.4.1/../../../../arm-none-eabi/lib/armv7e-m/softfp\libg_nano.a(lib_a-memset.o)
                              c:/program files (x86)/cypress/psoc creator/4.4/psoc creator/import/gnu/arm/5.4.1/bin/../lib/gcc/arm-none-eabi/5.4.1/../../../../arm-none-eabi/lib/armv7e-m/softfp/crt0.o (memset)
c:/program files (x86)/cypress/psoc creator/4.4/psoc creator/import/gnu/arm/5.4.1/bin/../lib/gcc/arm-none-eabi/5.4.1/../../../../arm-none-eabi/lib/armv7e-m/softfp\libg_nano.a(lib_a-nano-vfprintf_float.o)
                              .\CortexM4\ARM_GCC_541\Debug\retarget.o (_printf_float)
c:/program files (x86)/cypress/psoc creator/4.4/psoc creator/import/gnu/arm/5.4.1/bin/../lib/gcc/arm-none-eabi/5.4.1/../../../../arm-none-eabi/lib/armv7e-m/softfp\libg_nano.a(lib_a-nano-vfprintf_i.o)
                              c:/program files (x86)/cypress/psoc creator/4.4/psoc creator/import/gnu/arm/5.4.1/bin/../lib/gcc/arm-none-eabi/5.4.1/../../../../arm-none-eabi/lib/armv7e-m/softfp\libg_nano.a(lib_a-nano-vfprintf_float.o) (_printf_common)
c:/program files (x86)/cypress/psoc creator/4.4/psoc creator/import/gnu/arm/5.4.1/bin/../lib/gcc/arm-none-eabi/5.4.1/../../../../arm-none-eabi/lib/armv7e-m/softfp\libg_nano.a(lib_a-nano-vfscanf_float.o)
                              .\CortexM4\ARM_GCC_541\Debug\retarget.o (_scanf_float)
c:/program files (x86)/cypress/psoc creator/4.4/psoc creator/import/gnu/arm/5.4.1/bin/../lib/gcc/arm-none-eabi/5.4.1/../../../../arm-none-eabi/lib/armv7e-m/softfp\libg_nano.a(lib_a-printf.o)
                              .\CortexM4\ARM_GCC_541\Debug\uart_debug.o (printf)
[...]
Memory Configuration

Name             Origin             Length             Attributes
ram              0x08024000         0x00023800         xrw
flash            0x10080000         0x00080000         xr
em_eeprom        0x14000000         0x00008000         xr
sflash_user_data 0x16000800         0x00000800         xr
sflash_nar       0x16001a00         0x00000200         xr
sflash_public_key 0x16005a00         0x00000c00         xr
sflash_toc_2     0x16007c00         0x00000200         xr
sflash_rtoc_2    0x16007e00         0x00000200         xr
xip              0x18000000         0x08000000         xr
efuse            0x90700000         0x00100000         r
*default*        0x00000000         0xffffffff

Linker script and memory map

LOAD c:/program files (x86)/cypress/psoc creator/4.4/psoc creator/import/gnu/arm/5.4.1/bin/../lib/gcc/arm-none-eabi/5.4.1/armv7e-m/softfp/crti.o
LOAD c:/program files (x86)/cypress/psoc creator/4.4/psoc creator/import/gnu/arm/5.4.1/bin/../lib/gcc/arm-none-eabi/5.4.1/armv7e-m/softfp/crtbegin.o
LOAD c:/program files (x86)/cypress/psoc creator/4.4/psoc creator/import/gnu/arm/5.4.1/bin/../lib/gcc/arm-none-eabi/5.4.1/../../../../arm-none-eabi/lib/armv7e-m/softfp/crt0.o
START GROUP
LOAD .\CortexM4\ARM_GCC_541\Debug\motion_task.o
LOAD .\CortexM4\ARM_GCC_541\Debug\uart_debug.o
LOAD .\CortexM4\ARM_GCC_541\Debug\startup_psoc6_01_cm4.o
LOAD .\CortexM4\ARM_GCC_541\Debug\main_cm4.o
LOAD .\CortexM4\ARM_GCC_541\Debug\system_psoc6_cm4.o
LOAD .\CortexM4\ARM_GCC_541\Debug\bmi160.o
LOAD .\CortexM4\ARM_GCC_541\Debug\i2cm_support.o
LOAD .\CortexM4\ARM_GCC_541\Debug\stdio_user.o
LOAD .\CortexM4\ARM_GCC_541\Debug\cyfitter_sysint_cfg.o
LOAD .\CortexM4\ARM_GCC_541\Debug\cymetadata.o
LOAD .\CortexM4\ARM_GCC_541\Debug\DEBUG_UART.o
LOAD .\CortexM4\ARM_GCC_541\Debug\I2Cm.o
LOAD .\CortexM4\ARM_GCC_541\Debug\cy_efuse.o
LOAD .\CortexM4\ARM_GCC_541\Debug\cy_flash.o
LOAD .\CortexM4\ARM_GCC_541\Debug\cy_gpio.o
LOAD .\CortexM4\ARM_GCC_541\Debug\cy_ipc_drv.o
LOAD .\CortexM4\ARM_GCC_541\Debug\cy_ipc_sema.o
LOAD .\CortexM4\ARM_GCC_541\Debug\cy_ipc_pipe.o
LOAD .\CortexM4\ARM_GCC_541\Debug\cy_lvd.o
LOAD .\CortexM4\ARM_GCC_541\Debug\cy_profile.o
LOAD .\CortexM4\ARM_GCC_541\Debug\cy_prot.o
LOAD .\CortexM4\ARM_GCC_541\Debug\cy_scb_common.o
LOAD .\CortexM4\ARM_GCC_541\Debug\cy_scb_i2c.o
LOAD .\CortexM4\ARM_GCC_541\Debug\cy_scb_ezi2c.o
LOAD .\CortexM4\ARM_GCC_541\Debug\cy_scb_spi.o
LOAD .\CortexM4\ARM_GCC_541\Debug\cy_scb_uart.o
LOAD .\CortexM4\ARM_GCC_541\Debug\cy_sysanalog.o
LOAD .\CortexM4\ARM_GCC_541\Debug\cy_sysclk.o
LOAD .\CortexM4\ARM_GCC_541\Debug\cy_sysint.o
LOAD .\CortexM4\ARM_GCC_541\Debug\cy_syslib.o
LOAD .\CortexM4\ARM_GCC_541\Debug\cy_syslib_gcc.o
LOAD .\CortexM4\ARM_GCC_541\Debug\cy_syspm.o
LOAD .\CortexM4\ARM_GCC_541\Debug\cy_systick.o
LOAD .\CortexM4\ARM_GCC_541\Debug\cy_trigmux.o
LOAD .\CortexM4\ARM_GCC_541\Debug\cy_wdt.o
LOAD .\CortexM4\ARM_GCC_541\Debug\cy_device.o
LOAD .\CortexM4\ARM_GCC_541\Debug\cy_ble_clk.o
LOAD .\CortexM4\ARM_GCC_541\Debug\croutine.o
LOAD .\CortexM4\ARM_GCC_541\Debug\event_groups.o
LOAD .\CortexM4\ARM_GCC_541\Debug\list.o
LOAD .\CortexM4\ARM_GCC_541\Debug\queue.o
LOAD .\CortexM4\ARM_GCC_541\Debug\tasks.o
LOAD .\CortexM4\ARM_GCC_541\Debug\timers.o
LOAD .\CortexM4\ARM_GCC_541\Debug\stream_buffer.o
LOAD .\CortexM4\ARM_GCC_541\Debug\port.o
LOAD .\CortexM4\ARM_GCC_541\Debug\heap_1.o
LOAD .\CortexM4\ARM_GCC_541\Debug\retarget.o
END GROUP
START GROUP
LOAD c:/program files (x86)/cypress/psoc creator/4.4/psoc creator/import/gnu/arm/5.4.1/bin/../lib/gcc/arm-none-eabi/5.4.1/armv7e-m/softfp\libgcc.a
LOAD c:/program files (x86)/cypress/psoc creator/4.4/psoc creator/import/gnu/arm/5.4.1/bin/../lib/gcc/arm-none-eabi/5.4.1/../../../../arm-none-eabi/lib/armv7e-m/softfp\libg_nano.a
LOAD c:/program files (x86)/cypress/psoc creator/4.4/psoc creator/import/gnu/arm/5.4.1/bin/../lib/gcc/arm-none-eabi/5.4.1/../../../../arm-none-eabi/lib/armv7e-m/softfp\libc_nano.a
END GROUP
START GROUP
LOAD c:/program files (x86)/cypress/psoc creator/4.4/psoc creator/import/gnu/arm/5.4.1/bin/../lib/gcc/arm-none-eabi/5.4.1/armv7e-m/softfp\libgcc.a
LOAD c:/program files (x86)/cypress/psoc creator/4.4/psoc creator/import/gnu/arm/5.4.1/bin/../lib/gcc/arm-none-eabi/5.4.1/../../../../arm-none-eabi/lib/armv7e-m/softfp\libc_nano.a
END GROUP
LOAD c:/program files (x86)/cypress/psoc creator/4.4/psoc creator/import/gnu/arm/5.4.1/bin/../lib/gcc/arm-none-eabi/5.4.1/armv7e-m/softfp/crtend.o
LOAD c:/program files (x86)/cypress/psoc creator/4.4/psoc creator/import/gnu/arm/5.4.1/bin/../lib/gcc/arm-none-eabi/5.4.1/armv7e-m/softfp/crtn.o
START GROUP
LOAD c:/program files (x86)/cypress/psoc creator/4.4/psoc creator/import/gnu/arm/5.4.1/bin/../lib/gcc/arm-none-eabi/5.4.1/armv7e-m/softfp\libgcc.a
LOAD c:/program files (x86)/cypress/psoc creator/4.4/psoc creator/import/gnu/arm/5.4.1/bin/../lib/gcc/arm-none-eabi/5.4.1/../../../../arm-none-eabi/lib/armv7e-m/softfp\libc.a
LOAD c:/program files (x86)/cypress/psoc creator/4.4/psoc creator/import/gnu/arm/5.4.1/bin/../lib/gcc/arm-none-eabi/5.4.1/../../../../arm-none-eabi/lib/armv7e-m/softfp\libnosys.a
END GROUP
START GROUP
LOAD c:/program files (x86)/cypress/psoc creator/4.4/psoc creator/import/gnu/arm/5.4.1/bin/../lib/gcc/arm-none-eabi/5.4.1/armv7e-m/softfp\libgcc.a
LOAD c:/program files (x86)/cypress/psoc creator/4.4/psoc creator/import/gnu/arm/5.4.1/bin/../lib/gcc/arm-none-eabi/5.4.1/../../../../arm-none-eabi/lib/armv7e-m/softfp\libc.a
LOAD c:/program files (x86)/cypress/psoc creator/4.4/psoc creator/import/gnu/arm/5.4.1/bin/../lib/gcc/arm-none-eabi/5.4.1/../../../../arm-none-eabi/lib/armv7e-m/softfp\libm.a
LOAD c:/program files (x86)/cypress/psoc creator/4.4/psoc creator/import/gnu/arm/5.4.1/bin/../lib/gcc/arm-none-eabi/5.4.1/../../../../arm-none-eabi/lib/armv7e-m/softfp\libnosys.a
END GROUP

.text           0x10080000     0x9d00
                0x10080000                . = ALIGN (0x4)
                0x10080000                __Vectors = .
 *(.vectors)
 .vectors       0x10080000      0x28c .\CortexM4\ARM_GCC_541\Debug\startup_psoc6_01_cm4.o
                0x1008028c                . = ALIGN (0x4)
                0x1008028c                __Vectors_End = .
                0x0000028c                __Vectors_Size = (__Vectors_End - __Vectors)
                0x1008028c                __end__ = .
                0x1008028c                . = ALIGN (0x4)
 *(.text*)
 .text          0x1008028c       0x5c c:/program files (x86)/cypress/psoc creator/4.4/psoc creator/import/gnu/arm/5.4.1/bin/../lib/gcc/arm-none-eabi/5.4.1/armv7e-m/softfp/crtbegin.o
 .text.MotionSensor_Init
                0x100802e8       0x6c .\CortexM4\ARM_GCC_541\Debug\motion_task.o
 .text.MotionSensor_ConfigOrientIntr
                0x10080354       0xb0 .\CortexM4\ARM_GCC_541\Debug\motion_task.o
 .text.Orientation_Interrupt
                0x10080404       0x5c .\CortexM4\ARM_GCC_541\Debug\motion_task.o
 .text.MotionSensor_UpdateOrientation
                0x10080460       0x84 .\CortexM4\ARM_GCC_541\Debug\motion_task.o
 .text.Task_Motion
                0x100804e4      0x13c .\CortexM4\ARM_GCC_541\Debug\motion_task.o
                0x100804e4                Task_Motion
 .text.Task_Debug
                0x10080620       0x3c .\CortexM4\ARM_GCC_541\Debug\uart_debug.o
                0x10080620                Task_Debug
 .text          0x1008065c       0x84 .\CortexM4\ARM_GCC_541\Debug\startup_psoc6_01_cm4.o
                0x1008065c                Cy_OnResetUser
                0x1008065e                Reset_Handler
                0x100806c0                cpuss_interrupts_ipc_6_IRQHandler
                0x100806c0                DebugMon_Handler
                0x100806c0                tcpwm_1_interrupts_11_IRQHandler
                0x100806c0                cpuss_interrupts_ipc_0_IRQHandler
                0x100806c0                tcpwm_1_interrupts_15_IRQHandler
                0x100806c0                ioss_interrupts_gpio_13_IRQHandler
                0x100806c0                tcpwm_1_interrupts_13_IRQHandler
                0x100806c0                cpuss_interrupts_dw1_8_IRQHandler
                0x100806c0                tcpwm_0_interrupts_0_IRQHandler
                0x100806c0                cpuss_interrupt_fm_IRQHandler
                0x100806c0                cpuss_interrupts_ipc_7_IRQHandler
                0x100806c0                tcpwm_1_interrupts_14_IRQHandler
                0x100806c0                cpuss_interrupts_dw0_5_IRQHandler
                0x100806c0                tcpwm_1_interrupts_9_IRQHandler
                0x100806c0                cpuss_interrupts_cm0_cti_1_IRQHandler
                0x100806c0                tcpwm_1_interrupts_22_IRQHandler
                0x100806c0                cpuss_interrupts_dw0_4_IRQHandler
                0x100806c0                NMI_Handler
                0x100806c0                cpuss_interrupts_dw1_12_IRQHandler
                0x100806c0                tcpwm_1_interrupts_12_IRQHandler
                0x100806c0                smif_interrupt_IRQHandler
                0x100806c0                tcpwm_1_interrupts_2_IRQHandler
                0x100806c0                cpuss_interrupts_ipc_13_IRQHandler
                0x100806c0                udb_interrupts_11_IRQHandler
                0x100806c0                tcpwm_1_interrupts_18_IRQHandler
                0x100806c0                cpuss_interrupts_dw0_11_IRQHandler
                0x100806c0                tcpwm_0_interrupts_2_IRQHandler
                0x100806c0                cpuss_interrupts_dw0_13_IRQHandler
                0x100806c0                udb_interrupts_2_IRQHandler
                0x100806c0                cpuss_interrupts_dw1_7_IRQHandler
                0x100806c0                ioss_interrupts_gpio_1_IRQHandler
                0x100806c0                ioss_interrupts_gpio_7_IRQHandler
                0x100806c0                scb_5_interrupt_IRQHandler
                0x100806c0                udb_interrupts_6_IRQHandler
                0x100806c0                cpuss_interrupts_fault_1_IRQHandler
                0x100806c0                cpuss_interrupts_ipc_4_IRQHandler
                0x100806c0                cpuss_interrupts_ipc_5_IRQHandler
                0x100806c0                cpuss_interrupts_dw1_10_IRQHandler
                0x100806c0                udb_interrupts_0_IRQHandler
                0x100806c0                tcpwm_1_interrupts_6_IRQHandler
                0x100806c0                scb_4_interrupt_IRQHandler
                0x100806c0                pass_interrupt_dacs_IRQHandler
                0x100806c0                ioss_interrupts_gpio_2_IRQHandler
                0x100806c0                cpuss_interrupts_dw1_9_IRQHandler
                0x100806c0                cpuss_interrupts_dw1_13_IRQHandler
                0x100806c0                scb_2_interrupt_IRQHandler
                0x100806c0                cpuss_interrupts_cm0_cti_0_IRQHandler
                0x100806c0                udb_interrupts_5_IRQHandler
                0x100806c0                srss_interrupt_IRQHandler
                0x100806c0                udb_interrupts_12_IRQHandler
                0x100806c0                scb_0_interrupt_IRQHandler
                0x100806c0                csd_interrupt_IRQHandler
                0x100806c0                udb_interrupts_1_IRQHandler
                0x100806c0                profile_interrupt_IRQHandler
                0x100806c0                tcpwm_1_interrupts_1_IRQHandler
                0x100806c0                cpuss_interrupts_ipc_12_IRQHandler
                0x100806c0                tcpwm_1_interrupts_3_IRQHandler
                0x100806c0                tcpwm_0_interrupts_7_IRQHandler
                0x100806c0                cpuss_interrupts_dw1_1_IRQHandler
                0x100806c0                cpuss_interrupts_dw1_0_IRQHandler
                0x100806c0                cpuss_interrupts_dw0_9_IRQHandler
                0x100806c0                lpcomp_interrupt_IRQHandler
                0x100806c0                tcpwm_1_interrupts_23_IRQHandler
                0x100806c0                udb_interrupts_4_IRQHandler
                0x100806c0                tcpwm_1_interrupts_20_IRQHandler
                0x100806c0                ioss_interrupt_gpio_IRQHandler
                0x100806c0                tcpwm_0_interrupts_1_IRQHandler
                0x100806c0                ioss_interrupts_gpio_8_IRQHandler
                0x100806c0                tcpwm_0_interrupts_6_IRQHandler
                0x100806c0                scb_7_interrupt_IRQHandler
                0x100806c0                tcpwm_1_interrupts_7_IRQHandler
                0x100806c0                cpuss_interrupts_ipc_11_IRQHandler
                0x100806c0                udb_interrupts_13_IRQHandler
                0x100806c0                cpuss_interrupts_dw0_15_IRQHandler
                0x100806c0                udb_interrupts_7_IRQHandler
                0x100806c0                cpuss_interrupts_dw1_6_IRQHandler
                0x100806c0                cpuss_interrupt_crypto_IRQHandler
                0x100806c0                scb_1_interrupt_IRQHandler
                0x100806c0                Default_Handler
                0x100806c0                usb_interrupt_hi_IRQHandler
                0x100806c0                tcpwm_1_interrupts_0_IRQHandler
                0x100806c0                udb_interrupts_9_IRQHandler
                0x100806c0                audioss_interrupt_pdm_IRQHandler
                0x100806c0                srss_interrupt_mcwdt_0_IRQHandler
                0x100806c0                scb_3_interrupt_IRQHandler
                0x100806c0                pass_interrupt_ctbs_IRQHandler
                0x100806c0                udb_interrupts_8_IRQHandler
                0x100806c0                ioss_interrupts_gpio_3_IRQHandler
                0x100806c0                scb_6_interrupt_IRQHandler
                0x100806c0                cpuss_interrupts_cm4_cti_0_IRQHandler
                0x100806c0                cpuss_interrupts_dw1_3_IRQHandler
                0x100806c0                pass_interrupt_sar_IRQHandler
                0x100806c0                ioss_interrupts_gpio_0_IRQHandler
                0x100806c0                ioss_interrupts_gpio_14_IRQHandler
                0x100806c0                tcpwm_0_interrupts_4_IRQHandler
                0x100806c0                udb_interrupts_3_IRQHandler
                0x100806c0                tcpwm_0_interrupts_5_IRQHandler
                0x100806c0                cpuss_interrupts_ipc_15_IRQHandler
                0x100806c0                cpuss_interrupts_cm4_cti_1_IRQHandler
                0x100806c0                scb_8_interrupt_IRQHandler
                0x100806c0                srss_interrupt_mcwdt_1_IRQHandler
                0x100806c0                cpuss_interrupts_dw1_2_IRQHandler
                0x100806c0                cpuss_interrupts_dw1_5_IRQHandler
                0x100806c0                cpuss_interrupts_ipc_1_IRQHandler
                0x100806c0                cpuss_interrupts_dw0_0_IRQHandler
                0x100806c0                ioss_interrupts_gpio_12_IRQHandler
                0x100806c0                cpuss_interrupts_ipc_3_IRQHandler
                0x100806c0                tcpwm_1_interrupts_17_IRQHandler
                0x100806c0                srss_interrupt_backup_IRQHandler
                0x100806c0                bless_interrupt_IRQHandler
                0x100806c0                cpuss_interrupts_ipc_10_IRQHandler
                0x100806c0                cpuss_interrupts_ipc_9_IRQHandler
                0x100806c0                cpuss_interrupts_dw0_14_IRQHandler
                0x100806c0                tcpwm_1_interrupts_4_IRQHandler
                0x100806c0                tcpwm_0_interrupts_3_IRQHandler
                0x100806c0                cpuss_interrupts_dw1_15_IRQHandler
                0x100806c0                ioss_interrupts_gpio_10_IRQHandler
                0x100806c0                udb_interrupts_10_IRQHandler
                0x100806c0                cpuss_interrupts_dw0_8_IRQHandler
                0x100806c0                ioss_interrupts_gpio_11_IRQHandler
                0x100806c0                cpuss_interrupts_ipc_14_IRQHandler
                0x100806c0                ioss_interrupts_gpio_5_IRQHandler
                0x100806c0                ioss_interrupts_gpio_4_IRQHandler
                0x100806c0                tcpwm_1_interrupts_8_IRQHandler
                0x100806c0                cpuss_interrupts_dw1_14_IRQHandler
                0x100806c0                usb_interrupt_med_IRQHandler
                0x100806c0                cpuss_interrupts_dw0_2_IRQHandler
                0x100806c0                tcpwm_1_interrupts_10_IRQHandler
                0x100806c0                cpuss_interrupts_fault_0_IRQHandler
                0x100806c0                cpuss_interrupts_dw0_12_IRQHandler
                0x100806c0                ioss_interrupts_gpio_6_IRQHandler
                0x100806c0                tcpwm_1_interrupts_21_IRQHandler
                0x100806c0                tcpwm_1_interrupts_16_IRQHandler
                0x100806c0                cpuss_interrupts_dw1_4_IRQHandler
                0x100806c0                udb_interrupts_15_IRQHandler
                0x100806c0                cpuss_interrupts_dw1_11_IRQHandler
                0x100806c0                cpuss_interrupts_dw0_6_IRQHandler
                0x100806c0                ioss_interrupt_vdd_IRQHandler
                0x100806c0                cpuss_interrupts_dw0_7_IRQHandler
                0x100806c0                audioss_interrupt_i2s_IRQHandler
                0x100806c0                tcpwm_1_interrupts_5_IRQHandler
                0x100806c0                cpuss_interrupts_ipc_2_IRQHandler
                0x100806c0                cpuss_interrupts_dw0_10_IRQHandler
                0x100806c0                tcpwm_1_interrupts_19_IRQHandler
                0x100806c0                cpuss_interrupts_dw0_1_IRQHandler
                0x100806c0                ioss_interrupts_gpio_9_IRQHandler
                0x100806c0                usb_interrupt_lo_IRQHandler
                0x100806c0                cpuss_interrupts_ipc_8_IRQHandler
                0x100806c0                udb_interrupts_14_IRQHandler
                0x100806c0                cpuss_interrupts_dw0_3_IRQHandler
                0x100806c4                UsageFault_Handler
                0x100806c4                HardFault_Handler
                0x100806c4                MemManage_Handler
                0x100806c4                BusFault_Handler
 .text.main     0x100806e0       0x84 .\CortexM4\ARM_GCC_541\Debug\main_cm4.o
                0x100806e0                main
 .text.vApplicationIdleHook
                0x10080764        0xc .\CortexM4\ARM_GCC_541\Debug\main_cm4.o
                0x10080764                vApplicationIdleHook
 .text.vApplicationStackOverflowHook
                0x10080770       0x1c .\CortexM4\ARM_GCC_541\Debug\main_cm4.o
                0x10080770                vApplicationStackOverflowHook
 .text.vApplicationMallocFailedHook
                0x1008078c       0x1c .\CortexM4\ARM_GCC_541\Debug\main_cm4.o
                0x1008078c                vApplicationMallocFailedHook
 .text.Cy_SysIpcPipeIsrCm4
                0x100807a8        0xc .\CortexM4\ARM_GCC_541\Debug\system_psoc6_cm4.o
                0x100807a8                Cy_SysIpcPipeIsrCm4
 .text.Cy_SystemInit
                0x100807b4        0x4 .\CortexM4\ARM_GCC_541\Debug\system_psoc6_cm4.o
                0x100807b4                Cy_SystemInit
 .text.SystemCoreClockUpdate
                0x100807b8      0x190 .\CortexM4\ARM_GCC_541\Debug\system_psoc6_cm4.o
                0x100807b8                SystemCoreClockUpdate
 .text.SystemInit
                0x10080948       0x48 .\CortexM4\ARM_GCC_541\Debug\system_psoc6_cm4.o
                0x10080948                SystemInit
 .text.Cy_SystemInitFpuEnable
                0x10080990       0x28 .\CortexM4\ARM_GCC_541\Debug\system_psoc6_cm4.o
                0x10080990                Cy_SystemInitFpuEnable
 .text.null_ptr_check
                0x100809b8       0x2c .\CortexM4\ARM_GCC_541\Debug\bmi160.o
 .text.default_param_settg
                0x100809e4       0x28 .\CortexM4\ARM_GCC_541\Debug\bmi160.o
 .text.process_accel_odr
                0x10080a0c       0x28 .\CortexM4\ARM_GCC_541\Debug\bmi160.o
 .text.process_accel_bw
                0x10080a34       0x24 .\CortexM4\ARM_GCC_541\Debug\bmi160.o
 .text.process_accel_range
                0x10080a58       0x28 .\CortexM4\ARM_GCC_541\Debug\bmi160.o
 .text.process_gyro_odr
                0x10080a80       0x28 .\CortexM4\ARM_GCC_541\Debug\bmi160.o
 .text.process_gyro_bw
                0x10080aa8       0x20 .\CortexM4\ARM_GCC_541\Debug\bmi160.o
 .text.process_gyro_range
                0x10080ac8       0x28 .\CortexM4\ARM_GCC_541\Debug\bmi160.o
 .text.bmi160_get_regs
                0x10080af0       0x40 .\CortexM4\ARM_GCC_541\Debug\bmi160.o
                0x10080af0                bmi160_get_regs
 .text.check_accel_config
                0x10080b30       0x3c .\CortexM4\ARM_GCC_541\Debug\bmi160.o
 .text.check_gyro_config
                0x10080b6c       0x3c .\CortexM4\ARM_GCC_541\Debug\bmi160.o
 .text.check_invalid_settg
                0x10080ba8       0x4c .\CortexM4\ARM_GCC_541\Debug\bmi160.o
 .text.get_accel_data
                0x10080bf4       0x80 .\CortexM4\ARM_GCC_541\Debug\bmi160.o
 .text.get_gyro_data
                0x10080c74       0xc4 .\CortexM4\ARM_GCC_541\Debug\bmi160.o
 .text.get_accel_gyro_data
                0x10080d38       0xb8 .\CortexM4\ARM_GCC_541\Debug\bmi160.o
 .text.bmi160_set_regs
                0x10080df0       0x84 .\CortexM4\ARM_GCC_541\Debug\bmi160.o
                0x10080df0                bmi160_set_regs
 .text.set_accel_conf
                0x10080e74       0x54 .\CortexM4\ARM_GCC_541\Debug\bmi160.o
 .text.set_gyro_conf
                0x10080ec8       0x54 .\CortexM4\ARM_GCC_541\Debug\bmi160.o
 .text.process_under_sampling
                0x10080f1c       0x70 .\CortexM4\ARM_GCC_541\Debug\bmi160.o
 .text.set_accel_pwr
                0x10080f8c       0x5c .\CortexM4\ARM_GCC_541\Debug\bmi160.o
 .text.set_gyro_pwr
                0x10080fe8       0x5c .\CortexM4\ARM_GCC_541\Debug\bmi160.o
 .text.enable_accel_any_motion_int
                0x10081044       0x80 .\CortexM4\ARM_GCC_541\Debug\bmi160.o
 .text.config_int_out_ctrl
                0x100810c4       0xb0 .\CortexM4\ARM_GCC_541\Debug\bmi160.o
 .text.config_int_latch
                0x10081174       0x7c .\CortexM4\ARM_GCC_541\Debug\bmi160.o
 .text.set_intr_pin_config
                0x100811f0       0x1c .\CortexM4\ARM_GCC_541\Debug\bmi160.o
 .text.disable_sig_motion_int
                0x1008120c       0x44 .\CortexM4\ARM_GCC_541\Debug\bmi160.o
 .text.map_feature_interrupt
                0x10081250       0x98 .\CortexM4\ARM_GCC_541\Debug\bmi160.o
 .text.config_any_motion_src
                0x100812e8       0x48 .\CortexM4\ARM_GCC_541\Debug\bmi160.o
 .text.config_any_dur_threshold
                0x10081330       0x50 .\CortexM4\ARM_GCC_541\Debug\bmi160.o
 .text.config_any_motion_int_settg
                0x10081380       0x44 .\CortexM4\ARM_GCC_541\Debug\bmi160.o
 .text.set_accel_any_motion_int
                0x100813c4       0x3c .\CortexM4\ARM_GCC_541\Debug\bmi160.o
 .text.enable_sig_motion_int
                0x10081400       0x64 .\CortexM4\ARM_GCC_541\Debug\bmi160.o
 .text.config_sig_motion_data_src
                0x10081464       0x48 .\CortexM4\ARM_GCC_541\Debug\bmi160.o
 .text.config_sig_dur_threshold
                0x100814ac       0x74 .\CortexM4\ARM_GCC_541\Debug\bmi160.o
 .text.config_sig_motion_int_settg
                0x10081520       0x38 .\CortexM4\ARM_GCC_541\Debug\bmi160.o
 .text.set_accel_sig_motion_int
                0x10081558       0x3c .\CortexM4\ARM_GCC_541\Debug\bmi160.o
 .text.enable_no_motion_int
                0x10081594       0x7c .\CortexM4\ARM_GCC_541\Debug\bmi160.o
 .text.config_no_motion_data_src
                0x10081610       0x48 .\CortexM4\ARM_GCC_541\Debug\bmi160.o
 .text.config_no_motion_dur_thr
                0x10081658       0x90 .\CortexM4\ARM_GCC_541\Debug\bmi160.o
 .text.config_no_motion_int_settg
                0x100816e8       0x38 .\CortexM4\ARM_GCC_541\Debug\bmi160.o
 .text.set_accel_no_motion_int
                0x10081720       0x3c .\CortexM4\ARM_GCC_541\Debug\bmi160.o
 .text.enable_tap_int
                0x1008175c       0x6c .\CortexM4\ARM_GCC_541\Debug\bmi160.o
 .text.config_tap_data_src
                0x100817c8       0x48 .\CortexM4\ARM_GCC_541\Debug\bmi160.o
 .text.config_tap_param
                0x10081810       0x7c .\CortexM4\ARM_GCC_541\Debug\bmi160.o
 .text.config_tap_int_settg
                0x1008188c       0x3c .\CortexM4\ARM_GCC_541\Debug\bmi160.o
 .text.set_accel_tap_int
                0x100818c8       0x48 .\CortexM4\ARM_GCC_541\Debug\bmi160.o
 .text.enable_step_detect_int
                0x10081910       0x48 .\CortexM4\ARM_GCC_541\Debug\bmi160.o
 .text.config_step_detect
                0x10081958       0x98 .\CortexM4\ARM_GCC_541\Debug\bmi160.o
 .text.set_accel_step_detect_int
                0x100819f0       0x50 .\CortexM4\ARM_GCC_541\Debug\bmi160.o
 .text.enable_orient_int
                0x10081a40       0x48 .\CortexM4\ARM_GCC_541\Debug\bmi160.o
 .text.config_orient_int_settg
                0x10081a88       0x88 .\CortexM4\ARM_GCC_541\Debug\bmi160.o
 .text.set_accel_orientation_int
                0x10081b10       0x50 .\CortexM4\ARM_GCC_541\Debug\bmi160.o
 .text.enable_flat_int
                0x10081b60       0x48 .\CortexM4\ARM_GCC_541\Debug\bmi160.o
 .text.config_flat_int_settg
                0x10081ba8       0x6c .\CortexM4\ARM_GCC_541\Debug\bmi160.o
 .text.set_accel_flat_detect_int
                0x10081c14       0x50 .\CortexM4\ARM_GCC_541\Debug\bmi160.o
 .text.enable_low_g_int
                0x10081c64       0x48 .\CortexM4\ARM_GCC_541\Debug\bmi160.o
 .text.config_low_g_data_src
                0x10081cac       0x48 .\CortexM4\ARM_GCC_541\Debug\bmi160.o
 .text.config_low_g_int_settg
                0x10081cf4       0x68 .\CortexM4\ARM_GCC_541\Debug\bmi160.o
 .text.set_accel_low_g_int
                0x10081d5c       0x5c .\CortexM4\ARM_GCC_541\Debug\bmi160.o
 .text.enable_high_g_int
                0x10081db8       0x60 .\CortexM4\ARM_GCC_541\Debug\bmi160.o
 .text.config_high_g_data_src
                0x10081e18       0x48 .\CortexM4\ARM_GCC_541\Debug\bmi160.o
 .text.config_high_g_int_settg
                0x10081e60       0x5c .\CortexM4\ARM_GCC_541\Debug\bmi160.o
 .text.set_accel_high_g_int
                0x10081ebc       0x5c .\CortexM4\ARM_GCC_541\Debug\bmi160.o
 .text.enable_data_ready_int
                0x10081f18       0x40 .\CortexM4\ARM_GCC_541\Debug\bmi160.o
 .text.map_hardware_interrupt
                0x10081f58       0x88 .\CortexM4\ARM_GCC_541\Debug\bmi160.o
 .text.set_accel_gyro_data_ready_int
                0x10081fe0       0x40 .\CortexM4\ARM_GCC_541\Debug\bmi160.o
 .text.enable_fifo_full_int
                0x10082020       0x48 .\CortexM4\ARM_GCC_541\Debug\bmi160.o
 .text.set_fifo_full_int
                0x10082068       0x3c .\CortexM4\ARM_GCC_541\Debug\bmi160.o
 .text.enable_fifo_wtm_int
                0x100820a4       0x48 .\CortexM4\ARM_GCC_541\Debug\bmi160.o
 .text.set_fifo_watermark_int
                0x100820ec       0x3c .\CortexM4\ARM_GCC_541\Debug\bmi160.o
 .text.bmi160_soft_reset
                0x10082128       0x5c .\CortexM4\ARM_GCC_541\Debug\bmi160.o
                0x10082128                bmi160_soft_reset
 .text.bmi160_init
                0x10082184       0x5c .\CortexM4\ARM_GCC_541\Debug\bmi160.o
                0x10082184                bmi160_init
 .text.bmi160_set_power_mode
                0x100821e0       0x30 .\CortexM4\ARM_GCC_541\Debug\bmi160.o
                0x100821e0                bmi160_set_power_mode
 .text.bmi160_set_sens_conf
                0x10082210       0x44 .\CortexM4\ARM_GCC_541\Debug\bmi160.o
                0x10082210                bmi160_set_sens_conf
 .text.bmi160_get_sensor_data
                0x10082254       0x68 .\CortexM4\ARM_GCC_541\Debug\bmi160.o
                0x10082254                bmi160_get_sensor_data
 .text.bmi160_set_int_config
                0x100822bc       0x68 .\CortexM4\ARM_GCC_541\Debug\bmi160.o
                0x100822bc                bmi160_set_int_config
 .text.I2C_WriteBytes
                0x10082324       0x58 .\CortexM4\ARM_GCC_541\Debug\i2cm_support.o
                0x10082324                I2C_WriteBytes
 .text.I2C_ReadBytes
                0x1008237c       0x7c .\CortexM4\ARM_GCC_541\Debug\i2cm_support.o
                0x1008237c                I2C_ReadBytes
 .text.I2C_Callback
                0x100823f8       0x54 .\CortexM4\ARM_GCC_541\Debug\i2cm_support.o
                0x100823f8                I2C_Callback
 .text.STDIO_PutChar
                0x1008244c       0x18 .\CortexM4\ARM_GCC_541\Debug\stdio_user.o
                0x1008244c                STDIO_PutChar
 .text.STDIO_GetChar
                0x10082464       0x1c .\CortexM4\ARM_GCC_541\Debug\stdio_user.o
                0x10082464                STDIO_GetChar
 .text.DEBUG_UART_Interrupt
                0x10082480       0x14 .\CortexM4\ARM_GCC_541\Debug\DEBUG_UART.o
 .text.DEBUG_UART_Start
                0x10082494       0x64 .\CortexM4\ARM_GCC_541\Debug\DEBUG_UART.o
                0x10082494                DEBUG_UART_Start
 .text.I2Cm_Interrupt
                0x100824f8       0x14 .\CortexM4\ARM_GCC_541\Debug\I2Cm.o
 .text.I2Cm_Start
                0x1008250c       0x78 .\CortexM4\ARM_GCC_541\Debug\I2Cm.o
                0x1008250c                I2Cm_Start
 .text.Cy_Flash_ProcessOpcode
                0x10082584       0xac .\CortexM4\ARM_GCC_541\Debug\cy_flash.o
 .text.Cy_Flash_OperationStatus
                0x10082630       0x5c .\CortexM4\ARM_GCC_541\Debug\cy_flash.o
 .text.Cy_Flash_InitExt
                0x1008268c       0x80 .\CortexM4\ARM_GCC_541\Debug\cy_flash.o
                0x1008268c                Cy_Flash_InitExt
 .text.Cy_Flash_Init
                0x1008270c       0x10 .\CortexM4\ARM_GCC_541\Debug\cy_flash.o
                0x1008270c                Cy_Flash_Init
 .text.Cy_IPC_Drv_LockRelease
                0x1008271c       0x3c .\CortexM4\ARM_GCC_541\Debug\cy_ipc_drv.o
                0x1008271c                Cy_IPC_Drv_LockRelease
 .text.Cy_IPC_Drv_SendMsgWord
                0x10082758       0x3c .\CortexM4\ARM_GCC_541\Debug\cy_ipc_drv.o
                0x10082758                Cy_IPC_Drv_SendMsgWord
 .text.Cy_IPC_Drv_ReadMsgWord
                0x10082794       0x38 .\CortexM4\ARM_GCC_541\Debug\cy_ipc_drv.o
                0x10082794                Cy_IPC_Drv_ReadMsgWord
 .text.Cy_IPC_Sema_InitExt
                0x100827cc       0xac .\CortexM4\ARM_GCC_541\Debug\cy_ipc_sema.o
                0x100827cc                Cy_IPC_Sema_InitExt
 .text.Cy_IPC_Sema_Init
                0x10082878       0x64 .\CortexM4\ARM_GCC_541\Debug\cy_ipc_sema.o
                0x10082878                Cy_IPC_Sema_Init
 .text.Cy_IPC_Sema_Clear
                0x100828dc       0x88 .\CortexM4\ARM_GCC_541\Debug\cy_ipc_sema.o
                0x100828dc                Cy_IPC_Sema_Clear
 .text.Cy_IPC_Sema_Status
                0x10082964       0x40 .\CortexM4\ARM_GCC_541\Debug\cy_ipc_sema.o
                0x10082964                Cy_IPC_Sema_Status
 .text.Cy_IPC_Pipe_Config
                0x100829a4       0x10 .\CortexM4\ARM_GCC_541\Debug\cy_ipc_pipe.o
                0x100829a4                Cy_IPC_Pipe_Config
 .text.Cy_IPC_Pipe_EndpointInit
                0x100829b4       0xd0 .\CortexM4\ARM_GCC_541\Debug\cy_ipc_pipe.o
                0x100829b4                Cy_IPC_Pipe_EndpointInit
 .text.Cy_IPC_Pipe_Init
                0x10082a84       0xb4 .\CortexM4\ARM_GCC_541\Debug\cy_ipc_pipe.o
                0x10082a84                Cy_IPC_Pipe_Init
 .text.Cy_IPC_Pipe_SendMessage
                0x10082b38       0xa4 .\CortexM4\ARM_GCC_541\Debug\cy_ipc_pipe.o
                0x10082b38                Cy_IPC_Pipe_SendMessage
 .text.Cy_IPC_Pipe_RegisterCallback
                0x10082bdc       0x50 .\CortexM4\ARM_GCC_541\Debug\cy_ipc_pipe.o
                0x10082bdc                Cy_IPC_Pipe_RegisterCallback
 .text.Cy_IPC_Pipe_ExecCallback
                0x10082c2c       0xbc .\CortexM4\ARM_GCC_541\Debug\cy_ipc_pipe.o
                0x10082c2c                Cy_IPC_Pipe_ExecCallback
 .text.Cy_IPC_Pipe_ExecuteCallback
                0x10082ce8       0x2c .\CortexM4\ARM_GCC_541\Debug\cy_ipc_pipe.o
                0x10082ce8                Cy_IPC_Pipe_ExecuteCallback
 .text.Cy_SCB_ReadArrayNoCheck
                0x10082d14       0x38 .\CortexM4\ARM_GCC_541\Debug\cy_scb_common.o
                0x10082d14                Cy_SCB_ReadArrayNoCheck
 .text.Cy_SCB_ReadArray
                0x10082d4c       0x1c .\CortexM4\ARM_GCC_541\Debug\cy_scb_common.o
                0x10082d4c                Cy_SCB_ReadArray
 .text.Cy_SCB_Write
                0x10082d68       0x28 .\CortexM4\ARM_GCC_541\Debug\cy_scb_common.o
                0x10082d68                Cy_SCB_Write
 .text.Cy_SCB_WriteArrayNoCheck
                0x10082d90       0x38 .\CortexM4\ARM_GCC_541\Debug\cy_scb_common.o
                0x10082d90                Cy_SCB_WriteArrayNoCheck
 .text.Cy_SCB_WriteArray
                0x10082dc8       0x2c .\CortexM4\ARM_GCC_541\Debug\cy_scb_common.o
                0x10082dc8                Cy_SCB_WriteArray
 .text.Cy_SCB_WriteDefaultArrayNoCheck
                0x10082df4       0x10 .\CortexM4\ARM_GCC_541\Debug\cy_scb_common.o
                0x10082df4                Cy_SCB_WriteDefaultArrayNoCheck
 .text.Cy_SCB_WriteDefaultArray
                0x10082e04       0x2c .\CortexM4\ARM_GCC_541\Debug\cy_scb_common.o
                0x10082e04                Cy_SCB_WriteDefaultArray
 .text.SlaveHandleStop
                0x10082e30       0xec .\CortexM4\ARM_GCC_541\Debug\cy_scb_i2c.o
 .text.MasterHandleEvents
                0x10082f1c       0x74 .\CortexM4\ARM_GCC_541\Debug\cy_scb_i2c.o
 .text.MasterHandleStop
                0x10082f90       0x2c .\CortexM4\ARM_GCC_541\Debug\cy_scb_i2c.o
 .text.MasterHandleComplete
                0x10082fbc       0xf4 .\CortexM4\ARM_GCC_541\Debug\cy_scb_i2c.o
 .text.SlaveHandleDataTransmit
                0x100830b0       0xe8 .\CortexM4\ARM_GCC_541\Debug\cy_scb_i2c.o
 .text.MasterHandleDataTransmit
                0x10083198       0xb8 .\CortexM4\ARM_GCC_541\Debug\cy_scb_i2c.o
 .text.SlaveHandleAddress
                0x10083250      0x158 .\CortexM4\ARM_GCC_541\Debug\cy_scb_i2c.o
 .text.MasterHandleDataReceive
                0x100833a8       0xf0 .\CortexM4\ARM_GCC_541\Debug\cy_scb_i2c.o
 .text.SlaveHandleDataReceive
                0x10083498       0xbc .\CortexM4\ARM_GCC_541\Debug\cy_scb_i2c.o
 .text.Cy_SCB_I2C_Init
                0x10083554      0x18c .\CortexM4\ARM_GCC_541\Debug\cy_scb_i2c.o
                0x10083554                Cy_SCB_I2C_Init
 .text.Cy_SCB_I2C_GetDataRate
                0x100836e0       0x90 .\CortexM4\ARM_GCC_541\Debug\cy_scb_i2c.o
                0x100836e0                Cy_SCB_I2C_GetDataRate
 .text.Cy_SCB_I2C_SetDataRate
                0x10083770      0x1d0 .\CortexM4\ARM_GCC_541\Debug\cy_scb_i2c.o
                0x10083770                Cy_SCB_I2C_SetDataRate
 .text.Cy_SCB_I2C_MasterRead
                0x10083940      0x170 .\CortexM4\ARM_GCC_541\Debug\cy_scb_i2c.o
                0x10083940                Cy_SCB_I2C_MasterRead
 .text.Cy_SCB_I2C_MasterWrite
                0x10083ab0      0x148 .\CortexM4\ARM_GCC_541\Debug\cy_scb_i2c.o
                0x10083ab0                Cy_SCB_I2C_MasterWrite
 .text.Cy_SCB_I2C_SlaveInterrupt
                0x10083bf8       0xe4 .\CortexM4\ARM_GCC_541\Debug\cy_scb_i2c.o
                0x10083bf8                Cy_SCB_I2C_SlaveInterrupt
 .text.Cy_SCB_I2C_MasterInterrupt
                0x10083cdc       0x8c .\CortexM4\ARM_GCC_541\Debug\cy_scb_i2c.o
                0x10083cdc                Cy_SCB_I2C_MasterInterrupt
 .text.Cy_SCB_I2C_Interrupt
                0x10083d68       0x18 .\CortexM4\ARM_GCC_541\Debug\cy_scb_i2c.o
                0x10083d68                Cy_SCB_I2C_Interrupt
 .text.HandleDataTransmit
                0x10083d80       0xdc .\CortexM4\ARM_GCC_541\Debug\cy_scb_uart.o
 .text.HandleDataReceive
                0x10083e5c       0xf8 .\CortexM4\ARM_GCC_541\Debug\cy_scb_uart.o
 .text.Cy_SCB_UART_Init
                0x10083f54      0x364 .\CortexM4\ARM_GCC_541\Debug\cy_scb_uart.o
                0x10083f54                Cy_SCB_UART_Init
 .text.Cy_SCB_UART_GetNumInRingBuffer
                0x100842b8       0x18 .\CortexM4\ARM_GCC_541\Debug\cy_scb_uart.o
                0x100842b8                Cy_SCB_UART_GetNumInRingBuffer
 .text.HandleRingBuffer
                0x100842d0       0xcc .\CortexM4\ARM_GCC_541\Debug\cy_scb_uart.o
 .text.Cy_SCB_UART_Interrupt
                0x1008439c       0xe8 .\CortexM4\ARM_GCC_541\Debug\cy_scb_uart.o
                0x1008439c                Cy_SCB_UART_Interrupt
 .text.Cy_SysInt_SetVector
                0x10084484       0x48 .\CortexM4\ARM_GCC_541\Debug\cy_sysint.o
                0x10084484                Cy_SysInt_SetVector
 .text.Cy_SysInt_Init
                0x100844cc       0x74 .\CortexM4\ARM_GCC_541\Debug\cy_sysint.o
                0x100844cc                Cy_SysInt_Init
 .text.Cy_SysLib_Halt
                0x10084540        0x4 .\CortexM4\ARM_GCC_541\Debug\cy_syslib.o
                0x10084540                Cy_SysLib_Halt
 .text.Cy_SysLib_AssertFailed
                0x10084544       0x1c .\CortexM4\ARM_GCC_541\Debug\cy_syslib.o
                0x10084544                Cy_SysLib_AssertFailed
 .text.Cy_SysLib_ProcessingFault
                0x10084560        0x4 .\CortexM4\ARM_GCC_541\Debug\cy_syslib.o
                0x10084560                Cy_SysLib_ProcessingFault
 .text.Cy_SysLib_FaultHandler
                0x10084564       0xa4 .\CortexM4\ARM_GCC_541\Debug\cy_syslib.o
                0x10084564                Cy_SysLib_FaultHandler
 .text          0x10084608       0x20 .\CortexM4\ARM_GCC_541\Debug\cy_syslib_gcc.o
                0x10084608                Cy_SysLib_DelayCycles
                0x1008461a                Cy_SysLib_EnterCriticalSection
                0x10084622                Cy_SysLib_ExitCriticalSection
 .text.Cy_SysPm_ExecuteCallback
                0x10084628       0xc8 .\CortexM4\ARM_GCC_541\Debug\cy_syspm.o
                0x10084628                Cy_SysPm_ExecuteCallback
 .text.Cy_SysPm_CpuEnterSleep
                0x100846f0       0x94 .\CortexM4\ARM_GCC_541\Debug\cy_syspm.o
                0x100846f0                Cy_SysPm_CpuEnterSleep
 .text.Cy_PDL_Init
                0x10084784        0xc .\CortexM4\ARM_GCC_541\Debug\cy_device.o
                0x10084784                Cy_PDL_Init
 .text.vListInitialise
                0x10084790       0x18 .\CortexM4\ARM_GCC_541\Debug\list.o
                0x10084790                vListInitialise
 .text.vListInitialiseItem
                0x100847a8        0x8 .\CortexM4\ARM_GCC_541\Debug\list.o
                0x100847a8                vListInitialiseItem
 .text.vListInsertEnd
                0x100847b0       0x18 .\CortexM4\ARM_GCC_541\Debug\list.o
                0x100847b0                vListInsertEnd
 .text.vListInsert
                0x100847c8       0x34 .\CortexM4\ARM_GCC_541\Debug\list.o
                0x100847c8                vListInsert
 .text.uxListRemove
                0x100847fc       0x28 .\CortexM4\ARM_GCC_541\Debug\list.o
                0x100847fc                uxListRemove
 .text.prvIsQueueFull
                0x10084824       0x20 .\CortexM4\ARM_GCC_541\Debug\queue.o
 .text.prvIsQueueEmpty
                0x10084844       0x1c .\CortexM4\ARM_GCC_541\Debug\queue.o
 .text.prvCopyDataToQueue
                0x10084860       0x54 .\CortexM4\ARM_GCC_541\Debug\queue.o
 .text.prvCopyDataFromQueue
                0x100848b4       0x24 .\CortexM4\ARM_GCC_541\Debug\queue.o
 .text.prvUnlockQueue
                0x100848d8       0x68 .\CortexM4\ARM_GCC_541\Debug\queue.o
 .text.xQueueGenericReset
                0x10084940       0x80 .\CortexM4\ARM_GCC_541\Debug\queue.o
                0x10084940                xQueueGenericReset
 .text.prvInitialiseNewQueue
                0x100849c0       0x1c .\CortexM4\ARM_GCC_541\Debug\queue.o
 .text.xQueueGenericCreate
                0x100849dc       0x4c .\CortexM4\ARM_GCC_541\Debug\queue.o
                0x100849dc                xQueueGenericCreate
 .text.xQueueGenericSend
                0x10084a28      0x190 .\CortexM4\ARM_GCC_541\Debug\queue.o
                0x10084a28                xQueueGenericSend
 .text.xQueueGenericSendFromISR
                0x10084bb8       0xe4 .\CortexM4\ARM_GCC_541\Debug\queue.o
                0x10084bb8                xQueueGenericSendFromISR
 .text.xQueueGiveFromISR
                0x10084c9c       0xbc .\CortexM4\ARM_GCC_541\Debug\queue.o
                0x10084c9c                xQueueGiveFromISR
 .text.xQueueReceive
                0x10084d58      0x158 .\CortexM4\ARM_GCC_541\Debug\queue.o
                0x10084d58                xQueueReceive
 .text.xQueueSemaphoreTake
                0x10084eb0      0x140 .\CortexM4\ARM_GCC_541\Debug\queue.o
                0x10084eb0                xQueueSemaphoreTake
 .text.vQueueAddToRegistry
                0x10084ff0       0x28 .\CortexM4\ARM_GCC_541\Debug\queue.o
                0x10084ff0                vQueueAddToRegistry
 .text.vQueueWaitForMessageRestricted
                0x10085018       0x4c .\CortexM4\ARM_GCC_541\Debug\queue.o
                0x10085018                vQueueWaitForMessageRestricted
 .text.prvTaskIsTaskSuspended
                0x10085064       0x4c .\CortexM4\ARM_GCC_541\Debug\tasks.o
 .text.prvResetNextTaskUnblockTime
                0x100850b0       0x2c .\CortexM4\ARM_GCC_541\Debug\tasks.o
 .text.prvDeleteTCB
                0x100850dc       0x14 .\CortexM4\ARM_GCC_541\Debug\tasks.o
 .text.prvInitialiseNewTask
                0x100850f0       0xa0 .\CortexM4\ARM_GCC_541\Debug\tasks.o
 .text.prvInitialiseTaskLists
                0x10085190       0x58 .\CortexM4\ARM_GCC_541\Debug\tasks.o
 .text.prvAddNewTaskToReadyList
                0x100851e8       0xac .\CortexM4\ARM_GCC_541\Debug\tasks.o
 .text.prvCheckTasksWaitingTermination
                0x10085294       0x44 .\CortexM4\ARM_GCC_541\Debug\tasks.o
 .text.prvAddCurrentTaskToDelayedList
                0x100852d8       0x68 .\CortexM4\ARM_GCC_541\Debug\tasks.o
 .text.prvIdleTask
                0x10085340       0x2c .\CortexM4\ARM_GCC_541\Debug\tasks.o
 .text.xTaskCreate
                0x1008536c       0x64 .\CortexM4\ARM_GCC_541\Debug\tasks.o
                0x1008536c                xTaskCreate
 .text.xTaskResumeFromISR
                0x100853d0       0xa4 .\CortexM4\ARM_GCC_541\Debug\tasks.o
                0x100853d0                xTaskResumeFromISR
 .text.vTaskStartScheduler
                0x10085474       0x7c .\CortexM4\ARM_GCC_541\Debug\tasks.o
                0x10085474                vTaskStartScheduler
 .text.vTaskSuspendAll
                0x100854f0       0x14 .\CortexM4\ARM_GCC_541\Debug\tasks.o
                0x100854f0                vTaskSuspendAll
 .text.xTaskGetTickCount
                0x10085504        0xc .\CortexM4\ARM_GCC_541\Debug\tasks.o
                0x10085504                xTaskGetTickCount
 .text.xTaskIncrementTick
                0x10085510       0xfc .\CortexM4\ARM_GCC_541\Debug\tasks.o
                0x10085510                xTaskIncrementTick
 .text.xTaskResumeAll
                0x1008560c       0xf0 .\CortexM4\ARM_GCC_541\Debug\tasks.o
                0x1008560c                xTaskResumeAll
 .text.vTaskDelay
                0x100856fc       0x50 .\CortexM4\ARM_GCC_541\Debug\tasks.o
                0x100856fc                vTaskDelay
 .text.vTaskSwitchContext
                0x1008574c       0xc8 .\CortexM4\ARM_GCC_541\Debug\tasks.o
                0x1008574c                vTaskSwitchContext
 .text.vTaskSuspend
                0x10085814       0xb8 .\CortexM4\ARM_GCC_541\Debug\tasks.o
                0x10085814                vTaskSuspend
 .text.vTaskPlaceOnEventList
                0x100858cc       0x34 .\CortexM4\ARM_GCC_541\Debug\tasks.o
                0x100858cc                vTaskPlaceOnEventList
 .text.vTaskPlaceOnEventListRestricted
                0x10085900       0x3c .\CortexM4\ARM_GCC_541\Debug\tasks.o
                0x10085900                vTaskPlaceOnEventListRestricted
 .text.xTaskRemoveFromEventList
                0x1008593c       0x88 .\CortexM4\ARM_GCC_541\Debug\tasks.o
                0x1008593c                xTaskRemoveFromEventList
 .text.vTaskInternalSetTimeOutState
                0x100859c4       0x14 .\CortexM4\ARM_GCC_541\Debug\tasks.o
                0x100859c4                vTaskInternalSetTimeOutState
 .text.xTaskCheckForTimeOut
                0x100859d8       0x80 .\CortexM4\ARM_GCC_541\Debug\tasks.o
                0x100859d8                xTaskCheckForTimeOut
 .text.vTaskMissedYield
                0x10085a58       0x10 .\CortexM4\ARM_GCC_541\Debug\tasks.o
                0x10085a58                vTaskMissedYield
 .text.xTaskGetSchedulerState
                0x10085a68       0x20 .\CortexM4\ARM_GCC_541\Debug\tasks.o
                0x10085a68                xTaskGetSchedulerState
 .text.prvGetNextExpireTime
                0x10085a88       0x20 .\CortexM4\ARM_GCC_541\Debug\timers.o
 .text.prvInsertTimerInActiveList
                0x10085aa8       0x44 .\CortexM4\ARM_GCC_541\Debug\timers.o
 .text.prvCheckForValidListAndQueue
                0x10085aec       0x48 .\CortexM4\ARM_GCC_541\Debug\timers.o
 .text.xTimerCreateTimerTask
                0x10085b34       0x50 .\CortexM4\ARM_GCC_541\Debug\timers.o
                0x10085b34                xTimerCreateTimerTask
 .text.xTimerGenericCommand
                0x10085b84       0x6c .\CortexM4\ARM_GCC_541\Debug\timers.o
                0x10085b84                xTimerGenericCommand
 .text.prvSwitchTimerLists
                0x10085bf0       0x74 .\CortexM4\ARM_GCC_541\Debug\timers.o
 .text.prvSampleTimeNow
                0x10085c64       0x2c .\CortexM4\ARM_GCC_541\Debug\timers.o
 .text.prvProcessExpiredTimer
                0x10085c90       0x5c .\CortexM4\ARM_GCC_541\Debug\timers.o
 .text.prvProcessTimerOrBlockTask
                0x10085cec       0x70 .\CortexM4\ARM_GCC_541\Debug\timers.o
 .text.prvProcessReceivedCommands
                0x10085d5c       0xbc .\CortexM4\ARM_GCC_541\Debug\timers.o
 .text.prvTimerTask
                0x10085e18       0x18 .\CortexM4\ARM_GCC_541\Debug\timers.o
 .text.prvTaskExitError
                0x10085e30       0x40 .\CortexM4\ARM_GCC_541\Debug\port.o
 .text.prvPortStartFirstTask
                0x10085e70       0x28 .\CortexM4\ARM_GCC_541\Debug\port.o
 .text.vPortEnableVFP
                0x10085e98       0x14 .\CortexM4\ARM_GCC_541\Debug\port.o
 .text.pxPortInitialiseStack
                0x10085eac       0x2c .\CortexM4\ARM_GCC_541\Debug\port.o
                0x10085eac                pxPortInitialiseStack
 *fill*         0x10085ed8        0x8 
 .text.SVC_Handler
                0x10085ee0       0x24 .\CortexM4\ARM_GCC_541\Debug\port.o
                0x10085ee0                SVC_Handler
 .text.vPortEnterCritical
                0x10085f04       0x44 .\CortexM4\ARM_GCC_541\Debug\port.o
                0x10085f04                vPortEnterCritical
 .text.vPortExitCritical
                0x10085f48       0x2c .\CortexM4\ARM_GCC_541\Debug\port.o
                0x10085f48                vPortExitCritical
 *fill*         0x10085f74        0xc 
 .text.PendSV_Handler
                0x10085f80       0x64 .\CortexM4\ARM_GCC_541\Debug\port.o
                0x10085f80                PendSV_Handler
 .text.SysTick_Handler
                0x10085fe4       0x2c .\CortexM4\ARM_GCC_541\Debug\port.o
                0x10085fe4                SysTick_Handler
 .text.vPortSetupTimerInterrupt
                0x10086010       0x38 .\CortexM4\ARM_GCC_541\Debug\port.o
                0x10086010                vPortSetupTimerInterrupt
 .text.xPortStartScheduler
                0x10086048       0xc4 .\CortexM4\ARM_GCC_541\Debug\port.o
                0x10086048                xPortStartScheduler
 .text.vPortValidateInterruptPriority
                0x1008610c       0x58 .\CortexM4\ARM_GCC_541\Debug\port.o
                0x1008610c                vPortValidateInterruptPriority
 .text.pvPortMalloc
                0x10086164       0x64 .\CortexM4\ARM_GCC_541\Debug\heap_1.o
                0x10086164                pvPortMalloc
 .text.vPortFree
                0x100861c8       0x18 .\CortexM4\ARM_GCC_541\Debug\heap_1.o
                0x100861c8                vPortFree
 .text._write   0x100861e0       0x24 .\CortexM4\ARM_GCC_541\Debug\retarget.o
                0x100861e0                _write
 .text._read    0x10086204       0x2c .\CortexM4\ARM_GCC_541\Debug\retarget.o
                0x10086204                _read
 .text          0x10086230      0x370 c:/program files (x86)/cypress/psoc creator/4.4/psoc creator/import/gnu/arm/5.4.1/bin/../lib/gcc/arm-none-eabi/5.4.1/armv7e-m/softfp\libgcc.a(_arm_addsubdf3.o)
                0x10086230                __aeabi_drsub
                0x10086238                __aeabi_dsub
                0x10086238                __subdf3
                0x1008623c                __aeabi_dadd
                0x1008623c                __adddf3
                0x100864b4                __floatunsidf
                0x100864b4                __aeabi_ui2d
                0x100864d4                __floatsidf
                0x100864d4                __aeabi_i2d
                0x100864f8                __aeabi_f2d
                0x100864f8                __extendsfdf2
                0x10086534                __floatundidf
                0x10086534                __aeabi_ul2d
                0x10086544                __floatdidf
                0x10086544                __aeabi_l2d
 .text          0x100865a0      0x424 c:/program files (x86)/cypress/psoc creator/4.4/psoc creator/import/gnu/arm/5.4.1/bin/../lib/gcc/arm-none-eabi/5.4.1/armv7e-m/softfp\libgcc.a(_arm_muldivdf3.o)
                0x100865a0                __aeabi_dmul
                0x100865a0                __muldf3
                0x100867f4                __divdf3
                0x100867f4                __aeabi_ddiv
 .text.memcpy   0x100869c4       0x16 c:/program files (x86)/cypress/psoc creator/4.4/psoc creator/import/gnu/arm/5.4.1/bin/../lib/gcc/arm-none-eabi/5.4.1/../../../../arm-none-eabi/lib/armv7e-m/softfp\libg_nano.a(lib_a-memcpy-stub.o)
                0x100869c4                memcpy
 .text.memset   0x100869da       0x10 c:/program files (x86)/cypress/psoc creator/4.4/psoc creator/import/gnu/arm/5.4.1/bin/../lib/gcc/arm-none-eabi/5.4.1/../../../../arm-none-eabi/lib/armv7e-m/softfp\libg_nano.a(lib_a-memset.o)
                0x100869da                memset
 .text.__cvt    0x100869ea       0xc2 c:/program files (x86)/cypress/psoc creator/4.4/psoc creator/import/gnu/arm/5.4.1/bin/../lib/gcc/arm-none-eabi/5.4.1/../../../../arm-none-eabi/lib/armv7e-m/softfp\libg_nano.a(lib_a-nano-vfprintf_float.o)
                0x100869ea                __cvt
 .text.__exponent
                0x10086aac       0x60 c:/program files (x86)/cypress/psoc creator/4.4/psoc creator/import/gnu/arm/5.4.1/bin/../lib/gcc/arm-none-eabi/5.4.1/../../../../arm-none-eabi/lib/armv7e-m/softfp\libg_nano.a(lib_a-nano-vfprintf_float.o)
                0x10086aac                __exponent
 .text._printf_float
                0x10086b0c      0x488 c:/program files (x86)/cypress/psoc creator/4.4/psoc creator/import/gnu/arm/5.4.1/bin/../lib/gcc/arm-none-eabi/5.4.1/../../../../arm-none-eabi/lib/armv7e-m/softfp\libg_nano.a(lib_a-nano-vfprintf_float.o)
                0x10086b0c                _printf_float
 .text._printf_common
                0x10086f94       0xec c:/program files (x86)/cypress/psoc creator/4.4/psoc creator/import/gnu/arm/5.4.1/bin/../lib/gcc/arm-none-eabi/5.4.1/../../../../arm-none-eabi/lib/armv7e-m/softfp\libg_nano.a(lib_a-nano-vfprintf_i.o)
                0x10086f94                _printf_common
 .text._printf_i
                0x10087080      0x24c c:/program files (x86)/cypress/psoc creator/4.4/psoc creator/import/gnu/arm/5.4.1/bin/../lib/gcc/arm-none-eabi/5.4.1/../../../../arm-none-eabi/lib/armv7e-m/softfp\libg_nano.a(lib_a-nano-vfprintf_i.o)
                0x10087080                _printf_i
 .text.printf   0x100872cc       0x30 c:/program files (x86)/cypress/psoc creator/4.4/psoc creator/import/gnu/arm/5.4.1/bin/../lib/gcc/arm-none-eabi/5.4.1/../../../../arm-none-eabi/lib/armv7e-m/softfp\libg_nano.a(lib_a-printf.o)
                0x100872cc                iprintf
                0x100872cc                printf
 .text._puts_r  0x100872fc       0xb4 c:/program files (x86)/cypress/psoc creator/4.4/psoc creator/import/gnu/arm/5.4.1/bin/../lib/gcc/arm-none-eabi/5.4.1/../../../../arm-none-eabi/lib/armv7e-m/softfp\libg_nano.a(lib_a-puts.o)
                0x100872fc                _puts_r
 .text.puts     0x100873b0       0x10 c:/program files (x86)/cypress/psoc creator/4.4/psoc creator/import/gnu/arm/5.4.1/bin/../lib/gcc/arm-none-eabi/5.4.1/../../../../arm-none-eabi/lib/armv7e-m/softfp\libg_nano.a(lib_a-puts.o)
                0x100873b0                puts
 .text          0x100873c0       0x10 c:/program files (x86)/cypress/psoc creator/4.4/psoc creator/import/gnu/arm/5.4.1/bin/../lib/gcc/arm-none-eabi/5.4.1/../../../../arm-none-eabi/lib/armv7e-m/softfp\libg_nano.a(lib_a-strlen.o)
                0x100873c0                strlen
 .text.strncpy  0x100873d0       0x26 c:/program files (x86)/cypress/psoc creator/4.4/psoc creator/import/gnu/arm/5.4.1/bin/../lib/gcc/arm-none-eabi/5.4.1/../../../../arm-none-eabi/lib/armv7e-m/softfp\libg_nano.a(lib_a-strncpy.o)
                0x100873d0                strncpy
 *fill*         0x100873f6        0x2 
 .text.__swbuf_r
                0x100873f8       0xa8 c:/program files (x86)/cypress/psoc creator/4.4/psoc creator/import/gnu/arm/5.4.1/bin/../lib/gcc/arm-none-eabi/5.4.1/../../../../arm-none-eabi/lib/armv7e-m/softfp\libg_nano.a(lib_a-wbuf.o)
                0x100873f8                __swbuf_r
 .text.__swsetup_r
                0x100874a0       0xdc c:/program files (x86)/cypress/psoc creator/4.4/psoc creator/import/gnu/arm/5.4.1/bin/../lib/gcc/arm-none-eabi/5.4.1/../../../../arm-none-eabi/lib/armv7e-m/softfp\libg_nano.a(lib_a-wsetup.o)
                0x100874a0                __swsetup_r
 .text.quorem   0x1008757c      0x11e c:/program files (x86)/cypress/psoc creator/4.4/psoc creator/import/gnu/arm/5.4.1/bin/../lib/gcc/arm-none-eabi/5.4.1/../../../../arm-none-eabi/lib/armv7e-m/softfp\libg_nano.a(lib_a-dtoa.o)
 *fill*         0x1008769a        0x6 
 .text._dtoa_r  0x100876a0      0xb38 c:/program files (x86)/cypress/psoc creator/4.4/psoc creator/import/gnu/arm/5.4.1/bin/../lib/gcc/arm-none-eabi/5.4.1/../../../../arm-none-eabi/lib/armv7e-m/softfp\libg_nano.a(lib_a-dtoa.o)
                0x100876a0                _dtoa_r
 .text.__sflush_r
                0x100881d8      0x110 c:/program files (x86)/cypress/psoc creator/4.4/psoc creator/import/gnu/arm/5.4.1/bin/../lib/gcc/arm-none-eabi/5.4.1/../../../../arm-none-eabi/lib/armv7e-m/softfp\libg_nano.a(lib_a-fflush.o)
                0x100881d8                __sflush_r
 .text._fflush_r
                0x100882e8       0x54 c:/program files (x86)/cypress/psoc creator/4.4/psoc creator/import/gnu/arm/5.4.1/bin/../lib/gcc/arm-none-eabi/5.4.1/../../../../arm-none-eabi/lib/armv7e-m/softfp\libg_nano.a(lib_a-fflush.o)
                0x100882e8                _fflush_r
 .text._cleanup_r
                0x1008833c        0xc c:/program files (x86)/cypress/psoc creator/4.4/psoc creator/import/gnu/arm/5.4.1/bin/../lib/gcc/arm-none-eabi/5.4.1/../../../../arm-none-eabi/lib/armv7e-m/softfp\libg_nano.a(lib_a-findfp.o)
                0x1008833c                _cleanup_r
 .text.std.isra.0
                0x10088348       0x48 c:/program files (x86)/cypress/psoc creator/4.4/psoc creator/import/gnu/arm/5.4.1/bin/../lib/gcc/arm-none-eabi/5.4.1/../../../../arm-none-eabi/lib/armv7e-m/softfp\libg_nano.a(lib_a-findfp.o)
 .text.__sfmoreglue
                0x10088390       0x2c c:/program files (x86)/cypress/psoc creator/4.4/psoc creator/import/gnu/arm/5.4.1/bin/../lib/gcc/arm-none-eabi/5.4.1/../../../../arm-none-eabi/lib/armv7e-m/softfp\libg_nano.a(lib_a-findfp.o)
                0x10088390                __sfmoreglue
 .text.__sinit  0x100883bc       0x60 c:/program files (x86)/cypress/psoc creator/4.4/psoc creator/import/gnu/arm/5.4.1/bin/../lib/gcc/arm-none-eabi/5.4.1/../../../../arm-none-eabi/lib/armv7e-m/softfp\libg_nano.a(lib_a-findfp.o)
                0x100883bc                __sinit
 .text.__sfp    0x1008841c       0x78 c:/program files (x86)/cypress/psoc creator/4.4/psoc creator/import/gnu/arm/5.4.1/bin/../lib/gcc/arm-none-eabi/5.4.1/../../../../arm-none-eabi/lib/armv7e-m/softfp\libg_nano.a(lib_a-findfp.o)
                0x1008841c                __sfp
 .text._fwalk_reent
                0x10088494       0x3c c:/program files (x86)/cypress/psoc creator/4.4/psoc creator/import/gnu/arm/5.4.1/bin/../lib/gcc/arm-none-eabi/5.4.1/../../../../arm-none-eabi/lib/armv7e-m/softfp\libg_nano.a(lib_a-fwalk.o)
                0x10088494                _fwalk_reent
 .text._localeconv_r
                0x100884d0        0x8 c:/program files (x86)/cypress/psoc creator/4.4/psoc creator/import/gnu/arm/5.4.1/bin/../lib/gcc/arm-none-eabi/5.4.1/../../../../arm-none-eabi/lib/armv7e-m/softfp\libg_nano.a(lib_a-locale.o)
                0x100884d0                _localeconv_r
 .text.__swhatbuf_r
                0x100884d8       0x46 c:/program files (x86)/cypress/psoc creator/4.4/psoc creator/import/gnu/arm/5.4.1/bin/../lib/gcc/arm-none-eabi/5.4.1/../../../../arm-none-eabi/lib/armv7e-m/softfp\libg_nano.a(lib_a-makebuf.o)
                0x100884d8                __swhatbuf_r
 *fill*         0x1008851e        0x2 
 .text.__smakebuf_r
                0x10088520       0x78 c:/program files (x86)/cypress/psoc creator/4.4/psoc creator/import/gnu/arm/5.4.1/bin/../lib/gcc/arm-none-eabi/5.4.1/../../../../arm-none-eabi/lib/armv7e-m/softfp\libg_nano.a(lib_a-makebuf.o)
                0x10088520                __smakebuf_r
 .text.malloc   0x10088598       0x10 c:/program files (x86)/cypress/psoc creator/4.4/psoc creator/import/gnu/arm/5.4.1/bin/../lib/gcc/arm-none-eabi/5.4.1/../../../../arm-none-eabi/lib/armv7e-m/softfp\libg_nano.a(lib_a-malloc.o)
                0x10088598                malloc
 *fill*         0x100885a8        0x8 
 .text          0x100885b0       0xa0 c:/program files (x86)/cypress/psoc creator/4.4/psoc creator/import/gnu/arm/5.4.1/bin/../lib/gcc/arm-none-eabi/5.4.1/../../../../arm-none-eabi/lib/armv7e-m/softfp\libg_nano.a(lib_a-memchr.o)
                0x100885b0                memchr
 .text._Balloc  0x10088650       0x6a c:/program files (x86)/cypress/psoc creator/4.4/psoc creator/import/gnu/arm/5.4.1/bin/../lib/gcc/arm-none-eabi/5.4.1/../../../../arm-none-eabi/lib/armv7e-m/softfp\libg_nano.a(lib_a-mprec.o)
                0x10088650                _Balloc
 .text._Bfree   0x100886ba       0x2e c:/program files (x86)/cypress/psoc creator/4.4/psoc creator/import/gnu/arm/5.4.1/bin/../lib/gcc/arm-none-eabi/5.4.1/../../../../arm-none-eabi/lib/armv7e-m/softfp\libg_nano.a(lib_a-mprec.o)
                0x100886ba                _Bfree
 .text.__multadd
                0x100886e8       0x76 c:/program files (x86)/cypress/psoc creator/4.4/psoc creator/import/gnu/arm/5.4.1/bin/../lib/gcc/arm-none-eabi/5.4.1/../../../../arm-none-eabi/lib/armv7e-m/softfp\libg_nano.a(lib_a-mprec.o)
                0x100886e8                __multadd
 .text.__hi0bits
                0x1008875e       0x40 c:/program files (x86)/cypress/psoc creator/4.4/psoc creator/import/gnu/arm/5.4.1/bin/../lib/gcc/arm-none-eabi/5.4.1/../../../../arm-none-eabi/lib/armv7e-m/softfp\libg_nano.a(lib_a-mprec.o)
                0x1008875e                __hi0bits
 .text.__lo0bits
                0x1008879e       0x5a c:/program files (x86)/cypress/psoc creator/4.4/psoc creator/import/gnu/arm/5.4.1/bin/../lib/gcc/arm-none-eabi/5.4.1/../../../../arm-none-eabi/lib/armv7e-m/softfp\libg_nano.a(lib_a-mprec.o)
                0x1008879e                __lo0bits
 .text.__i2b    0x100887f8       0x12 c:/program files (x86)/cypress/psoc creator/4.4/psoc creator/import/gnu/arm/5.4.1/bin/../lib/gcc/arm-none-eabi/5.4.1/../../../../arm-none-eabi/lib/armv7e-m/softfp\libg_nano.a(lib_a-mprec.o)
                0x100887f8                __i2b
 .text.__multiply
                0x1008880a      0x122 c:/program files (x86)/cypress/psoc creator/4.4/psoc creator/import/gnu/arm/5.4.1/bin/../lib/gcc/arm-none-eabi/5.4.1/../../../../arm-none-eabi/lib/armv7e-m/softfp\libg_nano.a(lib_a-mprec.o)
                0x1008880a                __multiply
 .text.__pow5mult
                0x1008892c       0x9c c:/program files (x86)/cypress/psoc creator/4.4/psoc creator/import/gnu/arm/5.4.1/bin/../lib/gcc/arm-none-eabi/5.4.1/../../../../arm-none-eabi/lib/armv7e-m/softfp\libg_nano.a(lib_a-mprec.o)
                0x1008892c                __pow5mult
 .text.__lshift
                0x100889c8       0xa2 c:/program files (x86)/cypress/psoc creator/4.4/psoc creator/import/gnu/arm/5.4.1/bin/../lib/gcc/arm-none-eabi/5.4.1/../../../../arm-none-eabi/lib/armv7e-m/softfp\libg_nano.a(lib_a-mprec.o)
                0x100889c8                __lshift
 .text.__mcmp   0x10088a6a       0x38 c:/program files (x86)/cypress/psoc creator/4.4/psoc creator/import/gnu/arm/5.4.1/bin/../lib/gcc/arm-none-eabi/5.4.1/../../../../arm-none-eabi/lib/armv7e-m/softfp\libg_nano.a(lib_a-mprec.o)
                0x10088a6a                __mcmp
 .text.__mdiff  0x10088aa2       0xbe c:/program files (x86)/cypress/psoc creator/4.4/psoc creator/import/gnu/arm/5.4.1/bin/../lib/gcc/arm-none-eabi/5.4.1/../../../../arm-none-eabi/lib/armv7e-m/softfp\libg_nano.a(lib_a-mprec.o)
                0x10088aa2                __mdiff
 .text.__d2b    0x10088b60       0x9c c:/program files (x86)/cypress/psoc creator/4.4/psoc creator/import/gnu/arm/5.4.1/bin/../lib/gcc/arm-none-eabi/5.4.1/../../../../arm-none-eabi/lib/armv7e-m/softfp\libg_nano.a(lib_a-mprec.o)
                0x10088b60                __d2b
 .text._calloc_r
                0x10088bfc       0x1c c:/program files (x86)/cypress/psoc creator/4.4/psoc creator/import/gnu/arm/5.4.1/bin/../lib/gcc/arm-none-eabi/5.4.1/../../../../arm-none-eabi/lib/armv7e-m/softfp\libg_nano.a(lib_a-nano-callocr.o)
                0x10088bfc                _calloc_r
 .text._free_r  0x10088c18       0x9c c:/program files (x86)/cypress/psoc creator/4.4/psoc creator/import/gnu/arm/5.4.1/bin/../lib/gcc/arm-none-eabi/5.4.1/../../../../arm-none-eabi/lib/armv7e-m/softfp\libg_nano.a(lib_a-nano-freer.o)
                0x10088c18                _free_r
 .text._malloc_r
                0x10088cb4       0xbc c:/program files (x86)/cypress/psoc creator/4.4/psoc creator/import/gnu/arm/5.4.1/bin/../lib/gcc/arm-none-eabi/5.4.1/../../../../arm-none-eabi/lib/armv7e-m/softfp\libg_nano.a(lib_a-nano-mallocr.o)
                0x10088cb4                _malloc_r
 .text.__sfputc_r
                0x10088d70       0x30 c:/program files (x86)/cypress/psoc creator/4.4/psoc creator/import/gnu/arm/5.4.1/bin/../lib/gcc/arm-none-eabi/5.4.1/../../../../arm-none-eabi/lib/armv7e-m/softfp\libg_nano.a(lib_a-nano-vfprintf.o)
 .text.__sfputs_r
                0x10088da0       0x24 c:/program files (x86)/cypress/psoc creator/4.4/psoc creator/import/gnu/arm/5.4.1/bin/../lib/gcc/arm-none-eabi/5.4.1/../../../../arm-none-eabi/lib/armv7e-m/softfp\libg_nano.a(lib_a-nano-vfprintf.o)
                0x10088da0                __sfputs_r
 .text._vfprintf_r
                0x10088dc4      0x238 c:/program files (x86)/cypress/psoc creator/4.4/psoc creator/import/gnu/arm/5.4.1/bin/../lib/gcc/arm-none-eabi/5.4.1/../../../../arm-none-eabi/lib/armv7e-m/softfp\libg_nano.a(lib_a-nano-vfprintf.o)
                0x10088dc4                _vfprintf_r
                0x10088dc4                _vfiprintf_r
 .text._sbrk_r  0x10088ffc       0x20 c:/program files (x86)/cypress/psoc creator/4.4/psoc creator/import/gnu/arm/5.4.1/bin/../lib/gcc/arm-none-eabi/5.4.1/../../../../arm-none-eabi/lib/armv7e-m/softfp\libg_nano.a(lib_a-sbrkr.o)
                0x10088ffc                _sbrk_r
 .text.__sread  0x1008901c       0x22 c:/program files (x86)/cypress/psoc creator/4.4/psoc creator/import/gnu/arm/5.4.1/bin/../lib/gcc/arm-none-eabi/5.4.1/../../../../arm-none-eabi/lib/armv7e-m/softfp\libg_nano.a(lib_a-stdio.o)
                0x1008901c                __sread
 .text.__swrite
                0x1008903e       0x38 c:/program files (x86)/cypress/psoc creator/4.4/psoc creator/import/gnu/arm/5.4.1/bin/../lib/gcc/arm-none-eabi/5.4.1/../../../../arm-none-eabi/lib/armv7e-m/softfp\libg_nano.a(lib_a-stdio.o)
                0x1008903e                __swrite
 .text.__sseek  0x10089076       0x24 c:/program files (x86)/cypress/psoc creator/4.4/psoc creator/import/gnu/arm/5.4.1/bin/../lib/gcc/arm-none-eabi/5.4.1/../../../../arm-none-eabi/lib/armv7e-m/softfp\libg_nano.a(lib_a-stdio.o)
                0x10089076                __sseek
 .text.__sclose
                0x1008909a        0x8 c:/program files (x86)/cypress/psoc creator/4.4/psoc creator/import/gnu/arm/5.4.1/bin/../lib/gcc/arm-none-eabi/5.4.1/../../../../arm-none-eabi/lib/armv7e-m/softfp\libg_nano.a(lib_a-stdio.o)
                0x1008909a                __sclose
 *fill*         0x100890a2        0x2 
 .text._write_r
                0x100890a4       0x24 c:/program files (x86)/cypress/psoc creator/4.4/psoc creator/import/gnu/arm/5.4.1/bin/../lib/gcc/arm-none-eabi/5.4.1/../../../../arm-none-eabi/lib/armv7e-m/softfp\libg_nano.a(lib_a-writer.o)
                0x100890a4                _write_r
 .text._close_r
                0x100890c8       0x20 c:/program files (x86)/cypress/psoc creator/4.4/psoc creator/import/gnu/arm/5.4.1/bin/../lib/gcc/arm-none-eabi/5.4.1/../../../../arm-none-eabi/lib/armv7e-m/softfp\libg_nano.a(lib_a-closer.o)
                0x100890c8                _close_r
 .text._fstat_r
                0x100890e8       0x24 c:/program files (x86)/cypress/psoc creator/4.4/psoc creator/import/gnu/arm/5.4.1/bin/../lib/gcc/arm-none-eabi/5.4.1/../../../../arm-none-eabi/lib/armv7e-m/softfp\libg_nano.a(lib_a-fstatr.o)
                0x100890e8                _fstat_r
 .text._isatty_r
                0x1008910c       0x20 c:/program files (x86)/cypress/psoc creator/4.4/psoc creator/import/gnu/arm/5.4.1/bin/../lib/gcc/arm-none-eabi/5.4.1/../../../../arm-none-eabi/lib/armv7e-m/softfp\libg_nano.a(lib_a-isattyr.o)
                0x1008910c                _isatty_r
 .text._lseek_r
                0x1008912c       0x24 c:/program files (x86)/cypress/psoc creator/4.4/psoc creator/import/gnu/arm/5.4.1/bin/../lib/gcc/arm-none-eabi/5.4.1/../../../../arm-none-eabi/lib/armv7e-m/softfp\libg_nano.a(lib_a-lseekr.o)
                0x1008912c                _lseek_r
 .text.__malloc_lock
                0x10089150        0x2 c:/program files (x86)/cypress/psoc creator/4.4/psoc creator/import/gnu/arm/5.4.1/bin/../lib/gcc/arm-none-eabi/5.4.1/../../../../arm-none-eabi/lib/armv7e-m/softfp\libg_nano.a(lib_a-mlock.o)
                0x10089150                __malloc_lock
 .text.__malloc_unlock
                0x10089152        0x2 c:/program files (x86)/cypress/psoc creator/4.4/psoc creator/import/gnu/arm/5.4.1/bin/../lib/gcc/arm-none-eabi/5.4.1/../../../../arm-none-eabi/lib/armv7e-m/softfp\libg_nano.a(lib_a-mlock.o)
                0x10089152                __malloc_unlock
 .text._read_r  0x10089154       0x24 c:/program files (x86)/cypress/psoc creator/4.4/psoc creator/import/gnu/arm/5.4.1/bin/../lib/gcc/arm-none-eabi/5.4.1/../../../../arm-none-eabi/lib/armv7e-m/softfp\libg_nano.a(lib_a-readr.o)
                0x10089154                _read_r
 .text          0x10089178      0x110 c:/program files (x86)/cypress/psoc creator/4.4/psoc creator/import/gnu/arm/5.4.1/bin/../lib/gcc/arm-none-eabi/5.4.1/armv7e-m/softfp\libgcc.a(_arm_cmpdf2.o)
                0x10089178                __gtdf2
                0x10089178                __gedf2
                0x10089180                __ltdf2
                0x10089180                __ledf2
                0x10089188                __nedf2
                0x10089188                __eqdf2
                0x10089188                __cmpdf2
                0x10089204                __aeabi_cdrcmple
                0x10089214                __aeabi_cdcmpeq
                0x10089214                __aeabi_cdcmple
                0x10089224                __aeabi_dcmpeq
                0x10089238                __aeabi_dcmplt
                0x1008924c                __aeabi_dcmple
                0x10089260                __aeabi_dcmpge
                0x10089274                __aeabi_dcmpgt
 .text          0x10089288       0x2c c:/program files (x86)/cypress/psoc creator/4.4/psoc creator/import/gnu/arm/5.4.1/bin/../lib/gcc/arm-none-eabi/5.4.1/armv7e-m/softfp\libgcc.a(_arm_unorddf2.o)
                0x10089288                __unorddf2
                0x10089288                __aeabi_dcmpun
 .text          0x100892b4       0x50 c:/program files (x86)/cypress/psoc creator/4.4/psoc creator/import/gnu/arm/5.4.1/bin/../lib/gcc/arm-none-eabi/5.4.1/armv7e-m/softfp\libgcc.a(_arm_fixdfsi.o)
                0x100892b4                __aeabi_d2iz
                0x100892b4                __fixdfsi
 .text._close   0x10089304       0x10 c:/program files (x86)/cypress/psoc creator/4.4/psoc creator/import/gnu/arm/5.4.1/bin/../lib/gcc/arm-none-eabi/5.4.1/../../../../arm-none-eabi/lib/armv7e-m/softfp\libnosys.a(close.o)
                0x10089304                _close
 .text._fstat   0x10089314       0x10 c:/program files (x86)/cypress/psoc creator/4.4/psoc creator/import/gnu/arm/5.4.1/bin/../lib/gcc/arm-none-eabi/5.4.1/../../../../arm-none-eabi/lib/armv7e-m/softfp\libnosys.a(fstat.o)
                0x10089314                _fstat
 .text._isatty  0x10089324       0x10 c:/program files (x86)/cypress/psoc creator/4.4/psoc creator/import/gnu/arm/5.4.1/bin/../lib/gcc/arm-none-eabi/5.4.1/../../../../arm-none-eabi/lib/armv7e-m/softfp\libnosys.a(isatty.o)
                0x10089324                _isatty
 .text._lseek   0x10089334       0x10 c:/program files (x86)/cypress/psoc creator/4.4/psoc creator/import/gnu/arm/5.4.1/bin/../lib/gcc/arm-none-eabi/5.4.1/../../../../arm-none-eabi/lib/armv7e-m/softfp\libnosys.a(lseek.o)
                0x10089334                _lseek
 .text._sbrk    0x10089344       0x1c c:/program files (x86)/cypress/psoc creator/4.4/psoc creator/import/gnu/arm/5.4.1/bin/../lib/gcc/arm-none-eabi/5.4.1/../../../../arm-none-eabi/lib/armv7e-m/softfp\libnosys.a(sbrk.o)
                0x10089344                _sbrk
 *(.init)
 .init          0x10089360        0x4 c:/program files (x86)/cypress/psoc creator/4.4/psoc creator/import/gnu/arm/5.4.1/bin/../lib/gcc/arm-none-eabi/5.4.1/armv7e-m/softfp/crti.o
                0x10089360                _init
 .init          0x10089364        0x8 c:/program files (x86)/cypress/psoc creator/4.4/psoc creator/import/gnu/arm/5.4.1/bin/../lib/gcc/arm-none-eabi/5.4.1/armv7e-m/softfp/crtn.o
 *(.fini)
 .fini          0x1008936c        0x4 c:/program files (x86)/cypress/psoc creator/4.4/psoc creator/import/gnu/arm/5.4.1/bin/../lib/gcc/arm-none-eabi/5.4.1/armv7e-m/softfp/crti.o
                0x1008936c                _fini
 .fini          0x10089370        0x8 c:/program files (x86)/cypress/psoc creator/4.4/psoc creator/import/gnu/arm/5.4.1/bin/../lib/gcc/arm-none-eabi/5.4.1/armv7e-m/softfp/crtn.o
 *crtbegin.o(.ctors)
 *crtbegin?.o(.ctors)
 *(EXCLUDE_FILE(*crtend.o *crtend?.o) .ctors)
 *(SORT(.ctors.*))
 *(.ctors)
 *crtbegin.o(.dtors)
 *crtbegin?.o(.dtors)
 *(EXCLUDE_FILE(*crtend.o *crtend?.o) .dtors)
 *(SORT(.dtors.*))
 *(.dtors)
 *(.rodata .rodata.* .constdata .constdata.* .conststring .conststring.*)
 .rodata.str1.4
                0x10089378      0x18c .\CortexM4\ARM_GCC_541\Debug\motion_task.o
 .rodata.str1.4
                0x10089504        0xa .\CortexM4\ARM_GCC_541\Debug\uart_debug.o
                                 0x12 (size before relaxing)
 *fill*         0x1008950e        0x2 
 .rodata.str1.4
                0x10089510       0xe5 .\CortexM4\ARM_GCC_541\Debug\main_cm4.o
 *fill*         0x100895f5        0x3 
 .rodata        0x100895f8       0x34 .\CortexM4\ARM_GCC_541\Debug\system_psoc6_cm4.o
 .rodata        0x1008962c        0xd .\CortexM4\ARM_GCC_541\Debug\bmi160.o
                0x1008962c                int_mask_lookup_table
 *fill*         0x10089639        0x3 
 .rodata.str1.4
                0x1008963c       0x3b .\CortexM4\ARM_GCC_541\Debug\i2cm_support.o
 *fill*         0x10089677        0x1 
 .rodata        0x10089678       0x18 .\CortexM4\ARM_GCC_541\Debug\cyfitter_sysint_cfg.o
                0x10089678                SysInt_OrientINT_cfg
                0x10089680                DEBUG_UART_SCB_IRQ_cfg
                0x10089688                I2Cm_SCB_IRQ_cfg
 .rodata        0x10089690       0x40 .\CortexM4\ARM_GCC_541\Debug\DEBUG_UART.o
                0x10089690                DEBUG_UART_config
 .rodata        0x100896d0       0x14 .\CortexM4\ARM_GCC_541\Debug\I2Cm.o
                0x100896d0                I2Cm_config
 .rodata.str1.4
                0x100896e4       0x3f .\CortexM4\ARM_GCC_541\Debug\cy_flash.o
 *fill*         0x10089723        0x1 
 .rodata.str1.4
                0x10089724       0x7f .\CortexM4\ARM_GCC_541\Debug\cy_ipc_drv.o
 .rodata.str1.4
                0x100897a3       0x3f .\CortexM4\ARM_GCC_541\Debug\cy_ipc_sema.o
 *fill*         0x100897a3        0x1 
 .rodata.str1.4
                0x100897a4       0x40 .\CortexM4\ARM_GCC_541\Debug\cy_ipc_pipe.o
                                 0x7f (size before relaxing)
 .rodata.str1.4
                0x100897e4       0xc3 .\CortexM4\ARM_GCC_541\Debug\cy_scb_i2c.o
 *fill*         0x100898a7        0x1 
 .rodata.str1.4
                0x100898a8       0x80 .\CortexM4\ARM_GCC_541\Debug\cy_scb_uart.o
                                 0xc4 (size before relaxing)
 .rodata.str1.4
                0x10089928       0x41 .\CortexM4\ARM_GCC_541\Debug\cy_sysint.o
 *fill*         0x10089969        0x3 
 .rodata.str1.4
                0x1008996c       0x3f .\CortexM4\ARM_GCC_541\Debug\cy_syspm.o
                                 0x7f (size before relaxing)
 *fill*         0x100899ab        0x1 
 .rodata        0x100899ac      0x170 .\CortexM4\ARM_GCC_541\Debug\cy_device.o
                0x100899ac                cy_deviceIpBlockCfgPSoC6_02
                0x10089a64                cy_deviceIpBlockCfgPSoC6_01
 .rodata.str1.4
                0x10089b1c        0x5 .\CortexM4\ARM_GCC_541\Debug\tasks.o
 *fill*         0x10089b21        0x3 
 .rodata.str1.4
                0x10089b24       0x10 .\CortexM4\ARM_GCC_541\Debug\timers.o
 .rodata.str1.1
                0x10089b34        0x2 c:/program files (x86)/cypress/psoc creator/4.4/psoc creator/import/gnu/arm/5.4.1/bin/../lib/gcc/arm-none-eabi/5.4.1/../../../../arm-none-eabi/lib/armv7e-m/softfp\libg_nano.a(lib_a-impure.o)
 *fill*         0x10089b36        0x2 
 .rodata._global_impure_ptr
                0x10089b38        0x4 c:/program files (x86)/cypress/psoc creator/4.4/psoc creator/import/gnu/arm/5.4.1/bin/../lib/gcc/arm-none-eabi/5.4.1/../../../../arm-none-eabi/lib/armv7e-m/softfp\libg_nano.a(lib_a-impure.o)
                0x10089b38                _global_impure_ptr
 .rodata.str1.1
                0x10089b3c       0x12 c:/program files (x86)/cypress/psoc creator/4.4/psoc creator/import/gnu/arm/5.4.1/bin/../lib/gcc/arm-none-eabi/5.4.1/../../../../arm-none-eabi/lib/armv7e-m/softfp\libg_nano.a(lib_a-nano-vfprintf_float.o)
 .rodata.str1.1
                0x10089b4e       0x22 c:/program files (x86)/cypress/psoc creator/4.4/psoc creator/import/gnu/arm/5.4.1/bin/../lib/gcc/arm-none-eabi/5.4.1/../../../../arm-none-eabi/lib/armv7e-m/softfp\libg_nano.a(lib_a-nano-vfprintf_i.o)
 .rodata.str1.1
                0x10089b70        0xd c:/program files (x86)/cypress/psoc creator/4.4/psoc creator/import/gnu/arm/5.4.1/bin/../lib/gcc/arm-none-eabi/5.4.1/../../../../arm-none-eabi/lib/armv7e-m/softfp\libg_nano.a(lib_a-dtoa.o)
                                  0xf (size before relaxing)
 *fill*         0x10089b7d        0x3 
 .rodata.__sf_fake_stdin
                0x10089b80       0x20 c:/program files (x86)/cypress/psoc creator/4.4/psoc creator/import/gnu/arm/5.4.1/bin/../lib/gcc/arm-none-eabi/5.4.1/../../../../arm-none-eabi/lib/armv7e-m/softfp\libg_nano.a(lib_a-findfp.o)
                0x10089b80                __sf_fake_stdin
 .rodata.__sf_fake_stdout
                0x10089ba0       0x20 c:/program files (x86)/cypress/psoc creator/4.4/psoc creator/import/gnu/arm/5.4.1/bin/../lib/gcc/arm-none-eabi/5.4.1/../../../../arm-none-eabi/lib/armv7e-m/softfp\libg_nano.a(lib_a-findfp.o)
                0x10089ba0                __sf_fake_stdout
 .rodata.__sf_fake_stderr
                0x10089bc0       0x20 c:/program files (x86)/cypress/psoc creator/4.4/psoc creator/import/gnu/arm/5.4.1/bin/../lib/gcc/arm-none-eabi/5.4.1/../../../../arm-none-eabi/lib/armv7e-m/softfp\libg_nano.a(lib_a-findfp.o)
                0x10089bc0                __sf_fake_stderr
 .rodata.str1.1
                0x10089be0        0x8 c:/program files (x86)/cypress/psoc creator/4.4/psoc creator/import/gnu/arm/5.4.1/bin/../lib/gcc/arm-none-eabi/5.4.1/../../../../arm-none-eabi/lib/armv7e-m/softfp\libg_nano.a(lib_a-locale.o)
                                  0xb (size before relaxing)
 .rodata.p05.5410
                0x10089be8        0xc c:/program files (x86)/cypress/psoc creator/4.4/psoc creator/import/gnu/arm/5.4.1/bin/../lib/gcc/arm-none-eabi/5.4.1/../../../../arm-none-eabi/lib/armv7e-m/softfp\libg_nano.a(lib_a-mprec.o)
 *fill*         0x10089bf4        0x4 
 .rodata.__mprec_bigtens
                0x10089bf8       0x28 c:/program files (x86)/cypress/psoc creator/4.4/psoc creator/import/gnu/arm/5.4.1/bin/../lib/gcc/arm-none-eabi/5.4.1/../../../../arm-none-eabi/lib/armv7e-m/softfp\libg_nano.a(lib_a-mprec.o)
                0x10089bf8                __mprec_bigtens
 .rodata.__mprec_tens
                0x10089c20       0xc8 c:/program files (x86)/cypress/psoc creator/4.4/psoc creator/import/gnu/arm/5.4.1/bin/../lib/gcc/arm-none-eabi/5.4.1/../../../../arm-none-eabi/lib/armv7e-m/softfp\libg_nano.a(lib_a-mprec.o)
                0x10089c20                __mprec_tens
 .rodata.str1.1
                0x10089ce8       0x11 c:/program files (x86)/cypress/psoc creator/4.4/psoc creator/import/gnu/arm/5.4.1/bin/../lib/gcc/arm-none-eabi/5.4.1/../../../../arm-none-eabi/lib/armv7e-m/softfp\libg_nano.a(lib_a-nano-vfprintf.o)
 *(.eh_frame*)
 *fill*         0x10089cf9        0x3 
 .eh_frame      0x10089cfc        0x0 c:/program files (x86)/cypress/psoc creator/4.4/psoc creator/import/gnu/arm/5.4.1/bin/../lib/gcc/arm-none-eabi/5.4.1/armv7e-m/softfp/crtbegin.o
 .eh_frame      0x10089cfc        0x4 c:/program files (x86)/cypress/psoc creator/4.4/psoc creator/import/gnu/arm/5.4.1/bin/../lib/gcc/arm-none-eabi/5.4.1/armv7e-m/softfp/crtend.o

.glue_7         0x10089d00        0x0
 .glue_7        0x10089d00        0x0 linker stubs

.glue_7t        0x10089d00        0x0
 .glue_7t       0x10089d00        0x0 linker stubs

.vfp11_veneer   0x10089d00        0x0
 .vfp11_veneer  0x10089d00        0x0 linker stubs

.v4_bx          0x10089d00        0x0
 .v4_bx         0x10089d00        0x0 linker stubs

.iplt           0x10089d00        0x0
 .iplt          0x10089d00        0x0 c:/program files (x86)/cypress/psoc creator/4.4/psoc creator/import/gnu/arm/5.4.1/bin/../lib/gcc/arm-none-eabi/5.4.1/armv7e-m/softfp/crtbegin.o

.ARM.extab
 *(.ARM.extab* .gnu.linkonce.armextab.*)
                0x10089d00                __exidx_start = .

.ARM.exidx
 *(.ARM.exidx* .gnu.linkonce.armexidx.*)
                0x10089d00                __exidx_end = .

.copy.table     0x10089d00       0x18
                0x10089d00                . = ALIGN (0x4)
                0x10089d00                __copy_table_start__ = .
                0x10089d00        0x4 LONG 0x10080000 __Vectors
                0x10089d04        0x4 LONG 0x8024000 __ram_vectors_start__
                0x10089d08        0x4 LONG 0x28c (__Vectors_End - __Vectors)
                0x10089d0c        0x4 LONG 0x10089d20 __etext
                0x10089d10        0x4 LONG 0x802428c __data_start__
                0x10089d14        0x4 LONG 0x664 (__data_end__ - __data_start__)
                0x10089d18                __copy_table_end__ = .

.zero.table     0x10089d18        0x8
                0x10089d18                . = ALIGN (0x4)
                0x10089d18                __zero_table_start__ = .
                0x10089d18        0x4 LONG 0x8024984 __bss_start__
                0x10089d1c        0x4 LONG 0x2db0 (__bss_end__ - __bss_start__)
                0x10089d20                __zero_table_end__ = .
                0x10089d20                __etext = .

.ramVectors     0x08024000      0x28c
                0x08024000                __ram_vectors_start__ = .
 *(.ram_vectors)
 .ram_vectors   0x08024000      0x28c .\CortexM4\ARM_GCC_541\Debug\startup_psoc6_01_cm4.o
                0x08024000                __ramVectors
                0x0802428c                __ram_vectors_end__ = .

.data           0x0802428c      0x664 load address 0x10089d20
                0x0802428c                __data_start__ = .
 *(vtable)
 *(.data*)
 .data          0x0802428c       0x20 .\CortexM4\ARM_GCC_541\Debug\system_psoc6_cm4.o
                0x0802428c                cy_BleEcoClockFreqHz
                0x08024290                cy_Hfclk0FreqHz
                0x08024294                cy_PeriClkFreqHz
                0x08024298                SystemCoreClock
                0x0802429c                cy_delayFreqHz
                0x080242a0                cy_delayFreqMhz
                0x080242a4                cy_delayFreqKhz
                0x080242a8                cy_delay32kMs
 .data          0x080242ac        0x4 .\CortexM4\ARM_GCC_541\Debug\port.o
 .data.impure_data
                0x080242b0       0x60 c:/program files (x86)/cypress/psoc creator/4.4/psoc creator/import/gnu/arm/5.4.1/bin/../lib/gcc/arm-none-eabi/5.4.1/../../../../arm-none-eabi/lib/armv7e-m/softfp\libg_nano.a(lib_a-impure.o)
 .data._impure_ptr
                0x08024310        0x4 c:/program files (x86)/cypress/psoc creator/4.4/psoc creator/import/gnu/arm/5.4.1/bin/../lib/gcc/arm-none-eabi/5.4.1/../../../../arm-none-eabi/lib/armv7e-m/softfp\libg_nano.a(lib_a-impure.o)
                0x08024310                _impure_ptr
 .data.lconv    0x08024314       0x38 c:/program files (x86)/cypress/psoc creator/4.4/psoc creator/import/gnu/arm/5.4.1/bin/../lib/gcc/arm-none-eabi/5.4.1/../../../../arm-none-eabi/lib/armv7e-m/softfp\libg_nano.a(lib_a-locale.o)
                0x0802434c                . = ALIGN (0x4)
                0x0802434c                PROVIDE (__preinit_array_start, .)
 *(.preinit_array)
                0x0802434c                PROVIDE (__preinit_array_end, .)
                0x0802434c                . = ALIGN (0x4)
                0x0802434c                PROVIDE (__init_array_start, .)
 *(SORT(.init_array.*))
 *(.init_array)
 .init_array    0x0802434c        0x4 c:/program files (x86)/cypress/psoc creator/4.4/psoc creator/import/gnu/arm/5.4.1/bin/../lib/gcc/arm-none-eabi/5.4.1/armv7e-m/softfp/crtbegin.o
                0x08024350                PROVIDE (__init_array_end, .)
                0x08024350                . = ALIGN (0x4)
                [!provide]                PROVIDE (__fini_array_start, .)
 *(SORT(.fini_array.*))
 *(.fini_array)
 .fini_array    0x08024350        0x4 c:/program files (x86)/cypress/psoc creator/4.4/psoc creator/import/gnu/arm/5.4.1/bin/../lib/gcc/arm-none-eabi/5.4.1/armv7e-m/softfp/crtbegin.o
                [!provide]                PROVIDE (__fini_array_end, .)
 *(.jcr*)
 .jcr           0x08024354        0x0 c:/program files (x86)/cypress/psoc creator/4.4/psoc creator/import/gnu/arm/5.4.1/bin/../lib/gcc/arm-none-eabi/5.4.1/armv7e-m/softfp/crtbegin.o
 .jcr           0x08024354        0x4 c:/program files (x86)/cypress/psoc creator/4.4/psoc creator/import/gnu/arm/5.4.1/bin/../lib/gcc/arm-none-eabi/5.4.1/armv7e-m/softfp/crtend.o
                0x08024358                . = ALIGN (0x4)
 *(.cy_ramfunc*)
 .cy_ramfunc    0x08024358      0x300 .\CortexM4\ARM_GCC_541\Debug\cy_flash.o
                0x080243c4                Cy_Flash_ResumeIrqHandler
 .cy_ramfunc    0x08024658      0x218 .\CortexM4\ARM_GCC_541\Debug\cy_syspm.o
 .cy_ramfunc.__stub
                0x08024870       0x80 linker stubs
                0x080248f0                . = ALIGN (0x4)
                0x080248f0                __data_end__ = .

.igot.plt       0x080248f0        0x0 load address 0x1008a384
 .igot.plt      0x080248f0        0x0 c:/program files (x86)/cypress/psoc creator/4.4/psoc creator/import/gnu/arm/5.4.1/bin/../lib/gcc/arm-none-eabi/5.4.1/armv7e-m/softfp/crtbegin.o

.noinit         0x080248f0       0x94 load address 0x1008a388
 *(.noinit)
 .noinit        0x080248f0       0x94 .\CortexM4\ARM_GCC_541\Debug\cy_syslib.o
                0x080248f0                cy_assertFileName
                0x08024908                cy_assertLine
                0x0802490c                cy_faultFrame

.bss            0x08024984     0x2db0 load address 0x1008a41c
                0x08024984                . = ALIGN (0x4)
                0x08024984                __bss_start__ = .
 *(.bss*)
 .bss           0x08024984       0x1c c:/program files (x86)/cypress/psoc creator/4.4/psoc creator/import/gnu/arm/5.4.1/bin/../lib/gcc/arm-none-eabi/5.4.1/armv7e-m/softfp/crtbegin.o
 .bss           0x080249a0        0x1 .\CortexM4\ARM_GCC_541\Debug\motion_task.o
 *fill*         0x080249a1        0x3 
 .bss           0x080249a4      0x180 .\CortexM4\ARM_GCC_541\Debug\system_psoc6_cm4.o
 .bss           0x08024b24       0x10 .\CortexM4\ARM_GCC_541\Debug\i2cm_support.o
 .bss           0x08024b34        0x1 .\CortexM4\ARM_GCC_541\Debug\DEBUG_UART.o
                0x08024b34                DEBUG_UART_initVar
 .bss           0x08024b35        0x1 .\CortexM4\ARM_GCC_541\Debug\I2Cm.o
                0x08024b35                I2Cm_initVar
 *fill*         0x08024b36        0x2 
 .bss           0x08024b38       0x18 .\CortexM4\ARM_GCC_541\Debug\cy_flash.o
 .bss           0x08024b50        0xc .\CortexM4\ARM_GCC_541\Debug\cy_ipc_sema.o
 .bss           0x08024b5c        0x4 .\CortexM4\ARM_GCC_541\Debug\cy_ipc_pipe.o
 .bss           0x08024b60       0x3c .\CortexM4\ARM_GCC_541\Debug\cy_syspm.o
 .bss           0x08024b9c      0x230 .\CortexM4\ARM_GCC_541\Debug\tasks.o
                0x08024da0                pxCurrentTCB
 .bss           0x08024dcc       0x3c .\CortexM4\ARM_GCC_541\Debug\timers.o
 .bss           0x08024e08        0x8 .\CortexM4\ARM_GCC_541\Debug\port.o
 .bss           0x08024e10     0x2808 .\CortexM4\ARM_GCC_541\Debug\heap_1.o
 .bss.__malloc_sbrk_start
                0x08027618        0x4 c:/program files (x86)/cypress/psoc creator/4.4/psoc creator/import/gnu/arm/5.4.1/bin/../lib/gcc/arm-none-eabi/5.4.1/../../../../arm-none-eabi/lib/armv7e-m/softfp\libg_nano.a(lib_a-nano-mallocr.o)
                0x08027618                __malloc_sbrk_start
 .bss.__malloc_free_list
                0x0802761c        0x4 c:/program files (x86)/cypress/psoc creator/4.4/psoc creator/import/gnu/arm/5.4.1/bin/../lib/gcc/arm-none-eabi/5.4.1/../../../../arm-none-eabi/lib/armv7e-m/softfp\libg_nano.a(lib_a-nano-mallocr.o)
                0x0802761c                __malloc_free_list
 .bss.heap_end.4169
                0x08027620        0x4 c:/program files (x86)/cypress/psoc creator/4.4/psoc creator/import/gnu/arm/5.4.1/bin/../lib/gcc/arm-none-eabi/5.4.1/../../../../arm-none-eabi/lib/armv7e-m/softfp\libnosys.a(sbrk.o)
 *(COMMON)
 COMMON         0x08027624       0x2c .\CortexM4\ARM_GCC_541\Debug\motion_task.o
                0x08027624                sensor
                0x0802764c                xTaskHandleMotion
 COMMON         0x08027650        0x4 .\CortexM4\ARM_GCC_541\Debug\uart_debug.o
                0x08027650                debugMessageQ
 COMMON         0x08027654        0x4 .\CortexM4\ARM_GCC_541\Debug\i2cm_support.o
                0x08027654                xSemaphoreI2C
 COMMON         0x08027658       0x38 .\CortexM4\ARM_GCC_541\Debug\DEBUG_UART.o
                0x08027658                DEBUG_UART_context
 COMMON         0x08027690       0x4c .\CortexM4\ARM_GCC_541\Debug\I2Cm.o
                0x08027690                I2Cm_context
 COMMON         0x080276dc        0x4 .\CortexM4\ARM_GCC_541\Debug\cy_device.o
                0x080276dc                cy_device
 COMMON         0x080276e0       0x50 .\CortexM4\ARM_GCC_541\Debug\queue.o
                0x080276e0                xQueueRegistry
 COMMON         0x08027730        0x4 c:/program files (x86)/cypress/psoc creator/4.4/psoc creator/import/gnu/arm/5.4.1/bin/../lib/gcc/arm-none-eabi/5.4.1/../../../../arm-none-eabi/lib/armv7e-m/softfp\libg_nano.a(lib_a-reent.o)
                0x08027730                errno
                0x08027734                . = ALIGN (0x4)
                0x08027734                __bss_end__ = .

.heap           0x08027738      0x400
                0x08027738                __HeapBase = .
                0x08027738                __end__ = .
                0x08027738                end = __end__
 *(.heap*)
 .heap          0x08027738      0x400 .\CortexM4\ARM_GCC_541\Debug\startup_psoc6_01_cm4.o
                0x08027b38                __HeapLimit = .

.stack_dummy    0x08027738     0x1000
 *(.stack*)
 .stack         0x08027738     0x1000 .\CortexM4\ARM_GCC_541\Debug\startup_psoc6_01_cm4.o
                0x08047800                __StackTop = (ORIGIN (ram) + LENGTH (ram))
                0x08046800                __StackLimit = (__StackTop - SIZEOF (.stack_dummy))
                0x08047800                PROVIDE (__stack, __StackTop)
                0x00000001                ASSERT ((__StackLimit >= __HeapLimit), region RAM overflowed with stack)

.cy_app_signature
 *(.cy_app_signature)

.cy_em_eeprom
 *(.cy_em_eeprom)

.cy_sflash_user_data
 *(.cy_sflash_user_data)

.cy_sflash_nar
 *(.cy_sflash_nar)

.cy_sflash_public_key
 *(.cy_sflash_public_key)

.cy_toc_part2
 *(.cy_toc_part2)

.cy_rtoc_part2
 *(.cy_rtoc_part2)

.cy_xip
 *(.cy_xip)

.cy_efuse
 *(.cy_efuse)

.cymeta         0x90500000        0xc
 *(.cymeta)
 .cymeta        0x90500000        0xc .\CortexM4\ARM_GCC_541\Debug\cymetadata.o
                0x90500000                cy_metadata
                0x10000000                __cy_memory_0_start = 0x10000000
                0x00100000                __cy_memory_0_length = 0x100000
                0x00000200                __cy_memory_0_row_size = 0x200
                0x14000000                __cy_memory_1_start = 0x14000000
                0x00008000                __cy_memory_1_length = 0x8000
                0x00000200                __cy_memory_1_row_size = 0x200
                0x16000000                __cy_memory_2_start = 0x16000000
                0x00008000                __cy_memory_2_length = 0x8000
                0x00000200                __cy_memory_2_row_size = 0x200
                0x18000000                __cy_memory_3_start = 0x18000000
                0x08000000                __cy_memory_3_length = 0x8000000
                0x00000200                __cy_memory_3_row_size = 0x200
                0x90700000                __cy_memory_4_start = 0x90700000
                0x00100000                __cy_memory_4_length = 0x100000
                0x00000001                __cy_memory_4_row_size = 0x1
OUTPUT(C:\Users\Mathieu\OneDrive\Desktop\Projet2\PSoC6_Interfacing_BMI160(I2C)_FreeRTOS01.cydsn\CortexM4\ARM_GCC_541\Debug\PSoC6_Interfacing_BMI160(I2C)_FreeRTOS01_link.elf elf32-littlearm)

.rel.dyn        0x08027734        0x0 load address 0x98565aa4
 .rel.iplt      0x08027734        0x0 c:/program files (x86)/cypress/psoc creator/4.4/psoc creator/import/gnu/arm/5.4.1/bin/../lib/gcc/arm-none-eabi/5.4.1/armv7e-m/softfp/crtbegin.o

.ARM.attributes
                0x00000000       0x2e
 .ARM.attributes
                0x00000000       0x22 c:/program files (x86)/cypress/psoc creator/4.4/psoc creator/import/gnu/arm/5.4.1/bin/../lib/gcc/arm-none-eabi/5.4.1/armv7e-m/softfp/crti.o
 .ARM.attributes
                0x00000022       0x32 c:/program files (x86)/cypress/psoc creator/4.4/psoc creator/import/gnu/arm/5.4.1/bin/../lib/gcc/arm-none-eabi/5.4.1/armv7e-m/softfp/crtbegin.o
 .ARM.attributes
                0x00000054       0x37 .\CortexM4\ARM_GCC_541\Debug\motion_task.o
 .ARM.attributes
                0x0000008b       0x37 .\CortexM4\ARM_GCC_541\Debug\uart_debug.o
 .ARM.attributes
                0x000000c2       0x1f .\CortexM4\ARM_GCC_541\Debug\startup_psoc6_01_cm4.o
 .ARM.attributes
                0x000000e1       0x37 .\CortexM4\ARM_GCC_541\Debug\main_cm4.o
 .ARM.attributes
                0x00000118       0x37 .\CortexM4\ARM_GCC_541\Debug\system_psoc6_cm4.o
 .ARM.attributes
                0x0000014f       0x37 .\CortexM4\ARM_GCC_541\Debug\bmi160.o
 .ARM.attributes
                0x00000186       0x37 .\CortexM4\ARM_GCC_541\Debug\i2cm_support.o
 .ARM.attributes
                0x000001bd       0x37 .\CortexM4\ARM_GCC_541\Debug\stdio_user.o
 .ARM.attributes
                0x000001f4       0x37 .\CortexM4\ARM_GCC_541\Debug\cyfitter_sysint_cfg.o
 .ARM.attributes
                0x0000022b       0x37 .\CortexM4\ARM_GCC_541\Debug\cymetadata.o
 .ARM.attributes
                0x00000262       0x37 .\CortexM4\ARM_GCC_541\Debug\DEBUG_UART.o
 .ARM.attributes
                0x00000299       0x37 .\CortexM4\ARM_GCC_541\Debug\I2Cm.o
 .ARM.attributes
                0x000002d0       0x37 .\CortexM4\ARM_GCC_541\Debug\cy_flash.o
 .ARM.attributes
                0x00000307       0x37 .\CortexM4\ARM_GCC_541\Debug\cy_ipc_drv.o
 .ARM.attributes